<html>
<body>
<pre>
<h1>µVision Build Log</h1>
<h2>Project:</h2>
C:\Users\oland\OneDrive - The University of Texas at Austin\Documents\UT\Spring2018\EE445M_Realtime_OS\EE445M\Lab5_Process Loading and Management\Lab5_Proc\Proc.uvproj
Project File Date:  04/02/2018

<h2>Output:</h2>
Rebuild target 'Proc'
assembling startup.s...
compiling Proc.c...
assembling osasm.s...
assembling Display.s...
linking...
Program Size: Code=552 RO-data=0 RW-data=8 ZI-data=96  
".\Proc.axf" - 0 Error(s), 0 Warning(s).
</pre>
</body>
</html>
