<html>
<body>
<pre>
<h1>µVision Build Log</h1>
<h2>Project:</h2>
C:\Users\oland\OneDrive - The University of Texas at Austin\Documents\UT\Spring2018\EE445M_Realtime_OS\Labs\Lab2_RTOS Kernel\Lab 2_RTOS Kernel.uvproj
Project File Date:  02/06/2018

<h2>Output:</h2>
Rebuild target 'Lab 2 RTOS Kernel'
assembling startup_TM4C123.s...
compiling os.c...
compiling Lab2.c...
assembling OSasm.s...
assembling cr4_fft_64_stm32.s...
assembling PID_stm32.s...
compiling ADC.c...
compiling Interpreter.c...
compiling PLL.c...
compiling ST7735.c...
compiling UART.c...
linking...
Program Size: Code=2364 RO-data=32 RW-data=172 ZI-data=2764  
".\Lab 2_RTOS Kernel.axf" - 0 Error(s), 0 Warning(s).
</pre>
</body>
</html>
eDrive - The University of Texas at Austin\\Documents\\UT\\Spring2018\\EE445M_Realtime_OS\\Labs\\Lab2_RTOS Kernel\\Lab 2_RTOS Kernel.axf" 
Connecting: Mode=JTAG, Speed=1000000Hz
Erase Done.
Programming Done.
Verify OK.
 lab2.o).
.\Lab 2_RTOS Kernel.axf: Error: L6218E: Undefined symbol UART_OutString (referred from lab2.o).
.\Lab 2_RTOS Kernel.axf: Error: L6218E: Undefined symbol UART_OutUDec (referred from lab2.o).
.\Lab 2_RTOS Kernel.axf: Error: L6218E: Undefined symbol cr4_fft_64_stm32 (referred from lab2.o).
Not enough information to list image symbols.
Finished: 1 information, 0 warning and 9 error messages.
".\Lab 2_RTOS Kernel.axf" - 9 Error(s), 0 Warning(s).
Target not created
