ARM Linker, 5.03 [Build 76] [MDK-ARM Professional]

==============================================================================

Section Cross References

    startup_tm4c123.o(STACK) refers (Special) to heapauxi.o(.text) for __use_two_region_memory
    startup_tm4c123.o(HEAP) refers (Special) to heapauxi.o(.text) for __use_two_region_memory
    startup_tm4c123.o(RESET) refers (Special) to heapauxi.o(.text) for __use_two_region_memory
    startup_tm4c123.o(RESET) refers to startup_tm4c123.o(STACK) for StackMem
    startup_tm4c123.o(RESET) refers to osasm.o(.text) for PendSV_Handler
    startup_tm4c123.o(RESET) refers to os.o(i.SysTick_Handler) for SysTick_Handler
    startup_tm4c123.o(RESET) refers to uart.o(i.UART0_Handler) for UART0_Handler
    startup_tm4c123.o(RESET) refers to adc.o(i.ADC0Seq3_Handler) for ADC0Seq3_Handler
    startup_tm4c123.o(RESET) refers to __main.o(!!!main) for __main
    startup_tm4c123.o(.text) refers (Special) to heapauxi.o(.text) for __use_two_region_memory
    startup_tm4c123.o(.text) refers to startup_tm4c123.o(HEAP) for HeapMem
    startup_tm4c123.o(.text) refers to startup_tm4c123.o(STACK) for StackMem
    os.o(i.OS_AddThread) refers to startup_tm4c123.o(.text) for StartCritical
    os.o(i.OS_AddThread) refers to os.o(i.SetInitialStack) for SetInitialStack
    os.o(i.OS_AddThread) refers to os.o(.data) for NumThreads
    os.o(i.OS_AddThread) refers to os.o(.bss) for Stacks
    os.o(i.OS_Init) refers to osasm.o(.text) for OS_DisableInterrupts
    os.o(i.OS_Init) refers to pll.o(i.PLL_Init) for PLL_Init
    os.o(i.OS_Launch) refers to osasm.o(.text) for StartOS
    os.o(i.SetInitialStack) refers to os.o(.bss) for Stacks
    lab2.o(i.BackgroundThread1c) refers to os.o(i.OS_Signal) for OS_Signal
    lab2.o(i.BackgroundThread1c) refers to lab2.o(.data) for Count1
    lab2.o(i.BackgroundThread1d) refers to os.o(i.OS_bSignal) for OS_bSignal
    lab2.o(i.BackgroundThread1d) refers to lab2.o(.data) for i
    lab2.o(i.BackgroundThread5c) refers to os.o(i.OS_AddThread) for OS_AddThread
    lab2.o(i.BackgroundThread5c) refers to lab2.o(i.Thread4c) for Thread4c
    lab2.o(i.BackgroundThread5c) refers to lab2.o(.data) for NumCreated
    lab2.o(i.BackgroundThread5d) refers to os.o(i.OS_AddThread) for OS_AddThread
    lab2.o(i.BackgroundThread5d) refers to lab2.o(i.Thread4d) for Thread4d
    lab2.o(i.BackgroundThread5d) refers to lab2.o(.data) for NumCreated
    lab2.o(i.BackgroundThread8Producer) refers to os.o(i.OS_Fifo_Put) for OS_Fifo_Put
    lab2.o(i.BackgroundThread8Producer) refers to lab2.o(.data) for Count1
    lab2.o(i.ButtonWork) refers to os.o(i.OS_Id) for OS_Id
    lab2.o(i.ButtonWork) refers to st7735.o(i.ST7735_Message) for ST7735_Message
    lab2.o(i.ButtonWork) refers to os.o(i.OS_Sleep) for OS_Sleep
    lab2.o(i.ButtonWork) refers to os.o(i.OS_Kill) for OS_Kill
    lab2.o(i.ButtonWork) refers to lab2.o(.data) for NumCreated
    lab2.o(i.Consumer) refers to os.o(i.OS_Id) for OS_Id
    lab2.o(i.Consumer) refers to os.o(i.OS_AddThread) for OS_AddThread
    lab2.o(i.Consumer) refers to os.o(i.OS_Fifo_Get) for OS_Fifo_Get
    lab2.o(i.Consumer) refers to cr4_fft_64_stm32.o(.text) for cr4_fft_64_stm32
    lab2.o(i.Consumer) refers to os.o(i.OS_MailBox_Send) for OS_MailBox_Send
    lab2.o(i.Consumer) refers to os.o(i.OS_Kill) for OS_Kill
    lab2.o(i.Consumer) refers to lab2.o(i.Display) for Display
    lab2.o(i.Consumer) refers to lab2.o(.data) for NumCreated
    lab2.o(i.Consumer) refers to lab2.o(.bss) for x
    lab2.o(i.ConsumerThread8) refers to os.o(i.OS_Fifo_Get) for OS_Fifo_Get
    lab2.o(i.ConsumerThread8) refers to lab2.o(.data) for Count2
    lab2.o(i.DAS) refers to adc.o(i.ADC_In) for ADC_In
    lab2.o(i.DAS) refers to os.o(i.OS_Time) for OS_Time
    lab2.o(i.DAS) refers to lab2.o(i.Filter) for Filter
    lab2.o(i.DAS) refers to os.o(i.OS_TimeDifference) for OS_TimeDifference
    lab2.o(i.DAS) refers to lab2.o(.data) for NumSamples
    lab2.o(i.DAS) refers to lab2.o(.bss) for JitterHistogram
    lab2.o(i.Display) refers to st7735.o(i.ST7735_Message) for ST7735_Message
    lab2.o(i.Display) refers to os.o(i.OS_MailBox_Recv) for OS_MailBox_Recv
    lab2.o(i.Display) refers to os.o(i.OS_Kill) for OS_Kill
    lab2.o(i.Display) refers to lab2.o(.data) for NumSamples
    lab2.o(i.FillerThread8) refers to lab2.o(.data) for Count3
    lab2.o(i.Filter) refers to lab2.o(.data) for n
    lab2.o(i.Filter) refers to lab2.o(.bss) for x
    lab2.o(i.OutputThread) refers to uart.o(i.UART_OutString) for UART_OutString
    lab2.o(i.OutputThread) refers to os.o(i.OS_Sleep) for OS_Sleep
    lab2.o(i.OutputThread) refers to uart.o(i.UART_OutUDec) for UART_OutUDec
    lab2.o(i.OutputThread) refers to os.o(i.OS_Kill) for OS_Kill
    lab2.o(i.OutputThread) refers to lab2.o(.data) for SignalCount1
    lab2.o(i.PID) refers to os.o(i.OS_Id) for OS_Id
    lab2.o(i.PID) refers to pid_stm32.o(.text) for PID_stm32
    lab2.o(i.PID) refers to lab2.o(.data) for PIDWork
[...]
    lab2.o(i.Signal2) refers to lab2.o(.data) for SignalCount2
    lab2.o(i.Signal3) refers to os.o(i.OS_Signal) for OS_Signal
    lab2.o(i.Signal3) refers to os.o(i.OS_Kill) for OS_Kill
    lab2.o(i.Signal3) refers to lab2.o(.data) for s
    lab2.o(i.TaskA) refers to lab2.o(i.PseudoWork) for PseudoWork
    lab2.o(i.TaskA) refers to lab2.o(.data) for CountA
    lab2.o(i.TaskB) refers to lab2.o(i.PseudoWork) for PseudoWork
    lab2.o(i.TaskB) refers to lab2.o(.data) for CountB
    lab2.o(i.Testmain1) refers to os.o(i.OS_Init) for OS_Init
    lab2.o(i.Testmain1) refers to lab2.o(i.PortE_Init) for PortE_Init
    lab2.o(i.Testmain1) refers to os.o(i.OS_AddThread) for OS_AddThread
    lab2.o(i.Testmain1) refers to os.o(i.OS_Launch) for OS_Launch
    lab2.o(i.Testmain1) refers to lab2.o(.data) for NumCreated
    lab2.o(i.Testmain1) refers to lab2.o(i.Thread1) for Thread1
    lab2.o(i.Testmain1) refers to lab2.o(i.Thread2) for Thread2
    lab2.o(i.Testmain1) refers to lab2.o(i.Thread3) for Thread3
    lab2.o(i.Testmain3) refers to os.o(i.OS_Init) for OS_Init
    lab2.o(i.Testmain3) refers to os.o(i.OS_AddSW1Task) for OS_AddSW1Task
    lab2.o(i.Testmain3) refers to os.o(i.OS_AddThread) for OS_AddThread
    lab2.o(i.Testmain3) refers to os.o(i.OS_Launch) for OS_Launch
    lab2.o(i.Testmain3) refers to lab2.o(.data) for Count4
    lab2.o(i.Testmain3) refers to lab2.o(i.BackgroundThread5c) for BackgroundThread5c
    lab2.o(i.Testmain3) refers to lab2.o(i.Thread2c) for Thread2c
    lab2.o(i.Testmain3) refers to lab2.o(i.Thread3c) for Thread3c
    lab2.o(i.Testmain3) refers to lab2.o(i.Thread4c) for Thread4c
    lab2.o(i.Testmain4) refers to os.o(i.OS_Init) for OS_Init
    lab2.o(i.Testmain4) refers to os.o(i.OS_AddPeriodicThread) for OS_AddPeriodicThread
    lab2.o(i.Testmain4) refers to os.o(i.OS_AddSW1Task) for OS_AddSW1Task
    lab2.o(i.Testmain4) refers to os.o(i.OS_AddThread) for OS_AddThread
    lab2.o(i.Testmain4) refers to os.o(i.OS_Launch) for OS_Launch
    lab2.o(i.Testmain4) refers to lab2.o(.data) for Count4
    lab2.o(i.Testmain4) refers to lab2.o(i.BackgroundThread1d) for BackgroundThread1d
    lab2.o(i.Testmain4) refers to lab2.o(i.BackgroundThread5d) for BackgroundThread5d
    lab2.o(i.Testmain4) refers to lab2.o(i.Thread2d) for Thread2d
    lab2.o(i.Testmain4) refers to lab2.o(i.Thread3d) for Thread3d
    lab2.o(i.Testmain4) refers to lab2.o(i.Thread4d) for Thread4d
    lab2.o(i.Testmain5) refers to lab2.o(i.PortE_Init) for PortE_Init
    lab2.o(i.Testmain5) refers to os.o(i.OS_Init) for OS_Init
    lab2.o(i.Testmain5) refers to os.o(i.OS_AddThread) for OS_AddThread
    lab2.o(i.Testmain5) refers to os.o(i.OS_AddPeriodicThread) for OS_AddPeriodicThread
    lab2.o(i.Testmain5) refers to os.o(i.OS_Launch) for OS_Launch
    lab2.o(i.Testmain5) refers to lab2.o(.data) for NumCreated
    lab2.o(i.Testmain5) refers to lab2.o(i.Thread6) for Thread6
    lab2.o(i.Testmain5) refers to lab2.o(i.Thread7) for Thread7
    lab2.o(i.Testmain5) refers to lab2.o(i.TaskA) for TaskA
    lab2.o(i.Testmain5) refers to lab2.o(i.TaskB) for TaskB
    lab2.o(i.Testmain6) refers to os.o(i.OS_Init) for OS_Init
    lab2.o(i.Testmain6) refers to lab2.o(i.add) for add
    lab2.o(i.Testmain6) refers to lab2.o(i.PortE_Init) for PortE_Init
    lab2.o(i.Testmain6) refers to os.o(i.OS_InitSemaphore) for OS_InitSemaphore
    lab2.o(i.Testmain6) refers to os.o(i.OS_AddPeriodicThread) for OS_AddPeriodicThread
    lab2.o(i.Testmain6) refers to os.o(i.OS_AddThread) for OS_AddThread
    lab2.o(i.Testmain6) refers to os.o(i.OS_Launch) for OS_Launch
    lab2.o(i.Testmain6) refers to lab2.o(.data) for SignalCount1
    lab2.o(i.Testmain6) refers to lab2.o(i.Signal1) for Signal1
    lab2.o(i.Testmain6) refers to lab2.o(i.Signal2) for Signal2
    lab2.o(i.Testmain6) refers to lab2.o(i.Thread6) for Thread6
    lab2.o(i.Testmain6) refers to lab2.o(i.OutputThread) for OutputThread
    lab2.o(i.Testmain6) refers to lab2.o(i.Signal3) for Signal3
    lab2.o(i.Testmain6) refers to lab2.o(i.Wait1) for Wait1
    lab2.o(i.Testmain6) refers to lab2.o(i.Wait2) for Wait2
    lab2.o(i.Testmain6) refers to lab2.o(i.Wait3) for Wait3
    lab2.o(i.Testmain7) refers to lab2.o(i.PortE_Init) for PortE_Init
    lab2.o(i.Testmain7) refers to os.o(i.OS_Init) for OS_Init
    lab2.o(i.Testmain7) refers to os.o(i.OS_AddThread) for OS_AddThread
    lab2.o(i.Testmain7) refers to os.o(i.OS_Launch) for OS_Launch
    lab2.o(i.Testmain7) refers to lab2.o(.data) for NumCreated
    lab2.o(i.Testmain7) refers to lab2.o(i.Thread8) for Thread8
    lab2.o(i.Testmain8) refers to os.o(i.OS_Init) for OS_Init
    lab2.o(i.Testmain8) refers to os.o(i.OS_AddPeriodicThread) for OS_AddPeriodicThread
    lab2.o(i.Testmain8) refers to os.o(i.OS_Fifo_Init) for OS_Fifo_Init
    lab2.o(i.Testmain8) refers to os.o(i.OS_AddThread) for OS_AddThread
    lab2.o(i.Testmain8) refers to os.o(i.OS_Launch) for OS_Launch
    lab2.o(i.Testmain8) refers to lab2.o(.data) for Count1
    lab2.o(i.Testmain8) refers to lab2.o(i.BackgroundThread8Producer) for BackgroundThread8Producer
    lab2.o(i.Testmain8) refers to lab2.o(i.ConsumerThread8) for ConsumerThread8
    lab2.o(i.Testmain8) refers to lab2.o(i.FillerThread8) for FillerThread8
    lab2.o(i.Thread1) refers to os.o(i.OS_Suspend) for OS_Suspend
    lab2.o(i.Thread1) refers to lab2.o(.data) for Count1
    lab2.o(i.Thread1b) refers to lab2.o(.data) for Count1
    lab2.o(i.Thread2) refers to os.o(i.OS_Suspend) for OS_Suspend
    lab2.o(i.Thread2) refers to lab2.o(.data) for Count2
    lab2.o(i.Thread2b) refers to lab2.o(.data) for Count2
    lab2.o(i.Thread2c) refers to os.o(i.OS_InitSemaphore) for OS_InitSemaphore
    lab2.o(i.Thread2c) refers to os.o(i.OS_AddThread) for OS_AddThread
    lab2.o(i.Thread2c) refers to os.o(i.OS_AddPeriodicThread) for OS_AddPeriodicThread
    lab2.o(i.Thread2c) refers to os.o(i.OS_Wait) for OS_Wait
    lab2.o(i.Thread2c) refers to lab2.o(.data) for Readyc
    lab2.o(i.Thread2c) refers to lab2.o(i.Thread5c) for Thread5c
    lab2.o(i.Thread2c) refers to lab2.o(i.BackgroundThread1c) for BackgroundThread1c
    lab2.o(i.Thread2d) refers to os.o(i.OS_InitSemaphore) for OS_InitSemaphore
    lab2.o(i.Thread2d) refers to os.o(i.OS_bWait) for OS_bWait
    lab2.o(i.Thread2d) refers to lab2.o(.data) for Readyd
    lab2.o(i.Thread3) refers to os.o(i.OS_Suspend) for OS_Suspend
    lab2.o(i.Thread3) refers to lab2.o(.data) for Count3
    lab2.o(i.Thread3b) refers to lab2.o(.data) for Count3
    lab2.o(i.Thread3c) refers to lab2.o(.data) for Count3
    lab2.o(i.Thread3d) refers to lab2.o(.data) for Count3
    lab2.o(i.Thread4c) refers to os.o(i.OS_Sleep) for OS_Sleep
    lab2.o(i.Thread4c) refers to os.o(i.OS_Kill) for OS_Kill
    lab2.o(i.Thread4c) refers to lab2.o(.data) for Count4
    lab2.o(i.Thread4d) refers to os.o(i.OS_Sleep) for OS_Sleep
    lab2.o(i.Thread4d) refers to os.o(i.OS_Kill) for OS_Kill
    lab2.o(i.Thread4d) refers to lab2.o(.data) for Count4
    lab2.o(i.Thread5c) refers to os.o(i.OS_Wait) for OS_Wait
    lab2.o(i.Thread5c) refers to lab2.o(.data) for Readyc
    lab2.o(i.Thread6) refers to lab2.o(.data) for Count1
    lab2.o(i.Thread7) refers to uart.o(i.UART_OutString) for UART_OutString
    lab2.o(i.Thread7) refers to os.o(i.OS_Sleep) for OS_Sleep
    lab2.o(i.Thread7) refers to os.o(i.OS_Kill) for OS_Kill
    lab2.o(i.Wait1) refers to os.o(i.OS_Wait) for OS_Wait
    lab2.o(i.Wait1) refers to lab2.o(.data) for s
    lab2.o(i.Wait2) refers to os.o(i.OS_Wait) for OS_Wait
    lab2.o(i.Wait2) refers to lab2.o(.data) for s
    lab2.o(i.Wait3) refers to os.o(i.OS_Wait) for OS_Wait
    lab2.o(i.Wait3) refers to lab2.o(.data) for s
    lab2.o(i.add) refers to lab2.o(.data) for result
    lab2.o(i.main) refers to os.o(i.OS_Init) for OS_Init
    lab2.o(i.main) refers to lab2.o(i.PortE_Init) for PortE_Init
    lab2.o(i.main) refers to os.o(i.OS_AddThread) for OS_AddThread
    lab2.o(i.main) refers to os.o(i.OS_Launch) for OS_Launch
    lab2.o(i.main) refers to lab2.o(.data) for NumCreated
    lab2.o(i.main) refers to lab2.o(i.Thread1b) for Thread1b
    lab2.o(i.main) refers to lab2.o(i.Thread2b) for Thread2b
    lab2.o(i.main) refers to lab2.o(i.Thread3b) for Thread3b
    lab2.o(i.realmain) refers to os.o(i.OS_Init) for OS_Init
    lab2.o(i.realmain) refers to lab2.o(i.PortE_Init) for PortE_Init
    lab2.o(i.realmain) refers to os.o(i.OS_MailBox_Init) for OS_MailBox_Init
    lab2.o(i.realmain) refers to os.o(i.OS_Fifo_Init) for OS_Fifo_Init
    lab2.o(i.realmain) refers to os.o(i.OS_AddSW1Task) for OS_AddSW1Task
    lab2.o(i.realmain) refers to adc.o(i.ADC_Init) for ADC_Init
    lab2.o(i.realmain) refers to os.o(i.OS_AddPeriodicThread) for OS_AddPeriodicThread
    lab2.o(i.realmain) refers to os.o(i.OS_AddThread) for OS_AddThread
    lab2.o(i.realmain) refers to os.o(i.OS_Launch) for OS_Launch
    lab2.o(i.realmain) refers to lab2.o(.data) for DataLost
    lab2.o(i.realmain) refers to lab2.o(i.SW1Push) for SW1Push
    lab2.o(i.realmain) refers to lab2.o(i.DAS) for DAS
    lab2.o(i.realmain) refers to interpreter.o(i.Interpreter) for Interpreter
    lab2.o(i.realmain) refers to lab2.o(i.Consumer) for Consumer
    lab2.o(i.realmain) refers to lab2.o(i.PID) for PID
    osasm.o(.text) refers to os.o(.data) for RunPt
    pid_stm32.o(.text) refers to lab2.o(.data) for IntTerm
    adc.o(i.ADC0Seq3_Handler) refers to adc.o(.data) for ADCvalue
    adc.o(i.ADC0_InitTimer0ATriggerSeq3) refers to startup_tm4c123.o(.text) for DisableInterrupts
    adc.o(i.ADC_Collect) refers to adc.o(i.ADC_Init) for ADC_Init
    adc.o(i.ADC_Collect) refers to adc.o(i.ADC_Status) for ADC_Status
    st7735.o(i.Output_Clear) refers to st7735.o(i.ST7735_FillScreen) for ST7735_FillScreen
    st7735.o(i.Output_Color) refers to st7735.o(i.ST7735_SetTextColor) for ST7735_SetTextColor
    st7735.o(i.Output_Init) refers to st7735.o(i.ST7735_InitR) for ST7735_InitR
    st7735.o(i.Output_Init) refers to st7735.o(i.ST7735_FillScreen) for ST7735_FillScreen
    st7735.o(i.Output_Off) refers to st7735.o(i.Output_Clear) for Output_Clear
    st7735.o(i.Output_On) refers to st7735.o(i.Output_Init) for Output_Init
    st7735.o(i.ST7735_DrawBitmap) refers to st7735.o(i.setAddrWindow) for setAddrWindow
    st7735.o(i.ST7735_DrawBitmap) refers to st7735.o(i.writedata) for writedata
    st7735.o(i.ST7735_DrawBitmap) refers to st7735.o(.data) for _width
    st7735.o(i.ST7735_DrawChar) refers to st7735.o(i.setAddrWindow) for setAddrWindow
    st7735.o(i.ST7735_DrawChar) refers to st7735.o(i.pushColor) for pushColor
    st7735.o(i.ST7735_DrawChar) refers to st7735.o(.data) for _width
    st7735.o(i.ST7735_DrawChar) refers to st7735.o(.constdata) for Font
    st7735.o(i.ST7735_DrawCharS) refers to st7735.o(i.ST7735_DrawPixel) for ST7735_DrawPixel
    st7735.o(i.ST7735_DrawCharS) refers to st7735.o(i.ST7735_FillRect) for ST7735_FillRect
    st7735.o(i.ST7735_DrawCharS) refers to st7735.o(.data) for _width
    st7735.o(i.ST7735_DrawCharS) refers to st7735.o(.constdata) for Font
    st7735.o(i.ST7735_DrawFastHLine) refers to st7735.o(i.setAddrWindow) for setAddrWindow
    st7735.o(i.ST7735_DrawFastHLine) refers to st7735.o(i.writedata) for writedata
    st7735.o(i.ST7735_DrawFastHLine) refers to st7735.o(.data) for _width
    st7735.o(i.ST7735_DrawFastVLine) refers to st7735.o(i.setAddrWindow) for setAddrWindow
    st7735.o(i.ST7735_DrawFastVLine) refers to st7735.o(i.writedata) for writedata
    st7735.o(i.ST7735_DrawFastVLine) refers to st7735.o(.data) for _width
    st7735.o(i.ST7735_DrawPixel) refers to st7735.o(i.setAddrWindow) for setAddrWindow
    st7735.o(i.ST7735_DrawPixel) refers to st7735.o(i.pushColor) for pushColor
    st7735.o(i.ST7735_DrawPixel) refers to st7735.o(.data) for _width
    st7735.o(i.ST7735_DrawString) refers to st7735.o(i.ST7735_DrawCharS) for ST7735_DrawCharS
    st7735.o(i.ST7735_FillRect) refers to st7735.o(i.setAddrWindow) for setAddrWindow
    st7735.o(i.ST7735_FillRect) refers to st7735.o(i.writedata) for writedata
    st7735.o(i.ST7735_FillRect) refers to st7735.o(.data) for _width
    st7735.o(i.ST7735_FillScreen) refers to st7735.o(i.ST7735_FillRect) for ST7735_FillRect
    st7735.o(i.ST7735_FillScreen) refers to st7735.o(.data) for _height
    st7735.o(i.ST7735_InitB) refers to st7735.o(i.commonInit) for commonInit
    st7735.o(i.ST7735_InitB) refers to st7735.o(i.ST7735_SetCursor) for ST7735_SetCursor
    st7735.o(i.ST7735_InitB) refers to st7735.o(i.ST7735_FillScreen) for ST7735_FillScreen
    st7735.o(i.ST7735_InitB) refers to st7735.o(.constdata) for Bcmd
    st7735.o(i.ST7735_InitB) refers to st7735.o(.data) for StTextColor
    st7735.o(i.ST7735_InitR) refers to st7735.o(i.commonInit) for commonInit
    st7735.o(i.ST7735_InitR) refers to st7735.o(i.commandList) for commandList
    st7735.o(i.ST7735_InitR) refers to st7735.o(i.writecommand) for writecommand
    st7735.o(i.ST7735_InitR) refers to st7735.o(i.writedata) for writedata
    st7735.o(i.ST7735_InitR) refers to st7735.o(i.ST7735_SetCursor) for ST7735_SetCursor
    st7735.o(i.ST7735_InitR) refers to st7735.o(i.ST7735_FillScreen) for ST7735_FillScreen
    st7735.o(i.ST7735_InitR) refers to st7735.o(.constdata) for Rcmd1
    st7735.o(i.ST7735_InitR) refers to st7735.o(.data) for ColStart
    st7735.o(i.ST7735_InvertDisplay) refers to st7735.o(i.writecommand) for writecommand
    st7735.o(i.ST7735_Message) refers to st7735.o(i.ST7735_SetCursor) for ST7735_SetCursor
    st7735.o(i.ST7735_Message) refers to st7735.o(i.ST7735_FillRect) for ST7735_FillRect
    st7735.o(i.ST7735_Message) refers to st7735.o(i.ST7735_OutString) for ST7735_OutString
    st7735.o(i.ST7735_Message) refers to uart.o(i.OutCRLF) for OutCRLF
    st7735.o(i.ST7735_Message) refers to uart.o(i.UART_OutString) for UART_OutString
    st7735.o(i.ST7735_OutChar) refers to st7735.o(i.ST7735_DrawString) for ST7735_DrawString
    st7735.o(i.ST7735_OutChar) refers to st7735.o(i.ST7735_DrawCharS) for ST7735_DrawCharS
    st7735.o(i.ST7735_OutChar) refers to st7735.o(.data) for StY
    st7735.o(i.ST7735_OutString) refers to st7735.o(i.ST7735_OutChar) for ST7735_OutChar
    st7735.o(i.ST7735_OutUDec) refers to st7735.o(i.fillmessage) for fillmessage
    st7735.o(i.ST7735_OutUDec) refers to st7735.o(i.ST7735_DrawString) for ST7735_DrawString
    st7735.o(i.ST7735_OutUDec) refers to st7735.o(i.ST7735_DrawCharS) for ST7735_DrawCharS
    st7735.o(i.ST7735_OutUDec) refers to st7735.o(.data) for Messageindex
    st7735.o(i.ST7735_OutUDec) refers to st7735.o(.bss) for Message
    st7735.o(i.ST7735_PlotBar) refers to st7735.o(i.ST7735_DrawFastVLine) for ST7735_DrawFastVLine
    st7735.o(i.ST7735_PlotBar) refers to st7735.o(.data) for Ymin
    st7735.o(i.ST7735_PlotClear) refers to st7735.o(i.ST7735_Color565) for ST7735_Color565
    st7735.o(i.ST7735_PlotClear) refers to st7735.o(i.ST7735_FillRect) for ST7735_FillRect
    st7735.o(i.ST7735_PlotClear) refers to st7735.o(.data) for Ymax
    st7735.o(i.ST7735_PlotLine) refers to st7735.o(i.ST7735_DrawPixel) for ST7735_DrawPixel
    st7735.o(i.ST7735_PlotLine) refers to st7735.o(.data) for Ymin
    st7735.o(i.ST7735_PlotNext) refers to st7735.o(.data) for X
    st7735.o(i.ST7735_PlotNextErase) refers to st7735.o(i.ST7735_Color565) for ST7735_Color565
    st7735.o(i.ST7735_PlotNextErase) refers to st7735.o(i.ST7735_DrawFastVLine) for ST7735_DrawFastVLine
    st7735.o(i.ST7735_PlotNextErase) refers to st7735.o(.data) for X
    st7735.o(i.ST7735_PlotPoint) refers to st7735.o(i.ST7735_DrawPixel) for ST7735_DrawPixel
    st7735.o(i.ST7735_PlotPoint) refers to st7735.o(.data) for Ymin
    st7735.o(i.ST7735_PlotPoints) refers to st7735.o(i.ST7735_DrawPixel) for ST7735_DrawPixel
    st7735.o(i.ST7735_PlotPoints) refers to st7735.o(.data) for Ymin
    st7735.o(i.ST7735_PlotdBfs) refers to st7735.o(i.ST7735_DrawFastVLine) for ST7735_DrawFastVLine
    st7735.o(i.ST7735_PlotdBfs) refers to st7735.o(.constdata) for dBfs
    st7735.o(i.ST7735_PlotdBfs) refers to st7735.o(.data) for X
    st7735.o(i.ST7735_SetCursor) refers to st7735.o(.data) for StX
    st7735.o(i.ST7735_SetRotation) refers to st7735.o(i.writecommand) for writecommand
    st7735.o(i.ST7735_SetRotation) refers to st7735.o(i.writedata) for writedata
    st7735.o(i.ST7735_SetRotation) refers to st7735.o(.data) for Rotation
    st7735.o(i.ST7735_SetTextColor) refers to st7735.o(.data) for StTextColor
    st7735.o(i.commandList) refers to st7735.o(i.writecommand) for writecommand
    st7735.o(i.commandList) refers to st7735.o(i.writedata) for writedata
    st7735.o(i.commandList) refers to st7735.o(i.Delay1ms) for Delay1ms
    st7735.o(i.commonInit) refers to st7735.o(i.Delay1ms) for Delay1ms
    st7735.o(i.commonInit) refers to st7735.o(i.commandList) for commandList
    st7735.o(i.commonInit) refers to st7735.o(.data) for RowStart
    st7735.o(i.fillmessage) refers to st7735.o(.bss) for Message
    st7735.o(i.fillmessage) refers to st7735.o(.data) for Messageindex
    st7735.o(i.fputc) refers to st7735.o(i.ST7735_OutChar) for ST7735_OutChar
    st7735.o(i.pushColor) refers to st7735.o(i.writedata) for writedata
    st7735.o(i.setAddrWindow) refers to st7735.o(i.writecommand) for writecommand
    st7735.o(i.setAddrWindow) refers to st7735.o(i.writedata) for writedata
    st7735.o(i.setAddrWindow) refers to st7735.o(.data) for ColStart
    uart.o(i.OutCRLF) refers to uart.o(i.UART_OutChar) for UART_OutChar
    uart.o(i.RxFifo_Get) refers to uart.o(.data) for RxPutI
    uart.o(i.RxFifo_Get) refers to uart.o(.bss) for RxFifo
    uart.o(i.RxFifo_Init) refers to startup_tm4c123.o(.text) for StartCritical
    uart.o(i.RxFifo_Init) refers to uart.o(.data) for RxGetI
    uart.o(i.RxFifo_Put) refers to uart.o(.data) for RxPutI
    uart.o(i.RxFifo_Put) refers to uart.o(.bss) for RxFifo
    uart.o(i.RxFifo_Size) refers to uart.o(.data) for RxPutI
    uart.o(i.TxFifo_Get) refers to uart.o(.data) for TxPutI
    uart.o(i.TxFifo_Get) refers to uart.o(.bss) for TxFifo
    uart.o(i.TxFifo_Init) refers to startup_tm4c123.o(.text) for StartCritical
    uart.o(i.TxFifo_Init) refers to uart.o(.data) for TxGetI
    uart.o(i.TxFifo_Put) refers to uart.o(.data) for TxPutI
    uart.o(i.TxFifo_Put) refers to uart.o(.bss) for TxFifo
    uart.o(i.TxFifo_Size) refers to uart.o(.data) for TxPutI
    uart.o(i.UART0_Handler) refers to uart.o(i.copySoftwareToHardware) for copySoftwareToHardware
    uart.o(i.UART0_Handler) refers to uart.o(i.TxFifo_Size) for TxFifo_Size
    uart.o(i.UART0_Handler) refers to uart.o(i.copyHardwareToSoftware) for copyHardwareToSoftware
    uart.o(i.UART_InChar) refers to uart.o(i.RxFifo_Get) for RxFifo_Get
    uart.o(i.UART_InString) refers to uart.o(i.UART_InChar) for UART_InChar
    uart.o(i.UART_InString) refers to uart.o(i.UART_OutChar) for UART_OutChar
    uart.o(i.UART_InUDec) refers to uart.o(i.UART_InChar) for UART_InChar
    uart.o(i.UART_InUDec) refers to uart.o(i.UART_OutChar) for UART_OutChar
    uart.o(i.UART_InUHex) refers to uart.o(i.UART_InChar) for UART_InChar
    uart.o(i.UART_InUHex) refers to uart.o(i.UART_OutChar) for UART_OutChar
    uart.o(i.UART_Init) refers to uart.o(i.RxFifo_Init) for RxFifo_Init
    uart.o(i.UART_Init) refers to uart.o(i.TxFifo_Init) for TxFifo_Init
    uart.o(i.UART_Init) refers to startup_tm4c123.o(.text) for EnableInterrupts
    uart.o(i.UART_OutChar) refers to uart.o(i.TxFifo_Put) for TxFifo_Put
    uart.o(i.UART_OutChar) refers to uart.o(i.copySoftwareToHardware) for copySoftwareToHardware
    uart.o(i.UART_OutString) refers to uart.o(i.UART_OutChar) for UART_OutChar
    uart.o(i.UART_OutUDec) refers to uart.o(i.UART_OutChar) for UART_OutChar
    uart.o(i.UART_OutUHex) refers to uart.o(i.UART_OutChar) for UART_OutChar
    uart.o(i.copyHardwareToSoftware) refers to uart.o(i.RxFifo_Put) for RxFifo_Put
    uart.o(i.copyHardwareToSoftware) refers to uart.o(i.RxFifo_Size) for RxFifo_Size
    uart.o(i.copySoftwareToHardware) refers to uart.o(i.TxFifo_Get) for TxFifo_Get
    uart.o(i.copySoftwareToHardware) refers to uart.o(i.TxFifo_Size) for TxFifo_Size
    __main.o(!!!main) refers to rtentry.o(.ARM.Collect$$rtentry$$00000000) for __rt_entry
    rtentry.o(.ARM.Collect$$rtentry$$00000000) refers (Special) to rtentry2.o(.ARM.Collect$$rtentry$$0000000A) for __rt_entry_li
    rtentry.o(.ARM.Collect$$rtentry$$00000000) refers (Special) to rtentry2.o(.ARM.Collect$$rtentry$$0000000D) for __rt_entry_main
    rtentry.o(.ARM.Collect$$rtentry$$00000000) refers (Special) to rtentry2.o(.ARM.Collect$$rtentry$$0000000C) for __rt_entry_postli_1
    rtentry.o(.ARM.Collect$$rtentry$$00000000) refers (Special) to rtentry2.o(.ARM.Collect$$rtentry$$00000009) for __rt_entry_postsh_1
    rtentry.o(.ARM.Collect$$rtentry$$00000000) refers (Special) to rtentry2.o(.ARM.Collect$$rtentry$$00000002) for __rt_entry_presh_1
    rtentry.o(.ARM.Collect$$rtentry$$00000000) refers (Special) to rtentry4.o(.ARM.Collect$$rtentry$$00000004) for __rt_entry_sh
    rtentry2.o(.ARM.Collect$$rtentry$$00000008) refers to boardinit2.o(.text) for _platform_post_stackheap_init
    rtentry2.o(.ARM.Collect$$rtentry$$0000000A) refers to libinit.o(.ARM.Collect$$libinit$$00000000) for __rt_lib_init
    rtentry2.o(.ARM.Collect$$rtentry$$0000000B) refers to boardinit3.o(.text) for _platform_post_lib_init
    rtentry2.o(.ARM.Collect$$rtentry$$0000000D) refers to lab2.o(i.main) for main
    rtentry2.o(.ARM.Collect$$rtentry$$0000000D) refers to exit.o(.text) for exit
    rtentry2.o(.ARM.exidx) refers to rtentry2.o(.ARM.Collect$$rtentry$$00000001) for .ARM.Collect$$rtentry$$00000001
    rtentry2.o(.ARM.exidx) refers to rtentry2.o(.ARM.Collect$$rtentry$$00000008) for .ARM.Collect$$rtentry$$00000008
    rtentry2.o(.ARM.exidx) refers to rtentry2.o(.ARM.Collect$$rtentry$$0000000A) for .ARM.Collect$$rtentry$$0000000A
    rtentry2.o(.ARM.exidx) refers to rtentry2.o(.ARM.Collect$$rtentry$$0000000B) for .ARM.Collect$$rtentry$$0000000B
    rtentry2.o(.ARM.exidx) refers to rtentry2.o(.ARM.Collect$$rtentry$$0000000D) for .ARM.Collect$$rtentry$$0000000D
    rtentry4.o(.ARM.Collect$$rtentry$$00000004) refers to sys_stackheap_outer.o(.text) for __user_setup_stackheap
    rtentry4.o(.ARM.exidx) refers to rtentry4.o(.ARM.Collect$$rtentry$$00000004) for .ARM.Collect$$rtentry$$00000004
    sys_stackheap_outer.o(.text) refers to libspace.o(.text) for __user_perproc_libspace
    sys_stackheap_outer.o(.text) refers to startup_tm4c123.o(.text) for __user_initial_stackheap
    exit.o(.text) refers to rtexit.o(.ARM.Collect$$rtexit$$00000000) for __rt_exit
    libinit.o(.ARM.Collect$$libinit$$00000000) refers (Special) to libinit2.o(.ARM.Collect$$libinit$$0000002C) for __rt_lib_init_alloca_1
    libinit.o(.ARM.Collect$$libinit$$00000000) refers (Special) to libinit2.o(.ARM.Collect$$libinit$$0000002A) for __rt_lib_init_argv_1
    libinit.o(.ARM.Collect$$libinit$$00000000) refers (Special) to libinit2.o(.ARM.Collect$$libinit$$00000019) for __rt_lib_init_atexit_1
    libinit.o(.ARM.Collect$$libinit$$00000000) refers (Special) to libinit2.o(.ARM.Collect$$libinit$$0000001F) for __rt_lib_init_clock_1
    libinit.o(.ARM.Collect$$libinit$$00000000) refers (Special) to libinit2.o(.ARM.Collect$$libinit$$00000030) for __rt_lib_init_cpp_1
    libinit.o(.ARM.Collect$$libinit$$00000000) refers (Special) to libinit2.o(.ARM.Collect$$libinit$$0000002E) for __rt_lib_init_exceptions_1
    libinit.o(.ARM.Collect$$libinit$$00000000) refers (Special) to libinit2.o(.ARM.Collect$$libinit$$00000002) for __rt_lib_init_fp_1
    libinit.o(.ARM.Collect$$libinit$$00000000) refers (Special) to libinit2.o(.ARM.Collect$$libinit$$0000001D) for __rt_lib_init_fp_trap_1
    libinit.o(.ARM.Collect$$libinit$$00000000) refers (Special) to libinit2.o(.ARM.Collect$$libinit$$00000021) for __rt_lib_init_getenv_1
    libinit.o(.ARM.Collect$$libinit$$00000000) refers (Special) to libinit2.o(.ARM.Collect$$libinit$$00000008) for __rt_lib_init_heap_1
    libinit.o(.ARM.Collect$$libinit$$00000000) refers (Special) to libinit2.o(.ARM.Collect$$libinit$$0000000F) for __rt_lib_init_lc_collate_1
    libinit.o(.ARM.Collect$$libinit$$00000000) refers (Special) to libinit2.o(.ARM.Collect$$libinit$$00000011) for __rt_lib_init_lc_ctype_1
    libinit.o(.ARM.Collect$$libinit$$00000000) refers (Special) to libinit2.o(.ARM.Collect$$libinit$$00000013) for __rt_lib_init_lc_monetary_1
    libinit.o(.ARM.Collect$$libinit$$00000000) refers (Special) to libinit2.o(.ARM.Collect$$libinit$$00000015) for __rt_lib_init_lc_numeric_1
    libinit.o(.ARM.Collect$$libinit$$00000000) refers (Special) to libinit2.o(.ARM.Collect$$libinit$$00000017) for __rt_lib_init_lc_time_1
    libinit.o(.ARM.Collect$$libinit$$00000000) refers (Special) to libinit2.o(.ARM.Collect$$libinit$$0000000C) for __rt_lib_init_rand_1
    libinit.o(.ARM.Collect$$libinit$$00000000) refers (Special) to libinit2.o(.ARM.Collect$$libinit$$00000031) for __rt_lib_init_return
    libinit.o(.ARM.Collect$$libinit$$00000000) refers (Special) to libinit2.o(.ARM.Collect$$libinit$$0000001B) for __rt_lib_init_signal_1
    libinit.o(.ARM.Collect$$libinit$$00000000) refers (Special) to libinit2.o(.ARM.Collect$$libinit$$00000023) for __rt_lib_init_stdio_1
    libinit.o(.ARM.Collect$$libinit$$00000000) refers (Special) to libinit2.o(.ARM.Collect$$libinit$$0000000A) for __rt_lib_init_user_alloc_1
    libspace.o(.text) refers to libspace.o(.bss) for __libspace_start
    rtexit.o(.ARM.Collect$$rtexit$$00000000) refers (Special) to rtexit2.o(.ARM.Collect$$rtexit$$00000004) for __rt_exit_exit
    rtexit.o(.ARM.Collect$$rtexit$$00000000) refers (Special) to rtexit2.o(.ARM.Collect$$rtexit$$00000003) for __rt_exit_ls
    rtexit.o(.ARM.Collect$$rtexit$$00000000) refers (Special) to rtexit2.o(.ARM.Collect$$rtexit$$00000002) for __rt_exit_prels_1
    rtexit.o(.ARM.exidx) refers (Special) to rtexit2.o(.ARM.Collect$$rtexit$$00000004) for __rt_exit_exit
    rtexit.o(.ARM.exidx) refers (Special) to rtexit2.o(.ARM.Collect$$rtexit$$00000003) for __rt_exit_ls
    rtexit.o(.ARM.exidx) refers (Special) to rtexit2.o(.ARM.Collect$$rtexit$$00000002) for __rt_exit_prels_1
    rtexit.o(.ARM.exidx) refers to rtexit.o(.ARM.Collect$$rtexit$$00000000) for .ARM.Collect$$rtexit$$00000000
    libinit2.o(.ARM.Collect$$libinit$$0000000E) refers to libinit2.o(.ARM.Collect$$libinit$$0000000D) for .ARM.Collect$$libinit$$0000000D
    libinit2.o(.ARM.Collect$$libinit$$00000010) refers to libinit2.o(.ARM.Collect$$libinit$$0000000D) for .ARM.Collect$$libinit$$0000000D
    libinit2.o(.ARM.Collect$$libinit$$00000012) refers to libinit2.o(.ARM.Collect$$libinit$$0000000D) for .ARM.Collect$$libinit$$0000000D
    libinit2.o(.ARM.Collect$$libinit$$00000014) refers to libinit2.o(.ARM.Collect$$libinit$$0000000D) for .ARM.Collect$$libinit$$0000000D
    libinit2.o(.ARM.Collect$$libinit$$00000016) refers to libinit2.o(.ARM.Collect$$libinit$$0000000D) for .ARM.Collect$$libinit$$0000000D
    libinit2.o(.ARM.Collect$$libinit$$00000024) refers to argv_veneer.o(.emb_text) for __ARM_argv_veneer
    libinit2.o(.ARM.Collect$$libinit$$00000025) refers to argv_veneer.o(.emb_text) for __ARM_argv_veneer
    rtexit2.o(.ARM.Collect$$rtexit$$00000003) refers to libshutdown.o(.ARM.Collect$$libshutdown$$00000000) for __rt_lib_shutdown
    rtexit2.o(.ARM.Collect$$rtexit$$00000004) refers to sys_exit.o(.text) for _sys_exit
    rtexit2.o(.ARM.exidx) refers to rtexit2.o(.ARM.Collect$$rtexit$$00000001) for .ARM.Collect$$rtexit$$00000001
    rtexit2.o(.ARM.exidx) refers to rtexit2.o(.ARM.Collect$$rtexit$$00000003) for .ARM.Collect$$rtexit$$00000003
    rtexit2.o(.ARM.exidx) refers to rtexit2.o(.ARM.Collect$$rtexit$$00000004) for .ARM.Collect$$rtexit$$00000004
    argv_veneer.o(.emb_text) refers to no_argv.o(.text) for __ARM_get_argv
    sys_exit.o(.text) refers (Special) to use_no_semi.o(.text) for __I$use$semihosting
    sys_exit.o(.text) refers (Special) to indicate_semi.o(.text) for __semihosting_library_function
    _get_argv_nomalloc.o(.text) refers (Special) to hrguard.o(.text) for __heap_region$guard
    _get_argv_nomalloc.o(.text) refers to defsig_rtmem_outer.o(.text) for __rt_SIGRTMEM
    _get_argv_nomalloc.o(.text) refers to sys_command.o(.text) for _sys_command_string
    libshutdown.o(.ARM.Collect$$libshutdown$$00000000) refers (Special) to libshutdown2.o(.ARM.Collect$$libshutdown$$00000006) for __rt_lib_shutdown_fp_trap_1
    libshutdown.o(.ARM.Collect$$libshutdown$$00000000) refers (Special) to libshutdown2.o(.ARM.Collect$$libshutdown$$0000000E) for __rt_lib_shutdown_heap_1
    libshutdown.o(.ARM.Collect$$libshutdown$$00000000) refers (Special) to libshutdown2.o(.ARM.Collect$$libshutdown$$0000000F) for __rt_lib_shutdown_return
    libshutdown.o(.ARM.Collect$$libshutdown$$00000000) refers (Special) to libshutdown2.o(.ARM.Collect$$libshutdown$$00000009) for __rt_lib_shutdown_signal_1
    libshutdown.o(.ARM.Collect$$libshutdown$$00000000) refers (Special) to libshutdown2.o(.ARM.Collect$$libshutdown$$00000003) for __rt_lib_shutdown_stdio_1
    libshutdown.o(.ARM.Collect$$libshutdown$$00000000) refers (Special) to libshutdown2.o(.ARM.Collect$$libshutdown$$0000000B) for __rt_lib_shutdown_user_alloc_1
    sys_command.o(.text) refers (Special) to use_no_semi.o(.text) for __I$use$semihosting
    sys_command.o(.text) refers (Special) to indicate_semi.o(.text) for __semihosting_library_function
    defsig_rtmem_outer.o(.text) refers to defsig_rtmem_inner.o(.text) for __rt_SIGRTMEM_inner
    defsig_rtmem_outer.o(.text) refers to defsig_exit.o(.text) for __sig_exit
    defsig_rtmem_formal.o(.text) refers to rt_raise.o(.text) for __rt_raise
    rt_raise.o(.text) refers to __raise.o(.text) for __raise
    rt_raise.o(.text) refers to sys_exit.o(.text) for _sys_exit
    defsig_exit.o(.text) refers to sys_exit.o(.text) for _sys_exit
    defsig_rtmem_inner.o(.text) refers to defsig_general.o(.text) for __default_signal_display
    __raise.o(.text) refers to defsig.o(CL$$defsig) for __default_signal_handler
    defsig_general.o(.text) refers to sys_wrch.o(.text) for _ttywrch
    sys_wrch.o(.text) refers (Special) to use_no_semi.o(.text) for __I$use$semihosting
    sys_wrch.o(.text) refers (Special) to indicate_semi.o(.text) for __semihosting_library_function
    defsig.o(CL$$defsig) refers to defsig_rtmem_inner.o(.text) for __rt_SIGRTMEM_inner
    defsig_abrt_inner.o(.text) refers to defsig_general.o(.text) for __default_signal_display
    defsig_fpe_inner.o(.text) refers to defsig_general.o(.text) for __default_signal_display
    defsig_rtred_inner.o(.text) refers to defsig_general.o(.text) for __default_signal_display
    defsig_stak_inner.o(.text) refers to defsig_general.o(.text) for __default_signal_display
    defsig_pvfn_inner.o(.text) refers to defsig_general.o(.text) for __default_signal_display
    defsig_cppl_inner.o(.text) refers to defsig_general.o(.text) for __default_signal_display
    defsig_segv_inner.o(.text) refers to defsig_general.o(.text) for __default_signal_display
    defsig_other.o(.text) refers to defsig_general.o(.text) for __default_signal_display


==============================================================================

Removing Unused input sections from the image.

    Removing os.o(i.OS_AddPeriodicThread), (6 bytes).
    Removing os.o(i.OS_AddSW1Task), (6 bytes).
    Removing os.o(i.OS_AddSW2Task), (6 bytes).
    Removing os.o(i.OS_ClearMsTime), (2 bytes).
    Removing os.o(i.OS_Fifo_Get), (2 bytes).
    Removing os.o(i.OS_Fifo_Init), (2 bytes).
    Removing os.o(i.OS_Fifo_Put), (6 bytes).
    Removing os.o(i.OS_Fifo_Size), (2 bytes).
    Removing os.o(i.OS_Id), (2 bytes).
    Removing os.o(i.OS_InitSemaphore), (2 bytes).
    Removing os.o(i.OS_Kill), (2 bytes).
    Removing os.o(i.OS_MailBox_Init), (2 bytes).
    Removing os.o(i.OS_MailBox_Recv), (2 bytes).
    Removing os.o(i.OS_MailBox_Send), (2 bytes).
    Removing os.o(i.OS_MsTime), (2 bytes).
    Removing os.o(i.OS_Signal), (2 bytes).
    Removing os.o(i.OS_Sleep), (2 bytes).
    Removing os.o(i.OS_Suspend), (16 bytes).
    Removing os.o(i.OS_Time), (2 bytes).
    Removing os.o(i.OS_TimeDifference), (4 bytes).
    Removing os.o(i.OS_Wait), (2 bytes).
    Removing os.o(i.OS_bSignal), (2 bytes).
    Removing os.o(i.OS_bWait), (2 bytes).
    Removing lab2.o(i.BackgroundThread1c), (28 bytes).
    Removing lab2.o(i.BackgroundThread1d), (56 bytes).
    Removing lab2.o(i.BackgroundThread5c), (32 bytes).
    Removing lab2.o(i.BackgroundThread5d), (32 bytes).
    Removing lab2.o(i.BackgroundThread8Producer), (44 bytes).
    Removing lab2.o(i.ButtonWork), (196 bytes).
    Removing lab2.o(i.Consumer), (132 bytes).
    Removing lab2.o(i.ConsumerThread8), (76 bytes).
    Removing lab2.o(i.DAS), (200 bytes).
    Removing lab2.o(i.Display), (108 bytes).
    Removing lab2.o(i.FillerThread8), (24 bytes).
    Removing lab2.o(i.Filter), (200 bytes).
    Removing lab2.o(i.OutputThread), (220 bytes).
    Removing lab2.o(i.PID), (124 bytes).
    Removing lab2.o(i.Producer), (52 bytes).
    Removing lab2.o(i.PseudoWork), (32 bytes).
    Removing lab2.o(i.SW1Push), (48 bytes).
    Removing lab2.o(i.SW2Push), (48 bytes).
    Removing lab2.o(i.Signal1), (40 bytes).
    Removing lab2.o(i.Signal2), (40 bytes).
    Removing lab2.o(i.Signal3), (48 bytes).
    Removing lab2.o(i.TaskA), (44 bytes).
    Removing lab2.o(i.TaskB), (44 bytes).
    Removing lab2.o(i.Testmain1), (108 bytes).
    Removing lab2.o(i.Testmain3), (124 bytes).
    Removing lab2.o(i.Testmain4), (140 bytes).
    Removing lab2.o(i.Testmain5), (116 bytes).
    Removing lab2.o(i.Testmain6), (284 bytes).
    Removing lab2.o(i.Testmain7), (56 bytes).
    Removing lab2.o(i.Testmain8), (136 bytes).
    Removing lab2.o(i.Thread1), (44 bytes).
    Removing lab2.o(i.Thread2), (44 bytes).
    Removing lab2.o(i.Thread2c), (104 bytes).
    Removing lab2.o(i.Thread2d), (52 bytes).
    Removing lab2.o(i.Thread3), (44 bytes).
    Removing lab2.o(i.Thread3c), (24 bytes).
    Removing lab2.o(i.Thread3d), (24 bytes).
    Removing lab2.o(i.Thread4c), (44 bytes).
    Removing lab2.o(i.Thread4d), (40 bytes).
    Removing lab2.o(i.Thread5c), (60 bytes).
    Removing lab2.o(i.Thread6), (40 bytes).
    Removing lab2.o(i.Thread7), (76 bytes).
    Removing lab2.o(i.Thread8), (20 bytes).
    Removing lab2.o(i.Wait1), (28 bytes).
    Removing lab2.o(i.Wait2), (28 bytes).
    Removing lab2.o(i.Wait3), (28 bytes).
    Removing lab2.o(i.add), (20 bytes).
    Removing lab2.o(i.realmain), (176 bytes).
    Removing lab2.o(.bss), (816 bytes).
    Removing lab2.o(.constdata), (4 bytes).
    Removing cr4_fft_64_stm32.o(.text), (718 bytes).
    Removing pid_stm32.o(.text), (72 bytes).
    Removing adc.o(i.ADC0_InitTimer0ATriggerSeq3), (1056 bytes).
    Removing adc.o(i.ADC_Collect), (100 bytes).
    Removing adc.o(i.ADC_In), (44 bytes).
    Removing adc.o(i.ADC_Init), (864 bytes).
    Removing adc.o(i.ADC_Status), (20 bytes).
    Removing interpreter.o(i.Interpreter), (2 bytes).
    Removing st7735.o(i.Delay1ms), (32 bytes).
    Removing st7735.o(i.Output_Clear), (10 bytes).
    Removing st7735.o(i.Output_Color), (12 bytes).
    Removing st7735.o(i.Output_Init), (16 bytes).
    Removing st7735.o(i.Output_Off), (8 bytes).
    Removing st7735.o(i.Output_On), (8 bytes).
    Removing st7735.o(i.ST7735_Color565), (24 bytes).
    Removing st7735.o(i.ST7735_DrawBitmap), (288 bytes).
    Removing st7735.o(i.ST7735_DrawChar), (268 bytes).
    Removing st7735.o(i.ST7735_DrawCharS), (244 bytes).
    Removing st7735.o(i.ST7735_DrawFastHLine), (124 bytes).
    Removing st7735.o(i.ST7735_DrawFastVLine), (124 bytes).
    Removing st7735.o(i.ST7735_DrawPixel), (72 bytes).
    Removing st7735.o(i.ST7735_DrawString), (84 bytes).
    Removing st7735.o(i.ST7735_FillRect), (172 bytes).
    Removing st7735.o(i.ST7735_FillScreen), (36 bytes).
    Removing st7735.o(i.ST7735_InitB), (40 bytes).
    Removing st7735.o(i.ST7735_InitR), (124 bytes).
    Removing st7735.o(i.ST7735_InvertDisplay), (22 bytes).
    Removing st7735.o(i.ST7735_Message), (136 bytes).
    Removing st7735.o(i.ST7735_OutChar), (212 bytes).
    Removing st7735.o(i.ST7735_OutString), (22 bytes).
    Removing st7735.o(i.ST7735_OutUDec), (140 bytes).
    Removing st7735.o(i.ST7735_PlotBar), (88 bytes).
    Removing st7735.o(i.ST7735_PlotClear), (92 bytes).
    Removing st7735.o(i.ST7735_PlotLine), (264 bytes).
    Removing st7735.o(i.ST7735_PlotNext), (32 bytes).
    Removing st7735.o(i.ST7735_PlotNextErase), (64 bytes).
    Removing st7735.o(i.ST7735_PlotPoint), (152 bytes).
    Removing st7735.o(i.ST7735_PlotPoints), (172 bytes).
    Removing st7735.o(i.ST7735_PlotdBfs), (60 bytes).
    Removing st7735.o(i.ST7735_SetCursor), (32 bytes).
    Removing st7735.o(i.ST7735_SetRotation), (212 bytes).
    Removing st7735.o(i.ST7735_SetTextColor), (12 bytes).
    Removing st7735.o(i.ST7735_SwapColor), (18 bytes).
    Removing st7735.o(i.commandList), (86 bytes).
    Removing st7735.o(i.commonInit), (388 bytes).
    Removing st7735.o(i.ferror), (8 bytes).
    Removing st7735.o(i.fgetc), (6 bytes).
    Removing st7735.o(i.fillmessage), (72 bytes).
    Removing st7735.o(i.fputc), (16 bytes).
    Removing st7735.o(i.pushColor), (18 bytes).
    Removing st7735.o(i.setAddrWindow), (116 bytes).
    Removing st7735.o(i.writecommand), (48 bytes).
    Removing st7735.o(i.writedata), (32 bytes).
    Removing st7735.o(.bss), (12 bytes).
    Removing st7735.o(.constdata), (2018 bytes).
    Removing st7735.o(.data), (44 bytes).
    Removing uart.o(i.OutCRLF), (16 bytes).
    Removing uart.o(i.RxFifo_Get), (60 bytes).
    Removing uart.o(i.RxFifo_Init), (36 bytes).
    Removing uart.o(i.TxFifo_Init), (36 bytes).
    Removing uart.o(i.TxFifo_Put), (60 bytes).
    Removing uart.o(i.UART_InChar), (20 bytes).
    Removing uart.o(i.UART_InString), (70 bytes).
    Removing uart.o(i.UART_InUDec), (76 bytes).
    Removing uart.o(i.UART_InUHex), (108 bytes).
    Removing uart.o(i.UART_Init), (204 bytes).
    Removing uart.o(i.UART_OutChar), (52 bytes).
    Removing uart.o(i.UART_OutString), (22 bytes).
    Removing uart.o(i.UART_OutUDec), (42 bytes).
    Removing uart.o(i.UART_OutUHex), (52 bytes).

143 unused section(s) (total 14636 bytes) removed from the image.

==============================================================================

Image Symbol Table

    Local Symbols

    Symbol Name                              Value     Ov Type        Size  Object(Section)

    RESET                                    0x00000000   Section      644  startup_tm4c123.o(RESET)
    ../clib/angel/boardlib.s                 0x00000000   Number         0  boardinit1.o ABSOLUTE
    ../clib/angel/boardlib.s                 0x00000000   Number         0  boardinit2.o ABSOLUTE
    ../clib/angel/boardlib.s                 0x00000000   Number         0  boardinit3.o ABSOLUTE
    ../clib/angel/boardlib.s                 0x00000000   Number         0  boardshut.o ABSOLUTE
    ../clib/angel/handlers.s                 0x00000000   Number         0  __scatter_zi.o ABSOLUTE
    ../clib/angel/handlers.s                 0x00000000   Number         0  __scatter_copy.o ABSOLUTE
    ../clib/angel/kernel.s                   0x00000000   Number         0  rtentry4.o ABSOLUTE
    ../clib/angel/kernel.s                   0x00000000   Number         0  rtexit2.o ABSOLUTE
    ../clib/angel/kernel.s                   0x00000000   Number         0  rtexit.o ABSOLUTE
    ../clib/angel/kernel.s                   0x00000000   Number         0  rtentry.o ABSOLUTE
    ../clib/angel/kernel.s                   0x00000000   Number         0  rtentry2.o ABSOLUTE
    ../clib/angel/rt.s                       0x00000000   Number         0  rt_raise.o ABSOLUTE
    ../clib/angel/scatter.s                  0x00000000   Number         0  __scatter.o ABSOLUTE
    ../clib/angel/startup.s                  0x00000000   Number         0  __main.o ABSOLUTE
    ../clib/angel/sys.s                      0x00000000   Number         0  sys_stackheap_outer.o ABSOLUTE
    ../clib/angel/sys.s                      0x00000000   Number         0  use_no_semi.o ABSOLUTE
    ../clib/angel/sys.s                      0x00000000   Number         0  indicate_semi.o ABSOLUTE
    ../clib/angel/sys.s                      0x00000000   Number         0  libspace.o ABSOLUTE
    ../clib/angel/sysapp.c                   0x00000000   Number         0  sys_command.o ABSOLUTE
    ../clib/angel/sysapp.c                   0x00000000   Number         0  sys_wrch.o ABSOLUTE
    ../clib/angel/sysapp.c                   0x00000000   Number         0  sys_exit.o ABSOLUTE
    ../clib/armsys.c                         0x00000000   Number         0  argv_veneer.o ABSOLUTE
    ../clib/armsys.c                         0x00000000   Number         0  no_argv.o ABSOLUTE
    ../clib/armsys.c                         0x00000000   Number         0  argv_veneer.o ABSOLUTE
    ../clib/armsys.c                         0x00000000   Number         0  _get_argv_nomalloc.o ABSOLUTE
    ../clib/heapalloc.c                      0x00000000   Number         0  hrguard.o ABSOLUTE
    ../clib/heapaux.c                        0x00000000   Number         0  heapauxi.o ABSOLUTE
    ../clib/libinit.s                        0x00000000   Number         0  libinit2.o ABSOLUTE
    ../clib/libinit.s                        0x00000000   Number         0  libinit.o ABSOLUTE
    ../clib/libinit.s                        0x00000000   Number         0  libshutdown.o ABSOLUTE
    ../clib/libinit.s                        0x00000000   Number         0  libshutdown2.o ABSOLUTE
    ../clib/signal.c                         0x00000000   Number         0  defsig_abrt_inner.o ABSOLUTE
    ../clib/signal.c                         0x00000000   Number         0  defsig_general.o ABSOLUTE
    ../clib/signal.c                         0x00000000   Number         0  __raise.o ABSOLUTE
    ../clib/signal.c                         0x00000000   Number         0  defsig_exit.o ABSOLUTE
    ../clib/signal.c                         0x00000000   Number         0  defsig_rtmem_formal.o ABSOLUTE
    ../clib/signal.c                         0x00000000   Number         0  defsig_rtmem_outer.o ABSOLUTE
    ../clib/signal.c                         0x00000000   Number         0  defsig_rtmem_inner.o ABSOLUTE
    ../clib/signal.c                         0x00000000   Number         0  defsig_other.o ABSOLUTE
    ../clib/signal.c                         0x00000000   Number         0  defsig_segv_inner.o ABSOLUTE
    ../clib/signal.c                         0x00000000   Number         0  defsig_cppl_inner.o ABSOLUTE
    ../clib/signal.c                         0x00000000   Number         0  defsig_pvfn_inner.o ABSOLUTE
    ../clib/signal.c                         0x00000000   Number         0  defsig_stak_inner.o ABSOLUTE
    ../clib/signal.c                         0x00000000   Number         0  defsig_rtred_inner.o ABSOLUTE
    ../clib/signal.c                         0x00000000   Number         0  defsig_fpe_inner.o ABSOLUTE
    ../clib/signal.s                         0x00000000   Number         0  defsig.o ABSOLUTE
    ../clib/stdlib.c                         0x00000000   Number         0  exit.o ABSOLUTE
    ../fplib/fpinit.s                        0x00000000   Number         0  fpinit.o ABSOLUTE
    ADC.c                                    0x00000000   Number         0  adc.o ABSOLUTE
    Interpreter.c                            0x00000000   Number         0  interpreter.o ABSOLUTE
    Lab2.c                                   0x00000000   Number         0  lab2.o ABSOLUTE
    OSasm.s                                  0x00000000   Number         0  osasm.o ABSOLUTE
    PID_stm32.s                              0x00000000   Number         0  pid_stm32.o ABSOLUTE
    PLL.c                                    0x00000000   Number         0  pll.o ABSOLUTE
    ST7735.c                                 0x00000000   Number         0  st7735.o ABSOLUTE
    UART.c                                   0x00000000   Number         0  uart.o ABSOLUTE
    cr4_fft_64_stm32.s                       0x00000000   Number         0  cr4_fft_64_stm32.o ABSOLUTE
    dc.s                                     0x00000000   Number         0  dc.o ABSOLUTE
    os.c                                     0x00000000   Number         0  os.o ABSOLUTE
    startup_TM4C123.s                        0x00000000   Number         0  startup_tm4c123.o ABSOLUTE
    !!!main                                  0x00000284   Section        8  __main.o(!!!main)
    !!!scatter                               0x0000028c   Section       52  __scatter.o(!!!scatter)
    !!handler_copy                           0x000002c0   Section       26  __scatter_copy.o(!!handler_copy)
    !!handler_zi                             0x000002dc   Section       28  __scatter_zi.o(!!handler_zi)
    .ARM.Collect$$libinit$$00000000          0x000002f8   Section        2  libinit.o(.ARM.Collect$$libinit$$00000000)
    .ARM.Collect$$libinit$$00000002          0x000002fa   Section        0  libinit2.o(.ARM.Collect$$libinit$$00000002)
    .ARM.Collect$$libinit$$00000008          0x000002fa   Section        0  libinit2.o(.ARM.Collect$$libinit$$00000008)
    .ARM.Collect$$libinit$$0000000A          0x000002fa   Section        0  libinit2.o(.ARM.Collect$$libinit$$0000000A)
    .ARM.Collect$$libinit$$0000000C          0x000002fa   Section        0  libinit2.o(.ARM.Collect$$libinit$$0000000C)
    .ARM.Collect$$libinit$$0000000F          0x000002fa   Section        0  libinit2.o(.ARM.Collect$$libinit$$0000000F)
    .ARM.Collect$$libinit$$00000011          0x000002fa   Section        0  libinit2.o(.ARM.Collect$$libinit$$00000011)
    .ARM.Collect$$libinit$$00000013          0x000002fa   Section        0  libinit2.o(.ARM.Collect$$libinit$$00000013)
    .ARM.Collect$$libinit$$00000015          0x000002fa   Section        0  libinit2.o(.ARM.Collect$$libinit$$00000015)
    .ARM.Collect$$libinit$$00000017          0x000002fa   Section        0  libinit2.o(.ARM.Collect$$libinit$$00000017)
    .ARM.Collect$$libinit$$00000019          0x000002fa   Section        0  libinit2.o(.ARM.Collect$$libinit$$00000019)
    .ARM.Collect$$libinit$$0000001B          0x000002fa   Section        0  libinit2.o(.ARM.Collect$$libinit$$0000001B)
    .ARM.Collect$$libinit$$0000001D          0x000002fa   Section        0  libinit2.o(.ARM.Collect$$libinit$$0000001D)
    .ARM.Collect$$libinit$$0000001F          0x000002fa   Section        0  libinit2.o(.ARM.Collect$$libinit$$0000001F)
    .ARM.Collect$$libinit$$00000021          0x000002fa   Section        0  libinit2.o(.ARM.Collect$$libinit$$00000021)
    .ARM.Collect$$libinit$$00000023          0x000002fa   Section        0  libinit2.o(.ARM.Collect$$libinit$$00000023)
    .ARM.Collect$$libinit$$0000002A          0x000002fa   Section        0  libinit2.o(.ARM.Collect$$libinit$$0000002A)
    .ARM.Collect$$libinit$$0000002C          0x000002fa   Section        0  libinit2.o(.ARM.Collect$$libinit$$0000002C)
    .ARM.Collect$$libinit$$0000002E          0x000002fa   Section        0  libinit2.o(.ARM.Collect$$libinit$$0000002E)
    .ARM.Collect$$libinit$$00000030          0x000002fa   Section        0  libinit2.o(.ARM.Collect$$libinit$$00000030)
    .ARM.Collect$$libinit$$00000031          0x000002fa   Section        2  libinit2.o(.ARM.Collect$$libinit$$00000031)
    .ARM.Collect$$libshutdown$$00000000      0x000002fc   Section        2  libshutdown.o(.ARM.Collect$$libshutdown$$00000000)
    .ARM.Collect$$libshutdown$$00000003      0x000002fe   Section        0  libshutdown2.o(.ARM.Collect$$libshutdown$$00000003)
    .ARM.Collect$$libshutdown$$00000006      0x000002fe   Section        0  libshutdown2.o(.ARM.Collect$$libshutdown$$00000006)
    .ARM.Collect$$libshutdown$$00000009      0x000002fe   Section        0  libshutdown2.o(.ARM.Collect$$libshutdown$$00000009)
    .ARM.Collect$$libshutdown$$0000000B      0x000002fe   Section        0  libshutdown2.o(.ARM.Collect$$libshutdown$$0000000B)
    .ARM.Collect$$libshutdown$$0000000E      0x000002fe   Section        0  libshutdown2.o(.ARM.Collect$$libshutdown$$0000000E)
    .ARM.Collect$$libshutdown$$0000000F      0x000002fe   Section        2  libshutdown2.o(.ARM.Collect$$libshutdown$$0000000F)
    .ARM.Collect$$rtentry$$00000000          0x00000300   Section        0  rtentry.o(.ARM.Collect$$rtentry$$00000000)
    .ARM.Collect$$rtentry$$00000002          0x00000300   Section        0  rtentry2.o(.ARM.Collect$$rtentry$$00000002)
    .ARM.Collect$$rtentry$$00000004          0x00000300   Section        6  rtentry4.o(.ARM.Collect$$rtentry$$00000004)
    .ARM.Collect$$rtentry$$00000009          0x00000306   Section        0  rtentry2.o(.ARM.Collect$$rtentry$$00000009)
    .ARM.Collect$$rtentry$$0000000A          0x00000306   Section        4  rtentry2.o(.ARM.Collect$$rtentry$$0000000A)
    .ARM.Collect$$rtentry$$0000000C          0x0000030a   Section        0  rtentry2.o(.ARM.Collect$$rtentry$$0000000C)
    .ARM.Collect$$rtentry$$0000000D          0x0000030a   Section        8  rtentry2.o(.ARM.Collect$$rtentry$$0000000D)
    .ARM.Collect$$rtexit$$00000000           0x00000312   Section        2  rtexit.o(.ARM.Collect$$rtexit$$00000000)
    .ARM.Collect$$rtexit$$00000002           0x00000314   Section        0  rtexit2.o(.ARM.Collect$$rtexit$$00000002)
    .ARM.Collect$$rtexit$$00000003           0x00000314   Section        4  rtexit2.o(.ARM.Collect$$rtexit$$00000003)
    .ARM.Collect$$rtexit$$00000004           0x00000318   Section        6  rtexit2.o(.ARM.Collect$$rtexit$$00000004)
    .text                                    0x00000320   Section       48  startup_tm4c123.o(.text)
    .text                                    0x00000350   Section       72  osasm.o(.text)
    .text                                    0x00000398   Section        0  heapauxi.o(.text)
    .text                                    0x0000039e   Section       74  sys_stackheap_outer.o(.text)
    .text                                    0x000003e8   Section        0  exit.o(.text)
    .text                                    0x000003f4   Section        8  libspace.o(.text)
    .text                                    0x000003fc   Section        0  sys_exit.o(.text)
    .text                                    0x00000408   Section        2  use_no_semi.o(.text)
    .text                                    0x0000040a   Section        0  indicate_semi.o(.text)
    i.ADC0Seq3_Handler                       0x0000040c   Section        0  adc.o(i.ADC0Seq3_Handler)
    i.OS_AddThread                           0x00000428   Section        0  os.o(i.OS_AddThread)
    i.OS_Init                                0x000004d0   Section        0  os.o(i.OS_Init)
    i.OS_Launch                              0x000004fc   Section        0  os.o(i.OS_Launch)
    i.PLL_Init                               0x00000514   Section        0  pll.o(i.PLL_Init)
    i.PortE_Init                             0x00000590   Section        0  lab2.o(i.PortE_Init)
    i.RxFifo_Put                             0x000005f8   Section        0  uart.o(i.RxFifo_Put)
    i.RxFifo_Size                            0x00000634   Section        0  uart.o(i.RxFifo_Size)
    i.SetInitialStack                        0x0000064c   Section        0  os.o(i.SetInitialStack)
    i.SysTick_Handler                        0x00000738   Section        0  os.o(i.SysTick_Handler)
    i.Thread1b                               0x00000748   Section        0  lab2.o(i.Thread1b)
    i.Thread2b                               0x00000770   Section        0  lab2.o(i.Thread2b)
    i.Thread3b                               0x00000798   Section        0  lab2.o(i.Thread3b)
    i.TxFifo_Get                             0x000007c0   Section        0  uart.o(i.TxFifo_Get)
    i.TxFifo_Size                            0x000007fc   Section        0  uart.o(i.TxFifo_Size)
    i.UART0_Handler                          0x00000814   Section        0  uart.o(i.UART0_Handler)
    i.copyHardwareToSoftware                 0x0000086c   Section        0  uart.o(i.copyHardwareToSoftware)
    copyHardwareToSoftware                   0x0000086d   Thumb Code    36  uart.o(i.copyHardwareToSoftware)
    i.copySoftwareToHardware                 0x00000894   Section        0  uart.o(i.copySoftwareToHardware)
    copySoftwareToHardware                   0x00000895   Thumb Code    38  uart.o(i.copySoftwareToHardware)
    i.main                                   0x000008c0   Section        0  lab2.o(i.main)
    .data                                    0x20000000   Section        8  os.o(.data)
    .data                                    0x20000008   Section      144  lab2.o(.data)
    n                                        0x20000008   Data           4  lab2.o(.data)
    LastTime                                 0x2000000c   Data           4  lab2.o(.data)
    i                                        0x20000010   Data           4  lab2.o(.data)
    result                                   0x20000014   Data           4  lab2.o(.data)
    .data                                    0x20000098   Section        4  adc.o(.data)
    .data                                    0x2000009c   Section       16  uart.o(.data)
    .bss                                     0x200000ac   Section     1608  os.o(.bss)
    .bss                                     0x200006f4   Section       32  uart.o(.bss)
    RxFifo                                   0x200006f4   Data          16  uart.o(.bss)
    TxFifo                                   0x20000704   Data          16  uart.o(.bss)
    .bss                                     0x20000714   Section       96  libspace.o(.bss)
    HEAP                                     0x20000778   Section        0  startup_tm4c123.o(HEAP)
    STACK                                    0x20000778   Section     1024  startup_tm4c123.o(STACK)
    HeapMem                                  0x20000778   Data           0  startup_tm4c123.o(HEAP)
    StackMem                                 0x20000778   Data           0  startup_tm4c123.o(STACK)

    Global Symbols

    Symbol Name                              Value     Ov Type        Size  Object(Section)

    BuildAttributes$$THM_ISAv4$E$P$D$K$B$S$7EM$PE$A:L22UL41UL21$X:L11$S22US41US21$IEEE1$IW$USESV6$~STKCKD$USESV7$~SHL$OSPACE$ROPI$EBA8$UX$STANDARDLIB$REQ8$PRES8$EABIv2 0x00000000   Number         0  anon$$obj.o ABSOLUTE
    __ARM_use_no_argv                        0x00000000   Number         0  lab2.o ABSOLUTE
    __Vectors                                0x00000000   Data           0  startup_tm4c123.o(RESET)
    __ARM_exceptions_init                     - Undefined Weak Reference
    __alloca_initialize                       - Undefined Weak Reference
    __cpp_initialize__aeabi_                  - Undefined Weak Reference
    __cxa_finalize                            - Undefined Weak Reference
    __rt_locale                               - Undefined Weak Reference
    __sigvec_lookup                           - Undefined Weak Reference
    _atexit_init                              - Undefined Weak Reference
    _call_atexit_fns                          - Undefined Weak Reference
    _clock_init                               - Undefined Weak Reference
    _fp_trap_init                             - Undefined Weak Reference
    _fp_trap_shutdown                         - Undefined Weak Reference
    _get_lc_collate                           - Undefined Weak Reference
    _get_lc_ctype                             - Undefined Weak Reference
    _get_lc_monetary                          - Undefined Weak Reference
    _get_lc_numeric                           - Undefined Weak Reference
    _get_lc_time                              - Undefined Weak Reference
    _getenv_init                              - Undefined Weak Reference
    _handle_redirection                       - Undefined Weak Reference
    _init_alloc                               - Undefined Weak Reference
    _init_user_alloc                          - Undefined Weak Reference
    _initio                                   - Undefined Weak Reference
    _rand_init                                - Undefined Weak Reference
    _signal_finish                            - Undefined Weak Reference
    _signal_init                              - Undefined Weak Reference
    _terminate_alloc                          - Undefined Weak Reference
    _terminate_user_alloc                     - Undefined Weak Reference
    _terminateio                              - Undefined Weak Reference
    Reset_Handler                            0x0000026d   Thumb Code     0  startup_tm4c123.o(RESET)
    NMI_Handler                              0x00000271   Thumb Code     2  startup_tm4c123.o(RESET)
    HardFault_Handler                        0x00000273   Thumb Code     2  startup_tm4c123.o(RESET)
    MemManage_Handler                        0x00000275   Thumb Code     2  startup_tm4c123.o(RESET)
    BusFault_Handler                         0x00000277   Thumb Code     2  startup_tm4c123.o(RESET)
    UsageFault_Handler                       0x00000279   Thumb Code     2  startup_tm4c123.o(RESET)
    SVC_Handler                              0x0000027b   Thumb Code     2  startup_tm4c123.o(RESET)
    DebugMon_Handler                         0x0000027d   Thumb Code     2  startup_tm4c123.o(RESET)
    ADC0Seq0_Handler                         0x00000283   Thumb Code     0  startup_tm4c123.o(RESET)
    ADC0Seq1_Handler                         0x00000283   Thumb Code     0  startup_tm4c123.o(RESET)
    ADC0Seq2_Handler                         0x00000283   Thumb Code     0  startup_tm4c123.o(RESET)
    ADC1Seq0_Handler                         0x00000283   Thumb Code     0  startup_tm4c123.o(RESET)
    ADC1Seq1_Handler                         0x00000283   Thumb Code     0  startup_tm4c123.o(RESET)
    ADC1Seq2_Handler                         0x00000283   Thumb Code     0  startup_tm4c123.o(RESET)
    ADC1Seq3_Handler                         0x00000283   Thumb Code     0  startup_tm4c123.o(RESET)
    CAN0_Handler                             0x00000283   Thumb Code     0  startup_tm4c123.o(RESET)
    CAN1_Handler                             0x00000283   Thumb Code     0  startup_tm4c123.o(RESET)
    CAN2_Handler                             0x00000283   Thumb Code     0  startup_tm4c123.o(RESET)
    Comp0_Handler                            0x00000283   Thumb Code     0  startup_tm4c123.o(RESET)
    Comp1_Handler                            0x00000283   Thumb Code     0  startup_tm4c123.o(RESET)
    Comp2_Handler                            0x00000283   Thumb Code     0  startup_tm4c123.o(RESET)
    Ethernet_Handler                         0x00000283   Thumb Code     0  startup_tm4c123.o(RESET)
    ExtBus_Handler                           0x00000283   Thumb Code     0  startup_tm4c123.o(RESET)
    FPU_Handler                              0x00000283   Thumb Code     0  startup_tm4c123.o(RESET)
    Fan0_Handler                             0x00000283   Thumb Code     0  startup_tm4c123.o(RESET)
    FlashCtl_Handler                         0x00000283   Thumb Code     0  startup_tm4c123.o(RESET)
    GPIOPortA_Handler                        0x00000283   Thumb Code     0  startup_tm4c123.o(RESET)
    GPIOPortB_Handler                        0x00000283   Thumb Code     0  startup_tm4c123.o(RESET)
    GPIOPortC_Handler                        0x00000283   Thumb Code     0  startup_tm4c123.o(RESET)
    GPIOPortD_Handler                        0x00000283   Thumb Code     0  startup_tm4c123.o(RESET)
    GPIOPortE_Handler                        0x00000283   Thumb Code     0  startup_tm4c123.o(RESET)
    GPIOPortF_Handler                        0x00000283   Thumb Code     0  startup_tm4c123.o(RESET)
    GPIOPortG_Handler                        0x00000283   Thumb Code     0  startup_tm4c123.o(RESET)
    GPIOPortH_Handler                        0x00000283   Thumb Code     0  startup_tm4c123.o(RESET)
    GPIOPortJ_Handler                        0x00000283   Thumb Code     0  startup_tm4c123.o(RESET)
    GPIOPortK_Handler                        0x00000283   Thumb Code     0  startup_tm4c123.o(RESET)
    GPIOPortL_Handler                        0x00000283   Thumb Code     0  startup_tm4c123.o(RESET)
    GPIOPortM_Handler                        0x00000283   Thumb Code     0  startup_tm4c123.o(RESET)
    GPIOPortN_Handler                        0x00000283   Thumb Code     0  startup_tm4c123.o(RESET)
    GPIOPortP1_Handler                       0x00000283   Thumb Code     0  startup_tm4c123.o(RESET)
    GPIOPortP2_Handler                       0x00000283   Thumb Code     0  startup_tm4c123.o(RESET)
    GPIOPortP3_Handler                       0x00000283   Thumb Code     0  startup_tm4c123.o(RESET)
    GPIOPortP4_Handler                       0x00000283   Thumb Code     0  startup_tm4c123.o(RESET)
    GPIOPortP5_Handler                       0x00000283   Thumb Code     0  startup_tm4c123.o(RESET)
    GPIOPortP6_Handler                       0x00000283   Thumb Code     0  startup_tm4c123.o(RESET)
    GPIOPortP7_Handler                       0x00000283   Thumb Code     0  startup_tm4c123.o(RESET)
    GPIOPortP_Handler                        0x00000283   Thumb Code     0  startup_tm4c123.o(RESET)
    GPIOPortQ1_Handler                       0x00000283   Thumb Code     0  startup_tm4c123.o(RESET)
    GPIOPortQ2_Handler                       0x00000283   Thumb Code     0  startup_tm4c123.o(RESET)
    GPIOPortQ3_Handler                       0x00000283   Thumb Code     0  startup_tm4c123.o(RESET)
    GPIOPortQ4_Handler                       0x00000283   Thumb Code     0  startup_tm4c123.o(RESET)
    GPIOPortQ5_Handler                       0x00000283   Thumb Code     0  startup_tm4c123.o(RESET)
    GPIOPortQ6_Handler                       0x00000283   Thumb Code     0  startup_tm4c123.o(RESET)
    GPIOPortQ7_Handler                       0x00000283   Thumb Code     0  startup_tm4c123.o(RESET)
    GPIOPortQ_Handler                        0x00000283   Thumb Code     0  startup_tm4c123.o(RESET)
    GPIOPortR_Handler                        0x00000283   Thumb Code     0  startup_tm4c123.o(RESET)
    GPIOPortS_Handler                        0x00000283   Thumb Code     0  startup_tm4c123.o(RESET)
    Hibernate_Handler                        0x00000283   Thumb Code     0  startup_tm4c123.o(RESET)
    I2C0_Handler                             0x00000283   Thumb Code     0  startup_tm4c123.o(RESET)
    I2C1_Handler                             0x00000283   Thumb Code     0  startup_tm4c123.o(RESET)
    I2C2_Handler                             0x00000283   Thumb Code     0  startup_tm4c123.o(RESET)
    I2C3_Handler                             0x00000283   Thumb Code     0  startup_tm4c123.o(RESET)
    I2C4_Handler                             0x00000283   Thumb Code     0  startup_tm4c123.o(RESET)
    I2C5_Handler                             0x00000283   Thumb Code     0  startup_tm4c123.o(RESET)
    I2S0_Handler                             0x00000283   Thumb Code     0  startup_tm4c123.o(RESET)
    LPC0_Handler                             0x00000283   Thumb Code     0  startup_tm4c123.o(RESET)
    PECI0_Handler                            0x00000283   Thumb Code     0  startup_tm4c123.o(RESET)
    PWM0Fault_Handler                        0x00000283   Thumb Code     0  startup_tm4c123.o(RESET)
    PWM0Generator0_Handler                   0x00000283   Thumb Code     0  startup_tm4c123.o(RESET)
    PWM0Generator1_Handler                   0x00000283   Thumb Code     0  startup_tm4c123.o(RESET)
    PWM0Generator2_Handler                   0x00000283   Thumb Code     0  startup_tm4c123.o(RESET)
    PWM0Generator3_Handler                   0x00000283   Thumb Code     0  startup_tm4c123.o(RESET)
    PWM1Fault_Handler                        0x00000283   Thumb Code     0  startup_tm4c123.o(RESET)
    PWM1Generator0_Handler                   0x00000283   Thumb Code     0  startup_tm4c123.o(RESET)
    PWM1Generator1_Handler                   0x00000283   Thumb Code     0  startup_tm4c123.o(RESET)
    PWM1Generator2_Handler                   0x00000283   Thumb Code     0  startup_tm4c123.o(RESET)
    PWM1Generator3_Handler                   0x00000283   Thumb Code     0  startup_tm4c123.o(RESET)
    Quadrature0_Handler                      0x00000283   Thumb Code     0  startup_tm4c123.o(RESET)
    Quadrature1_Handler                      0x00000283   Thumb Code     0  startup_tm4c123.o(RESET)
    Quadrature2_Handler                      0x00000283   Thumb Code     0  startup_tm4c123.o(RESET)
    SSI0_Handler                             0x00000283   Thumb Code     0  startup_tm4c123.o(RESET)
    SSI1_Handler                             0x00000283   Thumb Code     0  startup_tm4c123.o(RESET)
    SSI2_Handler                             0x00000283   Thumb Code     0  startup_tm4c123.o(RESET)
    SSI3_Handler                             0x00000283   Thumb Code     0  startup_tm4c123.o(RESET)
    SysCtl_Handler                           0x00000283   Thumb Code     0  startup_tm4c123.o(RESET)
    Timer0A_Handler                          0x00000283   Thumb Code     0  startup_tm4c123.o(RESET)
    Timer0B_Handler                          0x00000283   Thumb Code     0  startup_tm4c123.o(RESET)
    Timer1A_Handler                          0x00000283   Thumb Code     0  startup_tm4c123.o(RESET)
    Timer1B_Handler                          0x00000283   Thumb Code     0  startup_tm4c123.o(RESET)
    Timer2A_Handler                          0x00000283   Thumb Code     0  startup_tm4c123.o(RESET)
    Timer2B_Handler                          0x00000283   Thumb Code     0  startup_tm4c123.o(RESET)
    Timer3A_Handler                          0x00000283   Thumb Code     0  startup_tm4c123.o(RESET)
    Timer3B_Handler                          0x00000283   Thumb Code     0  startup_tm4c123.o(RESET)
    Timer4A_Handler                          0x00000283   Thumb Code     0  startup_tm4c123.o(RESET)
    Timer4B_Handler                          0x00000283   Thumb Code     0  startup_tm4c123.o(RESET)
    Timer5A_Handler                          0x00000283   Thumb Code     0  startup_tm4c123.o(RESET)
    Timer5B_Handler                          0x00000283   Thumb Code     0  startup_tm4c123.o(RESET)
    UART1_Handler                            0x00000283   Thumb Code     0  startup_tm4c123.o(RESET)
    UART2_Handler                            0x00000283   Thumb Code     0  startup_tm4c123.o(RESET)
    UART3_Handler                            0x00000283   Thumb Code     0  startup_tm4c123.o(RESET)
    UART4_Handler                            0x00000283   Thumb Code     0  startup_tm4c123.o(RESET)
    UART5_Handler                            0x00000283   Thumb Code     0  startup_tm4c123.o(RESET)
    UART6_Handler                            0x00000283   Thumb Code     0  startup_tm4c123.o(RESET)
    UART7_Handler                            0x00000283   Thumb Code     0  startup_tm4c123.o(RESET)
    USB0_Handler                             0x00000283   Thumb Code     0  startup_tm4c123.o(RESET)
    WDT_Handler                              0x00000283   Thumb Code     0  startup_tm4c123.o(RESET)
    WideTimer0A_Handler                      0x00000283   Thumb Code     0  startup_tm4c123.o(RESET)
    WideTimer0B_Handler                      0x00000283   Thumb Code     0  startup_tm4c123.o(RESET)
    WideTimer1A_Handler                      0x00000283   Thumb Code     0  startup_tm4c123.o(RESET)
    WideTimer1B_Handler                      0x00000283   Thumb Code     0  startup_tm4c123.o(RESET)
    WideTimer2A_Handler                      0x00000283   Thumb Code     0  startup_tm4c123.o(RESET)
    WideTimer2B_Handler                      0x00000283   Thumb Code     0  startup_tm4c123.o(RESET)
    WideTimer3A_Handler                      0x00000283   Thumb Code     0  startup_tm4c123.o(RESET)
    WideTimer3B_Handler                      0x00000283   Thumb Code     0  startup_tm4c123.o(RESET)
    WideTimer4A_Handler                      0x00000283   Thumb Code     0  startup_tm4c123.o(RESET)
    WideTimer4B_Handler                      0x00000283   Thumb Code     0  startup_tm4c123.o(RESET)
    WideTimer5A_Handler                      0x00000283   Thumb Code     0  startup_tm4c123.o(RESET)
    WideTimer5B_Handler                      0x00000283   Thumb Code     0  startup_tm4c123.o(RESET)
    uDMA_Error                               0x00000283   Thumb Code     0  startup_tm4c123.o(RESET)
    uDMA_Handler                             0x00000283   Thumb Code     0  startup_tm4c123.o(RESET)
    __main                                   0x00000285   Thumb Code     8  __main.o(!!!main)
    __scatterload                            0x0000028d   Thumb Code     0  __scatter.o(!!!scatter)
    __scatterload_rt2                        0x0000028d   Thumb Code    44  __scatter.o(!!!scatter)
    __scatterload_rt2_thumb_only             0x0000028d   Thumb Code     0  __scatter.o(!!!scatter)
    __scatterload_null                       0x0000029b   Thumb Code     0  __scatter.o(!!!scatter)
    __scatterload_copy                       0x000002c1   Thumb Code    26  __scatter_copy.o(!!handler_copy)
    __scatterload_zeroinit                   0x000002dd   Thumb Code    28  __scatter_zi.o(!!handler_zi)
    __rt_lib_init                            0x000002f9   Thumb Code     0  libinit.o(.ARM.Collect$$libinit$$00000000)
    __rt_lib_init_alloca_1                   0x000002fb   Thumb Code     0  libinit2.o(.ARM.Collect$$libinit$$0000002C)
    __rt_lib_init_argv_1                     0x000002fb   Thumb Code     0  libinit2.o(.ARM.Collect$$libinit$$0000002A)
    __rt_lib_init_atexit_1                   0x000002fb   Thumb Code     0  libinit2.o(.ARM.Collect$$libinit$$00000019)
    __rt_lib_init_clock_1                    0x000002fb   Thumb Code     0  libinit2.o(.ARM.Collect$$libinit$$0000001F)
    __rt_lib_init_cpp_1                      0x000002fb   Thumb Code     0  libinit2.o(.ARM.Collect$$libinit$$00000030)
    __rt_lib_init_exceptions_1               0x000002fb   Thumb Code     0  libinit2.o(.ARM.Collect$$libinit$$0000002E)
    __rt_lib_init_fp_1                       0x000002fb   Thumb Code     0  libinit2.o(.ARM.Collect$$libinit$$00000002)
    __rt_lib_init_fp_trap_1                  0x000002fb   Thumb Code     0  libinit2.o(.ARM.Collect$$libinit$$0000001D)
    __rt_lib_init_getenv_1                   0x000002fb   Thumb Code     0  libinit2.o(.ARM.Collect$$libinit$$00000021)
    __rt_lib_init_heap_1                     0x000002fb   Thumb Code     0  libinit2.o(.ARM.Collect$$libinit$$00000008)
    __rt_lib_init_lc_collate_1               0x000002fb   Thumb Code     0  libinit2.o(.ARM.Collect$$libinit$$0000000F)
    __rt_lib_init_lc_ctype_1                 0x000002fb   Thumb Code     0  libinit2.o(.ARM.Collect$$libinit$$00000011)
    __rt_lib_init_lc_monetary_1              0x000002fb   Thumb Code     0  libinit2.o(.ARM.Collect$$libinit$$00000013)
    __rt_lib_init_lc_numeric_1               0x000002fb   Thumb Code     0  libinit2.o(.ARM.Collect$$libinit$$00000015)
    __rt_lib_init_lc_time_1                  0x000002fb   Thumb Code     0  libinit2.o(.ARM.Collect$$libinit$$00000017)
    __rt_lib_init_rand_1                     0x000002fb   Thumb Code     0  libinit2.o(.ARM.Collect$$libinit$$0000000C)
    __rt_lib_init_return                     0x000002fb   Thumb Code     0  libinit2.o(.ARM.Collect$$libinit$$00000031)
    __rt_lib_init_signal_1                   0x000002fb   Thumb Code     0  libinit2.o(.ARM.Collect$$libinit$$0000001B)
    __rt_lib_init_stdio_1                    0x000002fb   Thumb Code     0  libinit2.o(.ARM.Collect$$libinit$$00000023)
    __rt_lib_init_user_alloc_1               0x000002fb   Thumb Code     0  libinit2.o(.ARM.Collect$$libinit$$0000000A)
    __rt_lib_shutdown                        0x000002fd   Thumb Code     0  libshutdown.o(.ARM.Collect$$libshutdown$$00000000)
    __rt_lib_shutdown_fp_trap_1              0x000002ff   Thumb Code     0  libshutdown2.o(.ARM.Collect$$libshutdown$$00000006)
    __rt_lib_shutdown_heap_1                 0x000002ff   Thumb Code     0  libshutdown2.o(.ARM.Collect$$libshutdown$$0000000E)
    __rt_lib_shutdown_return                 0x000002ff   Thumb Code     0  libshutdown2.o(.ARM.Collect$$libshutdown$$0000000F)
    __rt_lib_shutdown_signal_1               0x000002ff   Thumb Code     0  libshutdown2.o(.ARM.Collect$$libshutdown$$00000009)
    __rt_lib_shutdown_stdio_1                0x000002ff   Thumb Code     0  libshutdown2.o(.ARM.Collect$$libshutdown$$00000003)
    __rt_lib_shutdown_user_alloc_1           0x000002ff   Thumb Code     0  libshutdown2.o(.ARM.Collect$$libshutdown$$0000000B)
    __rt_entry                               0x00000301   Thumb Code     0  rtentry.o(.ARM.Collect$$rtentry$$00000000)
    __rt_entry_presh_1                       0x00000301   Thumb Code     0  rtentry2.o(.ARM.Collect$$rtentry$$00000002)
    __rt_entry_sh                            0x00000301   Thumb Code     0  rtentry4.o(.ARM.Collect$$rtentry$$00000004)
    __rt_entry_li                            0x00000307   Thumb Code     0  rtentry2.o(.ARM.Collect$$rtentry$$0000000A)
    __rt_entry_postsh_1                      0x00000307   Thumb Code     0  rtentry2.o(.ARM.Collect$$rtentry$$00000009)
    __rt_entry_main                          0x0000030b   Thumb Code     0  rtentry2.o(.ARM.Collect$$rtentry$$0000000D)
    __rt_entry_postli_1                      0x0000030b   Thumb Code     0  rtentry2.o(.ARM.Collect$$rtentry$$0000000C)
    __rt_exit                                0x00000313   Thumb Code     0  rtexit.o(.ARM.Collect$$rtexit$$00000000)
    __rt_exit_ls                             0x00000315   Thumb Code     0  rtexit2.o(.ARM.Collect$$rtexit$$00000003)
    __rt_exit_prels_1                        0x00000315   Thumb Code     0  rtexit2.o(.ARM.Collect$$rtexit$$00000002)
    __rt_exit_exit                           0x00000319   Thumb Code     0  rtexit2.o(.ARM.Collect$$rtexit$$00000004)
    DisableInterrupts                        0x00000321   Thumb Code     0  startup_tm4c123.o(.text)
    EnableInterrupts                         0x00000325   Thumb Code     0  startup_tm4c123.o(.text)
    StartCritical                            0x00000329   Thumb Code     0  startup_tm4c123.o(.text)
    EndCritical                              0x00000331   Thumb Code     0  startup_tm4c123.o(.text)
    WaitForInterrupt                         0x00000337   Thumb Code     0  startup_tm4c123.o(.text)
    __user_initial_stackheap                 0x0000033b   Thumb Code     0  startup_tm4c123.o(.text)
    OS_DisableInterrupts                     0x00000351   Thumb Code     0  osasm.o(.text)
    OS_EnableInterrupts                      0x00000355   Thumb Code     0  osasm.o(.text)
    PendSV_Handler                           0x00000359   Thumb Code     0  osasm.o(.text)
    StartOS                                  0x00000377   Thumb Code     0  osasm.o(.text)
    __use_two_region_memory                  0x00000399   Thumb Code     2  heapauxi.o(.text)
    __rt_heap_escrow$2region                 0x0000039b   Thumb Code     2  heapauxi.o(.text)
    __rt_heap_expand$2region                 0x0000039d   Thumb Code     2  heapauxi.o(.text)
    __user_setup_stackheap                   0x0000039f   Thumb Code    74  sys_stackheap_outer.o(.text)
    exit                                     0x000003e9   Thumb Code    12  exit.o(.text)
    __user_libspace                          0x000003f5   Thumb Code     8  libspace.o(.text)
    __user_perproc_libspace                  0x000003f5   Thumb Code     0  libspace.o(.text)
    __user_perthread_libspace                0x000003f5   Thumb Code     0  libspace.o(.text)
    _sys_exit                                0x000003fd   Thumb Code     8  sys_exit.o(.text)
    __I$use$semihosting                      0x00000409   Thumb Code     0  use_no_semi.o(.text)
    __use_no_semihosting_swi                 0x00000409   Thumb Code     2  use_no_semi.o(.text)
    __semihosting_library_function           0x0000040b   Thumb Code     0  indicate_semi.o(.text)
    ADC0Seq3_Handler                         0x0000040d   Thumb Code    16  adc.o(i.ADC0Seq3_Handler)
    OS_AddThread                             0x00000429   Thumb Code   150  os.o(i.OS_AddThread)
    OS_Init                                  0x000004d1   Thumb Code    40  os.o(i.OS_Init)
    OS_Launch                                0x000004fd   Thumb Code    22  os.o(i.OS_Launch)
    PLL_Init                                 0x00000515   Thumb Code   118  pll.o(i.PLL_Init)
    PortE_Init                               0x00000591   Thumb Code    86  lab2.o(i.PortE_Init)
    RxFifo_Put                               0x000005f9   Thumb Code    48  uart.o(i.RxFifo_Put)
    RxFifo_Size                              0x00000635   Thumb Code    14  uart.o(i.RxFifo_Size)
    SetInitialStack                          0x0000064d   Thumb Code   228  os.o(i.SetInitialStack)
    SysTick_Handler                          0x00000739   Thumb Code    10  os.o(i.SysTick_Handler)
    Thread1b                                 0x00000749   Thumb Code    32  lab2.o(i.Thread1b)
    Thread2b                                 0x00000771   Thumb Code    32  lab2.o(i.Thread2b)
    Thread3b                                 0x00000799   Thumb Code    32  lab2.o(i.Thread3b)
    TxFifo_Get                               0x000007c1   Thumb Code    46  uart.o(i.TxFifo_Get)
    TxFifo_Size                              0x000007fd   Thumb Code    14  uart.o(i.TxFifo_Size)
    UART0_Handler                            0x00000815   Thumb Code    82  uart.o(i.UART0_Handler)
    main                                     0x000008c1   Thumb Code    86  lab2.o(i.main)
    Region$$Table$$Base                      0x0000092c   Number         0  anon$$obj.o(Region$$Table)
    Region$$Table$$Limit                     0x0000094c   Number         0  anon$$obj.o(Region$$Table)
    NumThreads                               0x20000000   Data           4  os.o(.data)
    RunPt                                    0x20000004   Data           4  os.o(.data)
    NumCreated                               0x20000018   Data           4  lab2.o(.data)
    PIDWork                                  0x2000001c   Data           4  lab2.o(.data)
    FilterWork                               0x20000020   Data           4  lab2.o(.data)
    NumSamples                               0x20000024   Data           4  lab2.o(.data)
    DataLost                                 0x20000028   Data           4  lab2.o(.data)
    MaxJitter                                0x2000002c   Data           4  lab2.o(.data)
    TotalWithI1                              0x20000030   Data           4  lab2.o(.data)
    MaxWithI1                                0x20000034   Data           2  lab2.o(.data)
    DASoutput                                0x20000038   Data           4  lab2.o(.data)
    IntTerm                                  0x2000003c   Data           2  lab2.o(.data)
    PrevError                                0x2000003e   Data           2  lab2.o(.data)
    Coeff                                    0x20000040   Data           6  lab2.o(.data)
    Actuator                                 0x20000046   Data           2  lab2.o(.data)
    Count1                                   0x20000048   Data           4  lab2.o(.data)
    Count2                                   0x2000004c   Data           4  lab2.o(.data)
    Count3                                   0x20000050   Data           4  lab2.o(.data)
    Count4                                   0x20000054   Data           4  lab2.o(.data)
    Count5                                   0x20000058   Data           4  lab2.o(.data)
    Readyc                                   0x2000005c   Data           4  lab2.o(.data)
    Lost                                     0x20000060   Data           4  lab2.o(.data)
    Readyd                                   0x20000064   Data           4  lab2.o(.data)
    OtherCount1                              0x20000068   Data           4  lab2.o(.data)
    Expected8                                0x2000006c   Data           4  lab2.o(.data)
    Error8                                   0x20000070   Data           4  lab2.o(.data)
    CountA                                   0x20000074   Data           4  lab2.o(.data)
    CountB                                   0x20000078   Data           4  lab2.o(.data)
    s                                        0x2000007c   Data           4  lab2.o(.data)
    SignalCount1                             0x20000080   Data           4  lab2.o(.data)
    SignalCount2                             0x20000084   Data           4  lab2.o(.data)
    SignalCount3                             0x20000088   Data           4  lab2.o(.data)
    WaitCount1                               0x2000008c   Data           4  lab2.o(.data)
    WaitCount2                               0x20000090   Data           4  lab2.o(.data)
    WaitCount3                               0x20000094   Data           4  lab2.o(.data)
    ADCvalue                                 0x20000098   Data           4  adc.o(.data)
    RxPutI                                   0x2000009c   Data           4  uart.o(.data)
    RxGetI                                   0x200000a0   Data           4  uart.o(.data)
    TxPutI                                   0x200000a4   Data           4  uart.o(.data)
    TxGetI                                   0x200000a8   Data           4  uart.o(.data)
    tcbs                                     0x200000ac   Data          72  os.o(.bss)
    Stacks                                   0x200000f4   Data        1536  os.o(.bss)
    __libspace_start                         0x20000714   Data          96  libspace.o(.bss)
    __temporary_stack_top$libspace           0x20000774   Data           0  libspace.o(.bss)



==============================================================================

Memory Map of the image

  Image Entry point : 0x00000285

  Load Region LR_IROM1 (Base: 0x00000000, Size: 0x000009f8, Max: 0x00040000, ABSOLUTE)

    Execution Region ER_IROM1 (Base: 0x00000000, Size: 0x0000094c, Max: 0x00040000, ABSOLUTE)

    Base Addr    Size         Type   Attr      Idx    E Section Name        Object

    0x00000000   0x00000284   Code   RO            3    RESET               startup_tm4c123.o
    0x00000284   0x00000008   Code   RO         1045  * !!!main             c_w.l(__main.o)
    0x0000028c   0x00000034   Code   RO         1199    !!!scatter          c_w.l(__scatter.o)
    0x000002c0   0x0000001a   Code   RO         1201    !!handler_copy      c_w.l(__scatter_copy.o)
    0x000002da   0x00000002   PAD
    0x000002dc   0x0000001c   Code   RO         1203    !!handler_zi        c_w.l(__scatter_zi.o)
    0x000002f8   0x00000002   Code   RO         1072    .ARM.Collect$$libinit$$00000000  c_w.l(libinit.o)
    0x000002fa   0x00000000   Code   RO         1079    .ARM.Collect$$libinit$$00000002  c_w.l(libinit2.o)
    0x000002fa   0x00000000   Code   RO         1082    .ARM.Collect$$libinit$$00000008  c_w.l(libinit2.o)
    0x000002fa   0x00000000   Code   RO         1084    .ARM.Collect$$libinit$$0000000A  c_w.l(libinit2.o)
    0x000002fa   0x00000000   Code   RO         1086    .ARM.Collect$$libinit$$0000000C  c_w.l(libinit2.o)
    0x000002fa   0x00000000   Code   RO         1089    .ARM.Collect$$libinit$$0000000F  c_w.l(libinit2.o)
    0x000002fa   0x00000000   Code   RO         1091    .ARM.Collect$$libinit$$00000011  c_w.l(libinit2.o)
    0x000002fa   0x00000000   Code   RO         1093    .ARM.Collect$$libinit$$00000013  c_w.l(libinit2.o)
    0x000002fa   0x00000000   Code   RO         1095    .ARM.Collect$$libinit$$00000015  c_w.l(libinit2.o)
    0x000002fa   0x00000000   Code   RO         1097    .ARM.Collect$$libinit$$00000017  c_w.l(libinit2.o)
    0x000002fa   0x00000000   Code   RO         1099    .ARM.Collect$$libinit$$00000019  c_w.l(libinit2.o)
    0x000002fa   0x00000000   Code   RO         1101    .ARM.Collect$$libinit$$0000001B  c_w.l(libinit2.o)
    0x000002fa   0x00000000   Code   RO         1103    .ARM.Collect$$libinit$$0000001D  c_w.l(libinit2.o)
    0x000002fa   0x00000000   Code   RO         1105    .ARM.Collect$$libinit$$0000001F  c_w.l(libinit2.o)
    0x000002fa   0x00000000   Code   RO         1107    .ARM.Collect$$libinit$$00000021  c_w.l(libinit2.o)
    0x000002fa   0x00000000   Code   RO         1109    .ARM.Collect$$libinit$$00000023  c_w.l(libinit2.o)
    0x000002fa   0x00000000   Code   RO         1113    .ARM.Collect$$libinit$$0000002A  c_w.l(libinit2.o)
    0x000002fa   0x00000000   Code   RO         1115    .ARM.Collect$$libinit$$0000002C  c_w.l(libinit2.o)
    0x000002fa   0x00000000   Code   RO         1117    .ARM.Collect$$libinit$$0000002E  c_w.l(libinit2.o)
    0x000002fa   0x00000000   Code   RO         1119    .ARM.Collect$$libinit$$00000030  c_w.l(libinit2.o)
    0x000002fa   0x00000002   Code   RO         1120    .ARM.Collect$$libinit$$00000031  c_w.l(libinit2.o)
    0x000002fc   0x00000002   Code   RO         1140    .ARM.Collect$$libshutdown$$00000000  c_w.l(libshutdown.o)
    0x000002fe   0x00000000   Code   RO         1154    .ARM.Collect$$libshutdown$$00000003  c_w.l(libshutdown2.o)
    0x000002fe   0x00000000   Code   RO         1157    .ARM.Collect$$libshutdown$$00000006  c_w.l(libshutdown2.o)
    0x000002fe   0x00000000   Code   RO         1160    .ARM.Collect$$libshutdown$$00000009  c_w.l(libshutdown2.o)
    0x000002fe   0x00000000   Code   RO         1162    .ARM.Collect$$libshutdown$$0000000B  c_w.l(libshutdown2.o)
    0x000002fe   0x00000000   Code   RO         1165    .ARM.Collect$$libshutdown$$0000000E  c_w.l(libshutdown2.o)
    0x000002fe   0x00000002   Code   RO         1166    .ARM.Collect$$libshutdown$$0000000F  c_w.l(libshutdown2.o)
    0x00000300   0x00000000   Code   RO         1047    .ARM.Collect$$rtentry$$00000000  c_w.l(rtentry.o)
    0x00000300   0x00000000   Code   RO         1049    .ARM.Collect$$rtentry$$00000002  c_w.l(rtentry2.o)
    0x00000300   0x00000006   Code   RO         1061    .ARM.Collect$$rtentry$$00000004  c_w.l(rtentry4.o)
    0x00000306   0x00000000   Code   RO         1051    .ARM.Collect$$rtentry$$00000009  c_w.l(rtentry2.o)
    0x00000306   0x00000004   Code   RO         1052    .ARM.Collect$$rtentry$$0000000A  c_w.l(rtentry2.o)
    0x0000030a   0x00000000   Code   RO         1054    .ARM.Collect$$rtentry$$0000000C  c_w.l(rtentry2.o)
    0x0000030a   0x00000008   Code   RO         1055    .ARM.Collect$$rtentry$$0000000D  c_w.l(rtentry2.o)
    0x00000312   0x00000002   Code   RO         1076    .ARM.Collect$$rtexit$$00000000  c_w.l(rtexit.o)
    0x00000314   0x00000000   Code   RO         1122    .ARM.Collect$$rtexit$$00000002  c_w.l(rtexit2.o)
    0x00000314   0x00000004   Code   RO         1123    .ARM.Collect$$rtexit$$00000003  c_w.l(rtexit2.o)
    0x00000318   0x00000006   Code   RO         1124    .ARM.Collect$$rtexit$$00000004  c_w.l(rtexit2.o)
    0x0000031e   0x00000002   PAD
    0x00000320   0x00000030   Code   RO            4    .text               startup_tm4c123.o
    0x00000350   0x00000048   Code   RO          541    .text               osasm.o
    0x00000398   0x00000006   Code   RO         1043    .text               c_w.l(heapauxi.o)
    0x0000039e   0x0000004a   Code   RO         1063    .text               c_w.l(sys_stackheap_outer.o)
    0x000003e8   0x0000000c   Code   RO         1065    .text               c_w.l(exit.o)
    0x000003f4   0x00000008   Code   RO         1073    .text               c_w.l(libspace.o)
    0x000003fc   0x0000000c   Code   RO         1132    .text               c_w.l(sys_exit.o)
    0x00000408   0x00000002   Code   RO         1143    .text               c_w.l(use_no_semi.o)
    0x0000040a   0x00000000   Code   RO         1145    .text               c_w.l(indicate_semi.o)
    0x0000040a   0x00000002   PAD
    0x0000040c   0x0000001c   Code   RO          550    i.ADC0Seq3_Handler  adc.o
    0x00000428   0x000000a8   Code   RO           15    i.OS_AddThread      os.o
    0x000004d0   0x0000002c   Code   RO           22    i.OS_Init           os.o
    0x000004fc   0x00000016   Code   RO           25    i.OS_Launch         os.o
    0x00000512   0x00000002   PAD
    0x00000514   0x0000007c   Code   RO          616    i.PLL_Init          pll.o
    0x00000590   0x00000068   Code   RO          214    i.PortE_Init        lab2.o
    0x000005f8   0x0000003c   Code   RO          910    i.RxFifo_Put        uart.o
    0x00000634   0x00000018   Code   RO          911    i.RxFifo_Size       uart.o
    0x0000064c   0x000000ec   Code   RO           38    i.SetInitialStack   os.o
    0x00000738   0x00000010   Code   RO           39    i.SysTick_Handler   os.o
    0x00000748   0x00000028   Code   RO          232    i.Thread1b          lab2.o
    0x00000770   0x00000028   Code   RO          234    i.Thread2b          lab2.o
    0x00000798   0x00000028   Code   RO          238    i.Thread3b          lab2.o
    0x000007c0   0x0000003c   Code   RO          912    i.TxFifo_Get        uart.o
    0x000007fc   0x00000018   Code   RO          915    i.TxFifo_Size       uart.o
    0x00000814   0x00000058   Code   RO          916    i.UART0_Handler     uart.o
    0x0000086c   0x00000028   Code   RO          926    i.copyHardwareToSoftware  uart.o
    0x00000894   0x0000002c   Code   RO          927    i.copySoftwareToHardware  uart.o
    0x000008c0   0x0000006c   Code   RO          251    i.main              lab2.o
    0x0000092c   0x00000020   Data   RO         1197    Region$$Table       anon$$obj.o


    Execution Region RW_IRAM1 (Base: 0x20000000, Size: 0x00000b78, Max: 0x00008000, ABSOLUTE)

    Base Addr    Size         Type   Attr      Idx    E Section Name        Object

    0x20000000   0x00000008   Data   RW           41    .data               os.o
    0x20000008   0x00000090   Data   RW          255    .data               lab2.o
    0x20000098   0x00000004   Data   RW          556    .data               adc.o
    0x2000009c   0x00000010   Data   RW          929    .data               uart.o
    0x200000ac   0x00000648   Zero   RW           40    .bss                os.o
    0x200006f4   0x00000020   Zero   RW          928    .bss                uart.o
    0x20000714   0x00000060   Zero   RW         1074    .bss                c_w.l(libspace.o)
    0x20000774   0x00000004   PAD
    0x20000778   0x00000000   Zero   RW            2    HEAP                startup_tm4c123.o
    0x20000778   0x00000400   Zero   RW            1    STACK               startup_tm4c123.o


==============================================================================

Image component sizes


      Code (inc. data)   RO Data    RW Data    ZI Data      Debug   Object Name

        28         12          0          4          0       1926   adc.o
       332         64          0        144          0       6540   lab2.o
       486         36          0          8       1608       8608   os.o
        72          4          0          0          0        272   osasm.o
       124          6          0          0          0        491   pll.o
       692        632          0          0       1024       1084   startup_tm4c123.o
       340         62          0         16         32       4700   uart.o

    ----------------------------------------------------------------------
      2076        816         32        172       2664      23621   Object Totals
         0          0         32          0          0          0   (incl. Generated)
         2          0          0          0          0          0   (incl. Padding)

    ----------------------------------------------------------------------

      Code (inc. data)   RO Data    RW Data    ZI Data      Debug   Library Member Name

         8          0          0          0          0         68   __main.o
        52          8          0          0          0          0   __scatter.o
        26          0          0          0          0          0   __scatter_copy.o
        28          0          0          0          0          0   __scatter_zi.o
        12          0          0          0          0         72   exit.o
         6          0          0          0          0        152   heapauxi.o
         0          0          0          0          0          0   indicate_semi.o
         2          0          0          0          0          0   libinit.o
         2          0          0          0          0          0   libinit2.o
         2          0          0          0          0          0   libshutdown.o
         2          0          0          0          0          0   libshutdown2.o
         8          4          0          0         96         68   libspace.o
         0          0          0          0          0          0   rtentry.o
        12          0          0          0          0          0   rtentry2.o
         6          0          0          0          0          0   rtentry4.o
         2          0          0          0          0          0   rtexit.o
        10          0          0          0          0          0   rtexit2.o
        12          4          0          0          0         68   sys_exit.o
        74          0          0          0          0         80   sys_stackheap_outer.o
         2          0          0          0          0         68   use_no_semi.o

    ----------------------------------------------------------------------
       272         16          0          0        100        576   Library Totals
         6          0          0          0          4          0   (incl. Padding)

    ----------------------------------------------------------------------

      Code (inc. data)   RO Data    RW Data    ZI Data      Debug   Library Name

       266         16          0          0         96        576   c_w.l

    ----------------------------------------------------------------------
       272         16          0          0        100        576   Library Totals

    ----------------------------------------------------------------------

==============================================================================


      Code (inc. data)   RO Data    RW Data    ZI Data      Debug   

      2348        832         32        172       2764      23001   Grand Totals
      2348        832         32        172       2764      23001   ELF Image Totals
      2348        832         32        172          0          0   ROM Totals

==============================================================================

    Total RO  Size (Code + RO Data)                 2380 (   2.32kB)
    Total RW  Size (RW Data + ZI Data)              2936 (   2.87kB)
    Total ROM Size (Code + RO Data + RW Data)       2552 (   2.49kB)

==============================================================================

