<html>
<body>
<pre>
<h1>µVision Build Log</h1>
<h2>Project:</h2>
C:\Users\tejas\Documents\GitHub\EE445M\Lab2_RTOS Kernel\Lab 2_RTOS Kernel.uvproj
Project File Date:  02/14/2018

<h2>Output:</h2>
Rebuild target 'Lab 2 RTOS Kernel'
assembling startup_TM4C123.s...
compiling os.c...
compiling Lab2.c...
assembling OSasm.s...
assembling cr4_fft_64_stm32.s...
assembling PID_stm32.s...
compiling ADC.c...
compiling Interpreter.c...
compiling PLL.c...
compiling ST7735.c...
compiling UART.c...
linking...
Program Size: Code=2552 RO-data=32 RW-data=172 ZI-data=2764  
".\Lab 2_RTOS Kernel.axf" - 0 Error(s), 0 Warning(s).
</pre>
</body>
</html>
