<html>
<body>
<pre>
<h1>µVision Build Log</h1>
<h2>Project:</h2>
C:\Users\oland\OneDrive - The University of Texas at Austin\Documents\UT\Spring2018\EE445M_Realtime_OS\EE445M\Lab4_4C123_FileSystem\Lab4.uvproj
Project File Date:  03/23/2018

<h2>Output:</h2>
Rebuild target 'Lab4'
assembling startup.s...
compiling PLL.c...
compiling ST7735.c...
compiling UART2.c...
compiling OS.c...
assembling osasm.s...
compiling ADC.c...
assembling cr4_fft_64_stm32.s...
compiling Interpreter.c...
compiling eDisk.c...
compiling efile.c...
efile.c(233): warning:  #177-D: variable "dirName" was declared but never referenced
        char dirName[NAME];
efile.c: 1 warning, 0 errors
compiling Lab4.c...
linking...
Program Size: Code=15176 RO-data=1540 RW-data=312 ZI-data=11776  
".\Lab4.axf" - 0 Error(s), 1 Warning(s).
Load "C:\\Users\\oland\\OneDrive - The University of Texas at Austin\\Documents\\UT\\Spring2018\\EE445M_Realtime_OS\\EE445M\\Lab4_4C123_FileSystem\\Lab4.axf" 
Connecting: Mode=JTAG, Speed=1000000Hz
Erase Done.
Programming Done.
Verify OK.
m\\Lab4.axf" 
Connecting: Mode=JTAG, Speed=1000000Hz
Erase Done.
Programming Done.
Verify OK.
