<html>
<body>
<pre>
<h1>µVision Build Log</h1>
<h2>Project:</h2>
C:\Users\oland\OneDrive - The University of Texas at Austin\Documents\UT\Spring2018\EE445M_Realtime_OS\EE445M\Lab4_4C123_FileSystem\Lab4.uvproj
Project File Date:  03/18/2018

<h2>Output:</h2>
Rebuild target 'Lab4'
assembling startup.s...
compiling PLL.c...
compiling ST7735.c...
compiling UART2.c...
compiling OS.c...
assembling osasm.s...
compiling ADC.c...
assembling cr4_fft_64_stm32.s...
compiling Interpreter.c...
compiling eDisk.c...
compiling efile.c...
compiling Lab4.c...
linking...
Program Size: Code=10148 RO-data=1540 RW-data=288 ZI-data=9208  
".\Lab4.axf" - 0 Error(s), 0 Warning(s).
ion
                for (int j = 0; j < NAME; j++){
efile.c(91): error:  #20: identifier "j" is undefined
                for (int j = 0; j < NAME; j++){
efile.c: 0 warnings, 3 errors
compiling Lab4.c...
".\Lab4.axf" - 3 Error(s), 0 Warning(s).
Target not created
may not appear after executable statement in block
        int freeStartSector_idx = directory[0].startSector;
efile.c(119): error:  #268: declaration may not appear after executable statement in block
        int newfreeSector_idx = FAT[freeStartSector_idx];       // new startSector for free
efile.c: 0 warnings, 8 errors
".\Lab4.axf" - 8 Error(s), 0 Warning(s).
Target not created
ay not appear after executable statement in block
        int freeStartSector_idx = directory[0].startSector;
efile.c(119): error:  #268: declaration may not appear after executable statement in block
        int newfreeSector_idx = FAT[freeStartSector_idx];       // new startSector for free
efile.c: 0 warnings, 12 errors
".\Lab4.axf" - 12 Error(s), 0 Warning(s).
Target not created
