<html>
<body>
<pre>
<h1>µVision Build Log</h1>
<h2>Project:</h2>
C:\Users\oland\OneDrive - The University of Texas at Austin\Documents\UT\Spring2018\EE445M_Realtime_OS\EE445M\Lab4_4C123_FileSystem\Lab4.uvproj
Project File Date:  03/18/2018

<h2>Output:</h2>
Rebuild target 'Lab4'
assembling startup.s...
compiling PLL.c...
compiling ST7735.c...
compiling UART2.c...
compiling OS.c...
assembling osasm.s...
compiling ADC.c...
assembling cr4_fft_64_stm32.s...
compiling Interpreter.c...
compiling eDisk.c...
compiling efile.c...
compiling Lab4.c...
linking...
Program Size: Code=13044 RO-data=2052 RW-data=304 ZI-data=9216  
".\Lab4.axf" - 0 Error(s), 0 Warning(s).
Load "C:\\Users\\oland\\OneDrive - The University of Texas at Austin\\Documents\\UT\\Spring2018\\EE445M_Realtime_OS\\EE445M\\Lab4_4C123_FileSystem\\Lab4.axf" 
Connecting: Mode=JTAG, Speed=1000000Hz
Erase Done.
Programming Done.
Verify OK.
;i<NUMTHREADS;i++){
OS.c: 0 warnings, 5 errors
".\Lab4.axf" - 5 Error(s), 0 Warning(s).
Target not created
;i<NUMTHREADS;i++){
OS.c: 0 warnings, 6 errors
".\Lab4.axf" - 6 Error(s), 0 Warning(s).
Target not created
c: 0 warnings, 7 errors
".\Lab4.axf" - 7 Error(s), 0 Warning(s).
Target not created

OS.c(941): error:  #20: identifier "i" is undefined
        for(int i=0;i<NUMTHREADS;i++){
OS.c: 0 warnings, 8 errors
assembling osasm.s...
compiling ADC.c...
assembling cr4_fft_64_stm32.s...
compiling Interpreter.c...
compiling eDisk.c...
compiling efile.c...
compiling Lab4.c...
".\Lab4.axf" - 8 Error(s), 0 Warning(s).
Target not created
compiling efile.c...
compiling Lab4.c...
".\Lab4.axf" - 9 Error(s), 0 Warning(s).
Target not created
ed
iling ADC.c...
assembling cr4_fft_64_stm32.s...
compiling Interpreter.c...
compiling eDisk.c...
compiling efile.c...
compiling Lab4.c...
".\Lab4.axf" - 10 Error(s), 0 Warning(s).
Target not created
warnings, 12 errors
assembling osasm.s...
compiling ADC.c...
assembling cr4_fft_64_stm32.s...
compiling Interpreter.c...
compiling eDisk.c...
compiling efile.c...
compiling Lab4.c...
".\Lab4.axf" - 12 Error(s), 0 Warning(s).
Target not created

Target not created
g Lab4.c...
".\Lab4.axf" - 12 Error(s), 1 Warning(s).
Target not created
 is undefined
        for(int i=0;i<NUMTHREADS;i++){
OS.c: 1 warning, 10 errors
assembling osasm.s...
compiling ADC.c...
assembling cr4_fft_64_stm32.s...
compiling Interpreter.c...
UART2.h(192): warning:  #1-D: last line of file ends without a newline
  void OutCRLF(void);
Interpreter.c: 1 warning, 0 errors
compiling eDisk.c...
compiling efile.c...
UART2.h(192): warning:  #1-D: last line of file ends without a newline
  void OutCRLF(void);
efile.c: 1 warning, 0 errors
compiling Lab4.c...
UART2.h(192): warning:  #1-D: last line of file ends without a newline
  void OutCRLF(void);
Lab4.c: 1 warning, 0 errors
".\Lab4.axf" - 12 Error(s), 7 Warning(s).
Target not created
L_R" (declared at line 361 of "..\inc/tm4c123gh6pm.h")
  #define UART0_CTL_R             (*((volatile unsigned long *)0x4000C030))
UART2.c(50): warning:  #47-D: incompatible redefinition of macro "UART0_IFLS_R" (declared at line 362 of "..\inc/tm4c123gh6pm.h")
  #define UART0_IFLS_R            (*((volatile unsigned long *)0x4000C034))
UART2.c(51): warning:  #47-D: incompatible redefinition of macro "UART0_IM_R" (declared at line 363 of "..\inc/tm4c123gh6pm.h")
  #define UART0_IM_R              (*((volatile unsigned long *)0x4000C038))
UART2.c(52): warning:  #47-D: incompatible redefinition of macro "UART0_RIS_R" (declared at line 364 of "..\inc/tm4c123gh6pm.h")
  #define UART0_RIS_R             (*((volatile unsigned long *)0x4000C03C))
UART2.c(53): warning:  #47-D: incompatible redefinition of macro "UART0_ICR_R" (declared at line 366 of "..\inc/tm4c123gh6pm.h")
  #define UART0_ICR_R             (*((volatile unsigned long *)0x4000C044))
UART2.c(75): warning:  #47-D: incompatible redefinition of macro "SYSCTL_RCGC1_R" (declared at line 2058 of "..\inc/tm4c123gh6pm.h")
  #define SYSCTL_RCGC1_R          (*((volatile unsigned long *)0x400FE104))
UART2.c(76): warning:  #47-D: incompatible redefinition of macro "SYSCTL_RCGC2_R" (declared at line 2059 of "..\inc/tm4c123gh6pm.h")
  #define SYSCTL_RCGC2_R          (*((volatile unsigned long *)0x400FE108))
UART2.c: 18 warnings, 0 errors
compiling OS.c...
OS.c(205): error:  #29: expected an expression
        for(int i = 0; i < NUMTHREADS; i++){ // initialize the state of the tcb (-1 means tcbs are free)
OS.c(205): error:  #20: identifier "i" is undefined
        for(int i = 0; i < NUMTHREADS; i++){ // initialize the state of the tcb (-1 means tcbs are free)
OS.c(208): error:  #29: expected an expression
        for(int i = 0; i < PRILEVELS; i++){
OS.c(211): error:  #29: expected an expression
        for(int i = 0; i < 100; i++){
OS.c(339): error:  #268: declaration may not appear after executable statement in block
        int freetcb;
OS.c(357): error:  #268: declaration may not appear after executable statement in block
                tcbType *last = RunPt->prev; 
OS.c(687): error:  #268: declaration may not appear after executable statement in block
                int status = OS_AddThread(&SW1_Debounce,128,SW1_Priority);
OS.c(698): error:  #268: declaration may not appear after executable statement in block
                int status = OS_AddThread(&SW2_Debounce,128,SW2_Priority);
OS.c(937): error:  #29: expected an expression
        for(int i=0;i<NUMTHREADS;i++){
OS.c(937): error:  #20: identifier "i" is undefined
        for(int i=0;i<NUMTHREADS;i++){
OS.c: 0 warnings, 10 errors
assembling osasm.s...
compiling ADC.c...
assembling cr4_fft_64_stm32.s...
compiling Interpreter.c...
compiling eDisk.c...
compiling efile.c...
compiling Lab4.c...
".\Lab4.axf" - 10 Error(s), 19 Warning(s).
Target not created
