ARM Linker, 5.03 [Build 76] [MDK-ARM Professional]

==============================================================================

Section Cross References

    startup.o(RESET) refers to startup.o(STACK) for StackMem
    startup.o(RESET) refers to osasm.o(.text) for PendSV_Handler
    startup.o(RESET) refers to os.o(i.SysTick_Handler) for SysTick_Handler
    startup.o(RESET) refers to uart2.o(i.UART0_Handler) for UART0_Handler
    startup.o(RESET) refers to adc.o(i.ADC0Seq0_Handler) for ADC0Seq0_Handler
    startup.o(RESET) refers to os.o(i.Timer0A_Handler) for Timer0A_Handler
    startup.o(RESET) refers to os.o(i.Timer1A_Handler) for Timer1A_Handler
    startup.o(RESET) refers to os.o(i.GPIOPortF_Handler) for GPIOPortF_Handler
    startup.o(RESET) refers to os.o(i.Timer3A_Handler) for Timer3A_Handler
    startup.o(RESET) refers to os.o(i.Timer4A_Handler) for Timer4A_Handler
    startup.o(RESET) refers to entry.o(.ARM.Collect$$$$00000000) for __main
    st7735.o(i.LCD_Init) refers to st7735.o(i.ST7735_InitR) for ST7735_InitR
    st7735.o(i.LCD_Init) refers to st7735.o(i.ST7735_FillScreen) for ST7735_FillScreen
    st7735.o(i.LCD_Init) refers to st7735.o(i.ST7735_SetCursor) for ST7735_SetCursor
    st7735.o(i.LCD_Init) refers to st7735.o(i.ST7735_OutString) for ST7735_OutString
    st7735.o(i.LCD_Init) refers to st7735.o(i.ST7735_DrawFastHLine) for ST7735_DrawFastHLine
    st7735.o(i.LCD_Init) refers to os.o(i.OS_InitSemaphore) for OS_InitSemaphore
    st7735.o(i.LCD_Init) refers to st7735.o(.data) for ST7735Free
    st7735.o(i.Output_Clear) refers to st7735.o(i.ST7735_FillScreen) for ST7735_FillScreen
    st7735.o(i.Output_Color) refers to st7735.o(i.ST7735_SetTextColor) for ST7735_SetTextColor
    st7735.o(i.Output_Init) refers to st7735.o(i.ST7735_InitR) for ST7735_InitR
    st7735.o(i.Output_Init) refers to st7735.o(i.ST7735_FillScreen) for ST7735_FillScreen
    st7735.o(i.Output_Off) refers to st7735.o(i.Output_Clear) for Output_Clear
    st7735.o(i.Output_On) refers to st7735.o(i.Output_Init) for Output_Init
    st7735.o(i.ST7735_DrawBitmap) refers to st7735.o(i.setAddrWindow) for setAddrWindow
    st7735.o(i.ST7735_DrawBitmap) refers to st7735.o(i.writedata) for writedata
    st7735.o(i.ST7735_DrawBitmap) refers to st7735.o(.data) for _width
    st7735.o(i.ST7735_DrawChar) refers to st7735.o(i.setAddrWindow) for setAddrWindow
    st7735.o(i.ST7735_DrawChar) refers to st7735.o(i.pushColor) for pushColor
    st7735.o(i.ST7735_DrawChar) refers to st7735.o(.data) for _width
    st7735.o(i.ST7735_DrawChar) refers to st7735.o(.constdata) for Font
    st7735.o(i.ST7735_DrawCharS) refers to st7735.o(i.ST7735_DrawPixel) for ST7735_DrawPixel
    st7735.o(i.ST7735_DrawCharS) refers to st7735.o(i.ST7735_FillRect) for ST7735_FillRect
    st7735.o(i.ST7735_DrawCharS) refers to st7735.o(.data) for _width
    st7735.o(i.ST7735_DrawCharS) refers to st7735.o(.constdata) for Font
    st7735.o(i.ST7735_DrawFastHLine) refers to st7735.o(i.setAddrWindow) for setAddrWindow
    st7735.o(i.ST7735_DrawFastHLine) refers to st7735.o(i.writedata) for writedata
    st7735.o(i.ST7735_DrawFastHLine) refers to st7735.o(.data) for _width
    st7735.o(i.ST7735_DrawFastVLine) refers to st7735.o(i.setAddrWindow) for setAddrWindow
    st7735.o(i.ST7735_DrawFastVLine) refers to st7735.o(i.writedata) for writedata
    st7735.o(i.ST7735_DrawFastVLine) refers to st7735.o(.data) for _width
    st7735.o(i.ST7735_DrawPixel) refers to st7735.o(i.setAddrWindow) for setAddrWindow
    st7735.o(i.ST7735_DrawPixel) refers to st7735.o(i.pushColor) for pushColor
    st7735.o(i.ST7735_DrawPixel) refers to st7735.o(.data) for _width
    st7735.o(i.ST7735_DrawString) refers to st7735.o(i.ST7735_DrawCharS) for ST7735_DrawCharS
    st7735.o(i.ST7735_FillRect) refers to st7735.o(i.setAddrWindow) for setAddrWindow
    st7735.o(i.ST7735_FillRect) refers to st7735.o(i.writedata) for writedata
    st7735.o(i.ST7735_FillRect) refers to st7735.o(.data) for _width
    st7735.o(i.ST7735_FillScreen) refers to st7735.o(i.ST7735_FillRect) for ST7735_FillRect
    st7735.o(i.ST7735_FillScreen) refers to st7735.o(.data) for _height
    st7735.o(i.ST7735_InitB) refers to st7735.o(i.commonInit) for commonInit
    st7735.o(i.ST7735_InitB) refers to st7735.o(i.ST7735_SetCursor) for ST7735_SetCursor
    st7735.o(i.ST7735_InitB) refers to st7735.o(i.ST7735_FillScreen) for ST7735_FillScreen
    st7735.o(i.ST7735_InitB) refers to st7735.o(.constdata) for Bcmd
    st7735.o(i.ST7735_InitB) refers to st7735.o(.data) for StTextColor
    st7735.o(i.ST7735_InitR) refers to st7735.o(i.commonInit) for commonInit
    st7735.o(i.ST7735_InitR) refers to st7735.o(i.commandList) for commandList
    st7735.o(i.ST7735_InitR) refers to st7735.o(i.writecommand) for writecommand
    st7735.o(i.ST7735_InitR) refers to st7735.o(i.writedata) for writedata
    st7735.o(i.ST7735_InitR) refers to st7735.o(i.ST7735_SetCursor) for ST7735_SetCursor
[...]
    printf2.o(i.__0vprintf$2) refers to stdout.o(.data) for __stdout
    printf2.o(i.__0vsnprintf$2) refers to printf2.o(i._printf_core) for _printf_core
    printf2.o(i.__0vsnprintf$2) refers to printf2.o(i._snputc) for _snputc
    printf2.o(i.__0vsprintf$2) refers to printf2.o(i._printf_core) for _printf_core
    printf2.o(i.__0vsprintf$2) refers to printf2.o(i._sputc) for _sputc
    printf3.o(i.__0fprintf$3) refers to printf3.o(i._printf_core) for _printf_core
    printf3.o(i.__0fprintf$3) refers to efile.o(i.fputc) for fputc
    printf3.o(i.__0printf$3) refers to printf3.o(i._printf_core) for _printf_core
    printf3.o(i.__0printf$3) refers to efile.o(i.fputc) for fputc
    printf3.o(i.__0printf$3) refers to stdout.o(.data) for __stdout
    printf3.o(i.__0snprintf$3) refers to printf3.o(i._printf_core) for _printf_core
    printf3.o(i.__0snprintf$3) refers to printf3.o(i._snputc) for _snputc
    printf3.o(i.__0sprintf$3) refers to printf3.o(i._printf_core) for _printf_core
    printf3.o(i.__0sprintf$3) refers to printf3.o(i._sputc) for _sputc
    printf3.o(i.__0vfprintf$3) refers to printf3.o(i._printf_core) for _printf_core
    printf3.o(i.__0vfprintf$3) refers to efile.o(i.fputc) for fputc
    printf3.o(i.__0vprintf$3) refers to printf3.o(i._printf_core) for _printf_core
    printf3.o(i.__0vprintf$3) refers to efile.o(i.fputc) for fputc
    printf3.o(i.__0vprintf$3) refers to stdout.o(.data) for __stdout
    printf3.o(i.__0vsnprintf$3) refers to printf3.o(i._printf_core) for _printf_core
    printf3.o(i.__0vsnprintf$3) refers to printf3.o(i._snputc) for _snputc
    printf3.o(i.__0vsprintf$3) refers to printf3.o(i._printf_core) for _printf_core
    printf3.o(i.__0vsprintf$3) refers to printf3.o(i._sputc) for _sputc
    printf3.o(i._printf_core) refers to uidiv.o(.text) for __aeabi_uidivmod
    printf4.o(i.__0fprintf$4) refers to printf4.o(i._printf_core) for _printf_core
    printf4.o(i.__0fprintf$4) refers to efile.o(i.fputc) for fputc
    printf4.o(i.__0printf$4) refers to printf4.o(i._printf_core) for _printf_core
    printf4.o(i.__0printf$4) refers to efile.o(i.fputc) for fputc
    printf4.o(i.__0printf$4) refers to stdout.o(.data) for __stdout
    printf4.o(i.__0snprintf$4) refers to printf4.o(i._printf_core) for _printf_core
    printf4.o(i.__0snprintf$4) refers to printf4.o(i._snputc) for _snputc
    printf4.o(i.__0sprintf$4) refers to printf4.o(i._printf_core) for _printf_core
    printf4.o(i.__0sprintf$4) refers to printf4.o(i._sputc) for _sputc
    printf4.o(i.__0vfprintf$4) refers to printf4.o(i._printf_core) for _printf_core
    printf4.o(i.__0vfprintf$4) refers to efile.o(i.fputc) for fputc
    printf4.o(i.__0vprintf$4) refers to printf4.o(i._printf_core) for _printf_core
    printf4.o(i.__0vprintf$4) refers to efile.o(i.fputc) for fputc
    printf4.o(i.__0vprintf$4) refers to stdout.o(.data) for __stdout
    printf4.o(i.__0vsnprintf$4) refers to printf4.o(i._printf_core) for _printf_core
    printf4.o(i.__0vsnprintf$4) refers to printf4.o(i._snputc) for _snputc
    printf4.o(i.__0vsprintf$4) refers to printf4.o(i._printf_core) for _printf_core
    printf4.o(i.__0vsprintf$4) refers to printf4.o(i._sputc) for _sputc
    printf4.o(i._printf_core) refers to uldiv.o(.text) for __aeabi_uldivmod
    printf5.o(i.__0fprintf$5) refers to printf5.o(i._printf_core) for _printf_core
    printf5.o(i.__0fprintf$5) refers to efile.o(i.fputc) for fputc
    printf5.o(i.__0printf$5) refers to printf5.o(i._printf_core) for _printf_core
    printf5.o(i.__0printf$5) refers to efile.o(i.fputc) for fputc
    printf5.o(i.__0printf$5) refers to stdout.o(.data) for __stdout
    printf5.o(i.__0snprintf$5) refers to printf5.o(i._printf_core) for _printf_core
    printf5.o(i.__0snprintf$5) refers to printf5.o(i._snputc) for _snputc
    printf5.o(i.__0sprintf$5) refers to printf5.o(i._printf_core) for _printf_core
    printf5.o(i.__0sprintf$5) refers to printf5.o(i._sputc) for _sputc
    printf5.o(i.__0vfprintf$5) refers to printf5.o(i._printf_core) for _printf_core
    printf5.o(i.__0vfprintf$5) refers to efile.o(i.fputc) for fputc
    printf5.o(i.__0vprintf$5) refers to printf5.o(i._printf_core) for _printf_core
    printf5.o(i.__0vprintf$5) refers to efile.o(i.fputc) for fputc
    printf5.o(i.__0vprintf$5) refers to stdout.o(.data) for __stdout
    printf5.o(i.__0vsnprintf$5) refers to printf5.o(i._printf_core) for _printf_core
    printf5.o(i.__0vsnprintf$5) refers to printf5.o(i._snputc) for _snputc
    printf5.o(i.__0vsprintf$5) refers to printf5.o(i._printf_core) for _printf_core
    printf5.o(i.__0vsprintf$5) refers to printf5.o(i._sputc) for _sputc
    printf5.o(i._printf_core) refers to uldiv.o(.text) for __aeabi_uldivmod
    printf6.o(i.__0fprintf$6) refers to printf6.o(i._printf_core) for _printf_core
    printf6.o(i.__0fprintf$6) refers to efile.o(i.fputc) for fputc
    printf6.o(i.__0printf$6) refers to printf6.o(i._printf_core) for _printf_core
    printf6.o(i.__0printf$6) refers to efile.o(i.fputc) for fputc
    printf6.o(i.__0printf$6) refers to stdout.o(.data) for __stdout
    printf6.o(i.__0snprintf$6) refers to printf6.o(i._printf_core) for _printf_core
    printf6.o(i.__0snprintf$6) refers to printf6.o(i._snputc) for _snputc
    printf6.o(i.__0sprintf$6) refers to printf6.o(i._printf_core) for _printf_core
    printf6.o(i.__0sprintf$6) refers to printf6.o(i._sputc) for _sputc
    printf6.o(i.__0vfprintf$6) refers to printf6.o(i._printf_core) for _printf_core
    printf6.o(i.__0vfprintf$6) refers to efile.o(i.fputc) for fputc
    printf6.o(i.__0vprintf$6) refers to printf6.o(i._printf_core) for _printf_core
    printf6.o(i.__0vprintf$6) refers to efile.o(i.fputc) for fputc
    printf6.o(i.__0vprintf$6) refers to stdout.o(.data) for __stdout
    printf6.o(i.__0vsnprintf$6) refers to printf6.o(i._printf_core) for _printf_core
    printf6.o(i.__0vsnprintf$6) refers to printf6.o(i._snputc) for _snputc
    printf6.o(i.__0vsprintf$6) refers to printf6.o(i._printf_core) for _printf_core
    printf6.o(i.__0vsprintf$6) refers to printf6.o(i._sputc) for _sputc
    printf6.o(i._printf_core) refers to printf6.o(i._printf_pre_padding) for _printf_pre_padding
    printf6.o(i._printf_core) refers to uidiv.o(.text) for __aeabi_uidivmod
    printf6.o(i._printf_core) refers to printf6.o(i._printf_post_padding) for _printf_post_padding
    printf7.o(i.__0fprintf$7) refers to printf7.o(i._printf_core) for _printf_core
    printf7.o(i.__0fprintf$7) refers to efile.o(i.fputc) for fputc
    printf7.o(i.__0printf$7) refers to printf7.o(i._printf_core) for _printf_core
    printf7.o(i.__0printf$7) refers to efile.o(i.fputc) for fputc
    printf7.o(i.__0printf$7) refers to stdout.o(.data) for __stdout
    printf7.o(i.__0snprintf$7) refers to printf7.o(i._printf_core) for _printf_core
    printf7.o(i.__0snprintf$7) refers to printf7.o(i._snputc) for _snputc
    printf7.o(i.__0sprintf$7) refers to printf7.o(i._printf_core) for _printf_core
    printf7.o(i.__0sprintf$7) refers to printf7.o(i._sputc) for _sputc
    printf7.o(i.__0vfprintf$7) refers to printf7.o(i._printf_core) for _printf_core
    printf7.o(i.__0vfprintf$7) refers to efile.o(i.fputc) for fputc
    printf7.o(i.__0vprintf$7) refers to printf7.o(i._printf_core) for _printf_core
    printf7.o(i.__0vprintf$7) refers to efile.o(i.fputc) for fputc
    printf7.o(i.__0vprintf$7) refers to stdout.o(.data) for __stdout
    printf7.o(i.__0vsnprintf$7) refers to printf7.o(i._printf_core) for _printf_core
    printf7.o(i.__0vsnprintf$7) refers to printf7.o(i._snputc) for _snputc
    printf7.o(i.__0vsprintf$7) refers to printf7.o(i._printf_core) for _printf_core
    printf7.o(i.__0vsprintf$7) refers to printf7.o(i._sputc) for _sputc
    printf7.o(i._printf_core) refers to printf7.o(i._printf_pre_padding) for _printf_pre_padding
    printf7.o(i._printf_core) refers to uldiv.o(.text) for __aeabi_uldivmod
    printf7.o(i._printf_core) refers to printf7.o(i._printf_post_padding) for _printf_post_padding
    printf8.o(i.__0fprintf$8) refers to printf8.o(i._printf_core) for _printf_core
    printf8.o(i.__0fprintf$8) refers to efile.o(i.fputc) for fputc
    printf8.o(i.__0printf$8) refers to printf8.o(i._printf_core) for _printf_core
    printf8.o(i.__0printf$8) refers to efile.o(i.fputc) for fputc
    printf8.o(i.__0printf$8) refers to stdout.o(.data) for __stdout
    printf8.o(i.__0snprintf$8) refers to printf8.o(i._printf_core) for _printf_core
    printf8.o(i.__0snprintf$8) refers to printf8.o(i._snputc) for _snputc
    printf8.o(i.__0sprintf$8) refers to printf8.o(i._printf_core) for _printf_core
    printf8.o(i.__0sprintf$8) refers to printf8.o(i._sputc) for _sputc
    printf8.o(i.__0vfprintf$8) refers to printf8.o(i._printf_core) for _printf_core
    printf8.o(i.__0vfprintf$8) refers to efile.o(i.fputc) for fputc
    printf8.o(i.__0vprintf$8) refers to printf8.o(i._printf_core) for _printf_core
    printf8.o(i.__0vprintf$8) refers to efile.o(i.fputc) for fputc
    printf8.o(i.__0vprintf$8) refers to stdout.o(.data) for __stdout
    printf8.o(i.__0vsnprintf$8) refers to printf8.o(i._printf_core) for _printf_core
    printf8.o(i.__0vsnprintf$8) refers to printf8.o(i._snputc) for _snputc
    printf8.o(i.__0vsprintf$8) refers to printf8.o(i._printf_core) for _printf_core
    printf8.o(i.__0vsprintf$8) refers to printf8.o(i._sputc) for _sputc
    printf8.o(i._printf_core) refers to printf8.o(i._printf_pre_padding) for _printf_pre_padding
    printf8.o(i._printf_core) refers to uldiv.o(.text) for __aeabi_uldivmod
    printf8.o(i._printf_core) refers to printf8.o(i._printf_post_padding) for _printf_post_padding
    printfa.o(i.__0fprintf) refers (Special) to iusefp.o(.text) for __I$use$fp
    printfa.o(i.__0fprintf) refers to printfa.o(i._printf_core) for _printf_core
    printfa.o(i.__0fprintf) refers to efile.o(i.fputc) for fputc
    printfa.o(i.__0printf) refers (Special) to iusefp.o(.text) for __I$use$fp
    printfa.o(i.__0printf) refers to printfa.o(i._printf_core) for _printf_core
    printfa.o(i.__0printf) refers to efile.o(i.fputc) for fputc
    printfa.o(i.__0printf) refers to stdout.o(.data) for __stdout
    printfa.o(i.__0snprintf) refers (Special) to iusefp.o(.text) for __I$use$fp
    printfa.o(i.__0snprintf) refers to printfa.o(i._printf_core) for _printf_core
    printfa.o(i.__0snprintf) refers to printfa.o(i._snputc) for _snputc
    printfa.o(i.__0sprintf) refers (Special) to iusefp.o(.text) for __I$use$fp
    printfa.o(i.__0sprintf) refers to printfa.o(i._printf_core) for _printf_core
    printfa.o(i.__0sprintf) refers to printfa.o(i._sputc) for _sputc
    printfa.o(i.__0vfprintf) refers (Special) to iusefp.o(.text) for __I$use$fp
    printfa.o(i.__0vfprintf) refers to printfa.o(i._printf_core) for _printf_core
    printfa.o(i.__0vfprintf) refers to efile.o(i.fputc) for fputc
    printfa.o(i.__0vprintf) refers (Special) to iusefp.o(.text) for __I$use$fp
    printfa.o(i.__0vprintf) refers to printfa.o(i._printf_core) for _printf_core
    printfa.o(i.__0vprintf) refers to efile.o(i.fputc) for fputc
    printfa.o(i.__0vprintf) refers to stdout.o(.data) for __stdout
    printfa.o(i.__0vsnprintf) refers (Special) to iusefp.o(.text) for __I$use$fp
    printfa.o(i.__0vsnprintf) refers to printfa.o(i._printf_core) for _printf_core
    printfa.o(i.__0vsnprintf) refers to printfa.o(i._snputc) for _snputc
    printfa.o(i.__0vsprintf) refers (Special) to iusefp.o(.text) for __I$use$fp
    printfa.o(i.__0vsprintf) refers to printfa.o(i._printf_core) for _printf_core
    printfa.o(i.__0vsprintf) refers to printfa.o(i._sputc) for _sputc
    printfa.o(i._fp_digits) refers (Special) to iusefp.o(.text) for __I$use$fp
    printfa.o(i._fp_digits) refers to dmul.o(.text) for __aeabi_dmul
    printfa.o(i._fp_digits) refers to ddiv.o(.text) for __aeabi_ddiv
    printfa.o(i._fp_digits) refers to cdrcmple.o(.text) for __aeabi_cdrcmple
    printfa.o(i._fp_digits) refers to dadd.o(.text) for __aeabi_dadd
    printfa.o(i._fp_digits) refers to dfixul.o(.text) for __aeabi_d2ulz
    printfa.o(i._fp_digits) refers to uldiv.o(.text) for __aeabi_uldivmod
    printfa.o(i._printf_core) refers (Special) to iusefp.o(.text) for __I$use$fp
    printfa.o(i._printf_core) refers to printfa.o(i._printf_pre_padding) for _printf_pre_padding
    printfa.o(i._printf_core) refers to uldiv.o(.text) for __aeabi_uldivmod
    printfa.o(i._printf_core) refers to printfa.o(i._printf_post_padding) for _printf_post_padding
    printfa.o(i._printf_core) refers to printfa.o(i._fp_digits) for _fp_digits
    printfa.o(i._printf_core) refers to uidiv.o(.text) for __aeabi_uidivmod
    printfa.o(i._printf_post_padding) refers (Special) to iusefp.o(.text) for __I$use$fp
    printfa.o(i._printf_pre_padding) refers (Special) to iusefp.o(.text) for __I$use$fp
    printfa.o(i._snputc) refers (Special) to iusefp.o(.text) for __I$use$fp
    printfa.o(i._sputc) refers (Special) to iusefp.o(.text) for __I$use$fp
    entry2.o(.ARM.Collect$$$$00000001) refers to entry2.o(.ARM.Collect$$$$00002712) for __lit__00000000
    entry2.o(.ARM.Collect$$$$00002712) refers to startup.o(STACK) for __initial_sp
    entry2.o(__vectab_stack_and_reset_area) refers to startup.o(STACK) for __initial_sp
    entry2.o(__vectab_stack_and_reset_area) refers to entry.o(.ARM.Collect$$$$00000000) for __main
    entry5.o(.ARM.Collect$$$$00000004) refers to init.o(.text) for __scatterload
    entry9a.o(.ARM.Collect$$$$0000000B) refers to lab4.o(i.main) for main
    entry9b.o(.ARM.Collect$$$$0000000C) refers to lab4.o(i.main) for main
    uldiv.o(.text) refers to llushr.o(.text) for __aeabi_llsr
    uldiv.o(.text) refers to llshl.o(.text) for __aeabi_llsl
    dadd.o(.text) refers to llshl.o(.text) for __aeabi_llsl
    dadd.o(.text) refers to llsshr.o(.text) for __aeabi_lasr
    dadd.o(.text) refers to depilogue.o(.text) for _double_epilogue
    dmul.o(.text) refers to depilogue.o(.text) for _double_epilogue
    ddiv.o(.text) refers to depilogue.o(.text) for _double_round
    dfixul.o(.text) refers to llushr.o(.text) for __aeabi_llsr
    dfixul.o(.text) refers to llshl.o(.text) for __aeabi_llsl
    init.o(.text) refers to entry5.o(.ARM.Collect$$$$00000004) for __main_after_scatterload
    depilogue.o(.text) refers to llshl.o(.text) for __aeabi_llsl
    depilogue.o(.text) refers to llushr.o(.text) for __aeabi_llsr


==============================================================================

Removing Unused input sections from the image.

    Removing startup.o(HEAP), (0 bytes).
    Removing st7735.o(i.Output_Clear), (10 bytes).
    Removing st7735.o(i.Output_Color), (12 bytes).
    Removing st7735.o(i.Output_Init), (16 bytes).
    Removing st7735.o(i.Output_Off), (8 bytes).
    Removing st7735.o(i.Output_On), (8 bytes).
    Removing st7735.o(i.ST7735_Color565), (24 bytes).
    Removing st7735.o(i.ST7735_DrawBitmap), (288 bytes).
    Removing st7735.o(i.ST7735_DrawChar), (268 bytes).
    Removing st7735.o(i.ST7735_DrawFastVLine), (124 bytes).
    Removing st7735.o(i.ST7735_InitB), (40 bytes).
    Removing st7735.o(i.ST7735_InvertDisplay), (22 bytes).
    Removing st7735.o(i.ST7735_OutString2), (86 bytes).
    Removing st7735.o(i.ST7735_PlotBar), (88 bytes).
    Removing st7735.o(i.ST7735_PlotClear), (92 bytes).
    Removing st7735.o(i.ST7735_PlotLine), (264 bytes).
    Removing st7735.o(i.ST7735_PlotNext), (32 bytes).
    Removing st7735.o(i.ST7735_PlotNextErase), (64 bytes).
    Removing st7735.o(i.ST7735_PlotPoint), (152 bytes).
    Removing st7735.o(i.ST7735_PlotPoints), (172 bytes).
    Removing st7735.o(i.ST7735_PlotdBfs), (60 bytes).
    Removing st7735.o(i.ST7735_SetRotation), (212 bytes).
    Removing st7735.o(i.ST7735_SetTextColor), (12 bytes).
    Removing st7735.o(i.ST7735_SwapColor), (18 bytes).
    Removing st7735.o(i.ferror), (8 bytes).
    Removing uart2.o(i.Fixed_Fix2Str), (252 bytes).
    Removing uart2.o(i.RxFifo_Get), (60 bytes).
    Removing uart2.o(i.UART_Fix2), (20 bytes).
    Removing uart2.o(i.UART_InChar), (12 bytes).
    Removing uart2.o(i.UART_InString), (70 bytes).
    Removing uart2.o(i.UART_InUDec), (76 bytes).
    Removing uart2.o(i.UART_InUHex), (108 bytes).
    Removing uart2.o(i.UART_OutSDec), (24 bytes).
    Removing uart2.o(i.UART_OutUDec), (42 bytes).
    Removing uart2.o(i.UART_OutUDec3), (168 bytes).
    Removing uart2.o(i.UART_OutUDec5), (448 bytes).
    Removing uart2.o(i.UART_OutUHex), (52 bytes).
    Removing os.o(i.AddPriThread), (100 bytes).
    Removing os.o(i.Jitter), (56 bytes).
    Removing os.o(i.OS_Fifo_Size), (12 bytes).
    Removing os.o(i.OS_Id), (12 bytes).
    Removing os.o(i.OS_MailBox_Init), (28 bytes).
    Removing os.o(i.OS_MailBox_Recv), (28 bytes).
    Removing os.o(i.OS_MailBox_Send), (28 bytes).
    Removing os.o(.constdata), (4 bytes).
    Removing interpreter.o(i.cmdLine_OptionD), (456 bytes).
    Removing interpreter.o(i.cmdLine_Start), (368 bytes).
    Removing interpreter.o(.data), (1 bytes).
    Removing edisk.o(i.CS_Init), (136 bytes).
    Removing edisk.o(i.SSI0_Init), (332 bytes).
    Removing edisk.o(i.deselect), (20 bytes).
    Removing edisk.o(i.eDisk_Init), (348 bytes).
    Removing edisk.o(i.eDisk_Read), (144 bytes).
    Removing edisk.o(i.eDisk_ReadBlock), (20 bytes).
    Removing edisk.o(i.eDisk_Status), (20 bytes).
    Removing edisk.o(i.eDisk_Write), (180 bytes).
    Removing edisk.o(i.eDisk_WriteBlock), (20 bytes).
    Removing edisk.o(i.init_spi), (40 bytes).
    Removing edisk.o(i.rcvr_datablock), (72 bytes).
    Removing edisk.o(i.rcvr_spi), (44 bytes).
    Removing edisk.o(i.rcvr_spi_multi), (24 bytes).
    Removing edisk.o(i.select), (48 bytes).
    Removing edisk.o(i.send_cmd), (150 bytes).
    Removing edisk.o(i.wait_ready), (48 bytes).
    Removing edisk.o(i.xchg_spi), (52 bytes).
    Removing edisk.o(i.xmit_datablock), (76 bytes).
    Removing edisk.o(i.xmit_spi_multi), (44 bytes).
    Removing efile.o(i.eFile_Close), (4 bytes).
    Removing efile.o(i.eFile_Delete), (6 bytes).
    Removing efile.o(i.eFile_Directory), (6 bytes).
    Removing efile.o(i.eFile_Format), (4 bytes).
    Removing efile.o(i.eFile_Init), (4 bytes).
    Removing efile.o(i.eFile_RClose), (4 bytes).
    Removing efile.o(i.eFile_ROpen), (6 bytes).
    Removing efile.o(i.eFile_ReadNext), (6 bytes).
    Removing efile.o(i.fgetc), (20 bytes).
    Removing lab4.o(i.RunTest), (32 bytes).
    Removing lab4.o(i.SW1Push1), (48 bytes).
    Removing lab4.o(i.SW1Push2), (48 bytes).
    Removing lab4.o(i.TestDisk), (544 bytes).
    Removing lab4.o(i.TestFile), (588 bytes).
    Removing lab4.o(i.Testmain0), (108 bytes).
    Removing lab4.o(i.Thread1), (40 bytes).
    Removing lab4.o(i.Thread2), (40 bytes).
    Removing lab4.o(i.Thread3), (40 bytes).
    Removing lab4.o(i.diskError), (44 bytes).
    Removing lab4.o(i.testmain1), (128 bytes).
    Removing lab4.o(i.testmain2), (132 bytes).
    Removing dadd.o(.text), (334 bytes).
    Removing dmul.o(.text), (228 bytes).
    Removing ddiv.o(.text), (222 bytes).
    Removing dfixul.o(.text), (48 bytes).
    Removing cdrcmple.o(.text), (40 bytes).
    Removing depilogue.o(.text), (190 bytes).

94 unused section(s) (total 9237 bytes) removed from the image.

==============================================================================

Image Symbol Table

    Local Symbols

    Symbol Name                              Value     Ov Type        Size  Object(Section)

    RESET                                    0x00000000   Section      644  startup.o(RESET)
    ../clib/../cmprslib/zerorunl.c           0x00000000   Number         0  __dczerorl.o ABSOLUTE
    ../clib/microlib/division.c              0x00000000   Number         0  uldiv.o ABSOLUTE
    ../clib/microlib/division.c              0x00000000   Number         0  uidiv.o ABSOLUTE
    ../clib/microlib/init/entry.s            0x00000000   Number         0  entry7b.o ABSOLUTE
    ../clib/microlib/init/entry.s            0x00000000   Number         0  entry8a.o ABSOLUTE
    ../clib/microlib/init/entry.s            0x00000000   Number         0  entry9a.o ABSOLUTE
    ../clib/microlib/init/entry.s            0x00000000   Number         0  entry8b.o ABSOLUTE
    ../clib/microlib/init/entry.s            0x00000000   Number         0  entry10a.o ABSOLUTE
    ../clib/microlib/init/entry.s            0x00000000   Number         0  entry.o ABSOLUTE
    ../clib/microlib/init/entry.s            0x00000000   Number         0  entry10b.o ABSOLUTE
    ../clib/microlib/init/entry.s            0x00000000   Number         0  entry7a.o ABSOLUTE
    ../clib/microlib/init/entry.s            0x00000000   Number         0  entry5.o ABSOLUTE
    ../clib/microlib/init/entry.s            0x00000000   Number         0  entry11a.o ABSOLUTE
    ../clib/microlib/init/entry.s            0x00000000   Number         0  entry11b.o ABSOLUTE
    ../clib/microlib/init/entry.s            0x00000000   Number         0  entry9b.o ABSOLUTE
    ../clib/microlib/init/entry.s            0x00000000   Number         0  entry2.o ABSOLUTE
    ../clib/microlib/longlong.c              0x00000000   Number         0  llushr.o ABSOLUTE
    ../clib/microlib/longlong.c              0x00000000   Number         0  llshl.o ABSOLUTE
    ../clib/microlib/longlong.c              0x00000000   Number         0  llsshr.o ABSOLUTE
    ../clib/microlib/printf/printf.c         0x00000000   Number         0  printf1.o ABSOLUTE
    ../clib/microlib/printf/printf.c         0x00000000   Number         0  printfb.o ABSOLUTE
    ../clib/microlib/printf/printf.c         0x00000000   Number         0  printf0.o ABSOLUTE
    ../clib/microlib/printf/printf.c         0x00000000   Number         0  printf8.o ABSOLUTE
    ../clib/microlib/printf/printf.c         0x00000000   Number         0  printf2.o ABSOLUTE
    ../clib/microlib/printf/printf.c         0x00000000   Number         0  printfa.o ABSOLUTE
    ../clib/microlib/printf/printf.c         0x00000000   Number         0  printf3.o ABSOLUTE
    ../clib/microlib/printf/printf.c         0x00000000   Number         0  printf7.o ABSOLUTE
    ../clib/microlib/printf/printf.c         0x00000000   Number         0  printf6.o ABSOLUTE
    ../clib/microlib/printf/printf.c         0x00000000   Number         0  printf5.o ABSOLUTE
    ../clib/microlib/printf/printf.c         0x00000000   Number         0  printf4.o ABSOLUTE
    ../clib/microlib/printf/stubs.s          0x00000000   Number         0  stubs.o ABSOLUTE
    ../clib/microlib/stdio/streams.c         0x00000000   Number         0  stdout.o ABSOLUTE
    ../clib/microlib/string/strcpy.c         0x00000000   Number         0  strcpy.o ABSOLUTE
    ../clib/microlib/stubs.s                 0x00000000   Number         0  iusefp.o ABSOLUTE
    ../fplib/microlib/fpadd.c                0x00000000   Number         0  dadd.o ABSOLUTE
    ../fplib/microlib/fpdiv.c                0x00000000   Number         0  ddiv.o ABSOLUTE
    ../fplib/microlib/fpepilogue.c           0x00000000   Number         0  depilogue.o ABSOLUTE
    ../fplib/microlib/fpfix.c                0x00000000   Number         0  dfixul.o ABSOLUTE
    ../fplib/microlib/fpmul.c                0x00000000   Number         0  dmul.o ABSOLUTE
    ADC.c                                    0x00000000   Number         0  adc.o ABSOLUTE
    Interpreter.c                            0x00000000   Number         0  interpreter.o ABSOLUTE
    Lab4.c                                   0x00000000   Number         0  lab4.o ABSOLUTE
    OS.c                                     0x00000000   Number         0  os.o ABSOLUTE
    PLL.c                                    0x00000000   Number         0  pll.o ABSOLUTE
    ST7735.c                                 0x00000000   Number         0  st7735.o ABSOLUTE
    UART2.c                                  0x00000000   Number         0  uart2.o ABSOLUTE
    cdrcmple.s                               0x00000000   Number         0  cdrcmple.o ABSOLUTE
    cr4_fft_64_stm32.s                       0x00000000   Number         0  cr4_fft_64_stm32.o ABSOLUTE
    dc.s                                     0x00000000   Number         0  dc.o ABSOLUTE
    eDisk.c                                  0x00000000   Number         0  edisk.o ABSOLUTE
    efile.c                                  0x00000000   Number         0  efile.o ABSOLUTE
    handlers.s                               0x00000000   Number         0  handlers.o ABSOLUTE
    init.s                                   0x00000000   Number         0  init.o ABSOLUTE
    osasm.s                                  0x00000000   Number         0  osasm.o ABSOLUTE
    startup.s                                0x00000000   Number         0  startup.o ABSOLUTE
    $v0                                      0x0000026c   Number         0  startup.o(RESET)
    .ARM.Collect$$$$00000000                 0x00000284   Section        0  entry.o(.ARM.Collect$$$$00000000)
    .ARM.Collect$$$$00000001                 0x00000284   Section        4  entry2.o(.ARM.Collect$$$$00000001)
    .ARM.Collect$$$$00000004                 0x00000288   Section        4  entry5.o(.ARM.Collect$$$$00000004)
    .ARM.Collect$$$$00000008                 0x0000028c   Section        0  entry7b.o(.ARM.Collect$$$$00000008)
    .ARM.Collect$$$$0000000A                 0x0000028c   Section        0  entry8b.o(.ARM.Collect$$$$0000000A)
    .ARM.Collect$$$$0000000B                 0x0000028c   Section        8  entry9a.o(.ARM.Collect$$$$0000000B)
    .ARM.Collect$$$$0000000D                 0x00000294   Section        0  entry10a.o(.ARM.Collect$$$$0000000D)
    .ARM.Collect$$$$0000000F                 0x00000294   Section        0  entry11a.o(.ARM.Collect$$$$0000000F)
    .ARM.Collect$$$$00002712                 0x00000294   Section        4  entry2.o(.ARM.Collect$$$$00002712)
    __lit__00000000                          0x00000294   Data           4  entry2.o(.ARM.Collect$$$$00002712)
    .text                                    0x00000298   Section       28  startup.o(.text)
    $v0                                      0x00000298   Number         0  startup.o(.text)
    .text                                    0x000002b4   Section       80  osasm.o(.text)
    $v0                                      0x000002b4   Number         0  osasm.o(.text)
    .text                                    0x00000304   Section      718  cr4_fft_64_stm32.o(.text)
    $v0                                      0x00000304   Number         0  cr4_fft_64_stm32.o(.text)
    .text                                    0x000005d2   Section        0  uidiv.o(.text)
    .text                                    0x00000600   Section       36  init.o(.text)
    .text                                    0x00000624   Section        0  __dczerorl.o(.text)
    i.ADC0Seq0_Handler                       0x00000660   Section        0  adc.o(i.ADC0Seq0_Handler)
    i.ADC2millimeter                         0x00000684   Section        0  lab4.o(i.ADC2millimeter)
    i.ADC_Collect                            0x000006a4   Section        0  adc.o(i.ADC_Collect)
    i.ADC_In                                 0x00000b2c   Section        0  adc.o(i.ADC_In)
    i.ADC_Init                               0x00000b58   Section        0  adc.o(i.ADC_Init)
    i.AddBlockedTCB_Sema4                    0x00000f30   Section        0  os.o(i.AddBlockedTCB_Sema4)
    i.Block                                  0x00000f64   Section        0  os.o(i.Block)
    i.ChainTCB                               0x00000fa0   Section        0  os.o(i.ChainTCB)
    i.DAS                                    0x00000fe4   Section        0  lab4.o(i.DAS)
    i.DSP                                    0x0000109c   Section        0  lab4.o(i.DSP)
    i.Delay1ms                               0x000010fc   Section        0  st7735.o(i.Delay1ms)
    i.GPIOPortF_Handler                      0x0000111c   Section        0  os.o(i.GPIOPortF_Handler)
    i.IdleTask                               0x000011f0   Section        0  lab4.o(i.IdleTask)
    i.Interpreter                            0x00001204   Section        0  interpreter.o(i.Interpreter)
    i.LCD_Init                               0x00001208   Section        0  st7735.o(i.LCD_Init)
    i.OS_AddPeriodicThread                   0x00001268   Section        0  os.o(i.OS_AddPeriodicThread)
    i.OS_AddSW1Task                          0x000012bc   Section        0  os.o(i.OS_AddSW1Task)
    i.OS_AddSW2Task                          0x000012d4   Section        0  os.o(i.OS_AddSW2Task)
    i.OS_AddThread                           0x000012ec   Section        0  os.o(i.OS_AddThread)
    i.OS_ClearMsTime                         0x0000140c   Section        0  os.o(i.OS_ClearMsTime)
    i.OS_Fifo_Get                            0x00001418   Section        0  os.o(i.OS_Fifo_Get)
    i.OS_Fifo_Init                           0x00001464   Section        0  os.o(i.OS_Fifo_Init)
    i.OS_Fifo_Put                            0x00001498   Section        0  os.o(i.OS_Fifo_Put)
    i.OS_Init                                0x000014e0   Section        0  os.o(i.OS_Init)
    i.OS_InitSemaphore                       0x0000159c   Section        0  os.o(i.OS_InitSemaphore)
    i.OS_Kill                                0x000015b8   Section        0  os.o(i.OS_Kill)
    i.OS_Launch                              0x000015ec   Section        0  os.o(i.OS_Launch)
    i.OS_MsTime                              0x00001604   Section        0  os.o(i.OS_MsTime)
    i.OS_Signal                              0x00001610   Section        0  os.o(i.OS_Signal)
    i.OS_Sleep                               0x00001634   Section        0  os.o(i.OS_Sleep)
    i.OS_Suspend                             0x00001650   Section        0  os.o(i.OS_Suspend)
    i.OS_Time                                0x00001668   Section        0  os.o(i.OS_Time)
    i.OS_TimeDifference                      0x00001674   Section        0  os.o(i.OS_TimeDifference)
    i.OS_Wait                                0x00001686   Section        0  os.o(i.OS_Wait)
    i.OS_bSignal                             0x000016aa   Section        0  os.o(i.OS_bSignal)
    i.OS_bWait                               0x000016ce   Section        0  os.o(i.OS_bWait)
    i.OtherInits                             0x000016ee   Section        0  os.o(i.OtherInits)
    i.OutCRLF                                0x000016fa   Section        0  uart2.o(i.OutCRLF)
    i.PLL_Init                               0x0000170c   Section        0  pll.o(i.PLL_Init)
    i.PortD_Init                             0x00001788   Section        0  lab4.o(i.PortD_Init)
    i.Producer                               0x000017f4   Section        0  lab4.o(i.Producer)
    i.RemoveBlockedTCB_sema4                 0x0000182c   Section        0  os.o(i.RemoveBlockedTCB_sema4)
    i.Robot                                  0x00001838   Section        0  lab4.o(i.Robot)
    i.RxFifo_Init                            0x0000196c   Section        0  uart2.o(i.RxFifo_Init)
    i.RxFifo_Put                             0x00001994   Section        0  uart2.o(i.RxFifo_Put)
    i.RxFifo_Size                            0x000019d8   Section        0  uart2.o(i.RxFifo_Size)
    i.ST7735_DrawCharS                       0x000019f0   Section        0  st7735.o(i.ST7735_DrawCharS)
    i.ST7735_DrawFastHLine                   0x00001ae4   Section        0  st7735.o(i.ST7735_DrawFastHLine)
    i.ST7735_DrawPixel                       0x00001b60   Section        0  st7735.o(i.ST7735_DrawPixel)
    i.ST7735_DrawString                      0x00001ba8   Section        0  st7735.o(i.ST7735_DrawString)
    i.ST7735_FillRect                        0x00001c00   Section        0  st7735.o(i.ST7735_FillRect)
    i.ST7735_FillScreen                      0x00001cac   Section        0  st7735.o(i.ST7735_FillScreen)
    i.ST7735_InitR                           0x00001cd0   Section        0  st7735.o(i.ST7735_InitR)
    i.ST7735_Message                         0x00001d4c   Section        0  st7735.o(i.ST7735_Message)
    i.ST7735_OutChar                         0x00001df8   Section        0  st7735.o(i.ST7735_OutChar)
    i.ST7735_OutString                       0x00001ecc   Section        0  st7735.o(i.ST7735_OutString)
    i.ST7735_OutUDec                         0x00001ee4   Section        0  st7735.o(i.ST7735_OutUDec)
    i.ST7735_SetCursor                       0x00001f70   Section        0  st7735.o(i.ST7735_SetCursor)
    i.SW1Push                                0x00001f90   Section        0  lab4.o(i.SW1Push)
    i.SW1_Debounce                           0x00001fc0   Section        0  os.o(i.SW1_Debounce)
    i.SW1_init                               0x00001ff4   Section        0  os.o(i.SW1_init)
    i.SW2Push                                0x000020f0   Section        0  lab4.o(i.SW2Push)
    i.SW2_Debounce                           0x000020f4   Section        0  os.o(i.SW2_Debounce)
    i.SW2_init                               0x00002128   Section        0  os.o(i.SW2_init)
    i.SetInitialStack                        0x00002230   Section        0  os.o(i.SetInitialStack)
    i.SysTick_Handler                        0x0000231c   Section        0  os.o(i.SysTick_Handler)
    i.Timer0A_Handler                        0x000023ac   Section        0  os.o(i.Timer0A_Handler)
    i.Timer0A_Init                           0x000023b8   Section        0  os.o(i.Timer0A_Init)
    i.Timer1A_Handler                        0x0000241c   Section        0  os.o(i.Timer1A_Handler)
    i.Timer1_Init                            0x00002518   Section        0  os.o(i.Timer1_Init)
    i.Timer3A_Handler                        0x00002590   Section        0  os.o(i.Timer3A_Handler)
    i.Timer3_MS                              0x000025b0   Section        0  os.o(i.Timer3_MS)
    i.Timer4A_Handler                        0x00002618   Section        0  os.o(i.Timer4A_Handler)
    i.Timer4_Init                            0x00002714   Section        0  os.o(i.Timer4_Init)
    i.TxFifo_Get                             0x00002794   Section        0  uart2.o(i.TxFifo_Get)
    i.TxFifo_Init                            0x000027e4   Section        0  uart2.o(i.TxFifo_Init)
    i.TxFifo_Put                             0x0000280c   Section        0  uart2.o(i.TxFifo_Put)
    i.TxFifo_Size                            0x00002844   Section        0  uart2.o(i.TxFifo_Size)
    i.UART0_Handler                          0x0000285c   Section        0  uart2.o(i.UART0_Handler)
    i.UART_Init                              0x000028b4   Section        0  uart2.o(i.UART_Init)
    i.UART_OutChar                           0x00002980   Section        0  uart2.o(i.UART_OutChar)
    i.UART_OutString                         0x000029ac   Section        0  uart2.o(i.UART_OutString)
    i.UnBlock                                0x000029c4   Section        0  os.o(i.UnBlock)
    i.UnchainTCB                             0x000029dc   Section        0  os.o(i.UnchainTCB)
    i.WakeUpThreads                          0x00002a0c   Section        0  os.o(i.WakeUpThreads)
    i.__0printf$6                            0x00002a50   Section        0  printf6.o(i.__0printf$6)
    i.__scatterload_copy                     0x00002a70   Section       14  handlers.o(i.__scatterload_copy)
    i.__scatterload_null                     0x00002a7e   Section        2  handlers.o(i.__scatterload_null)
    i.__scatterload_zeroinit                 0x00002a80   Section       14  handlers.o(i.__scatterload_zeroinit)
    i._printf_core                           0x00002a90   Section        0  printf6.o(i._printf_core)
    _printf_core                             0x00002a91   Thumb Code   750  printf6.o(i._printf_core)
    i._printf_post_padding                   0x00002d84   Section        0  printf6.o(i._printf_post_padding)
    _printf_post_padding                     0x00002d85   Thumb Code    38  printf6.o(i._printf_post_padding)
    i._printf_pre_padding                    0x00002daa   Section        0  printf6.o(i._printf_pre_padding)
    _printf_pre_padding                      0x00002dab   Thumb Code    48  printf6.o(i._printf_pre_padding)
    i.commandList                            0x00002dda   Section        0  st7735.o(i.commandList)
    commandList                              0x00002ddb   Thumb Code    86  st7735.o(i.commandList)
    i.commonInit                             0x00002e30   Section        0  st7735.o(i.commonInit)
    commonInit                               0x00002e31   Thumb Code   340  st7735.o(i.commonInit)
    i.copyHardwareToSoftware                 0x00002fb4   Section        0  uart2.o(i.copyHardwareToSoftware)
    copyHardwareToSoftware                   0x00002fb5   Thumb Code    36  uart2.o(i.copyHardwareToSoftware)
    i.copySoftwareToHardware                 0x00002fdc   Section        0  uart2.o(i.copySoftwareToHardware)
    copySoftwareToHardware                   0x00002fdd   Thumb Code    38  uart2.o(i.copySoftwareToHardware)
    i.disk_timerproc                         0x00003008   Section        0  edisk.o(i.disk_timerproc)
    i.dummyADC                               0x00003048   Section        0  adc.o(i.dummyADC)
    i.eFile_Create                           0x0000304a   Section        0  efile.o(i.eFile_Create)
    i.eFile_EndRedirectToFile                0x00003050   Section        0  efile.o(i.eFile_EndRedirectToFile)
    i.eFile_RedirectToFile                   0x0000306c   Section        0  efile.o(i.eFile_RedirectToFile)
    i.eFile_WClose                           0x00003090   Section        0  efile.o(i.eFile_WClose)
    i.eFile_WOpen                            0x00003094   Section        0  efile.o(i.eFile_WOpen)
    i.eFile_Write                            0x0000309a   Section        0  efile.o(i.eFile_Write)
    i.fillmessage                            0x000030a0   Section        0  st7735.o(i.fillmessage)
    i.fputc                                  0x000030e8   Section        0  efile.o(i.fputc)
    i.main                                   0x00003118   Section        0  lab4.o(i.main)
    i.median                                 0x000031f0   Section        0  lab4.o(i.median)
    i.pushColor                              0x0000321e   Section        0  st7735.o(i.pushColor)
    pushColor                                0x0000321f   Thumb Code    18  st7735.o(i.pushColor)
    i.setAddrWindow                          0x00003230   Section        0  st7735.o(i.setAddrWindow)
    setAddrWindow                            0x00003231   Thumb Code   106  st7735.o(i.setAddrWindow)
    i.writecommand                           0x000032a4   Section        0  st7735.o(i.writecommand)
    writecommand                             0x000032a5   Thumb Code    40  st7735.o(i.writecommand)
    i.writedata                              0x000032d4   Section        0  st7735.o(i.writedata)
    writedata                                0x000032d5   Thumb Code    24  st7735.o(i.writedata)
    .constdata                               0x000032f4   Section     2018  st7735.o(.constdata)
    Font                                     0x000032f4   Data        1275  st7735.o(.constdata)
    Bcmd                                     0x000037ef   Data         103  st7735.o(.constdata)
    Rcmd1                                    0x00003856   Data          59  st7735.o(.constdata)
    Rcmd2green                               0x00003891   Data          13  st7735.o(.constdata)
    Rcmd2red                                 0x0000389e   Data          13  st7735.o(.constdata)
    Rcmd3                                    0x000038ab   Data          43  st7735.o(.constdata)
    .data                                    0x20000000   Section       52  st7735.o(.data)
    _width                                   0x2000000a   Data           2  st7735.o(.data)
    _height                                  0x2000000c   Data           2  st7735.o(.data)
    ColStart                                 0x20000014   Data           1  st7735.o(.data)
    RowStart                                 0x20000015   Data           1  st7735.o(.data)
    Rotation                                 0x20000016   Data           1  st7735.o(.data)
    TabColor                                 0x20000017   Data           1  st7735.o(.data)
    .data                                    0x20000034   Section       32  uart2.o(.data)
    .data                                    0x20000054   Section      108  os.o(.data)
    LastTime                                 0x20000068   Data           4  os.o(.data)
    LastTime                                 0x2000006c   Data           4  os.o(.data)
    .data                                    0x200000c0   Section        4  adc.o(.data)
    .data                                    0x200000c4   Section       13  edisk.o(.data)
    Stat                                     0x200000c4   Data           1  edisk.o(.data)
    Timer1                                   0x200000c8   Data           4  edisk.o(.data)
    Timer2                                   0x200000cc   Data           4  edisk.o(.data)
    CardType                                 0x200000d0   Data           1  edisk.o(.data)
    .data                                    0x200000d4   Section        4  efile.o(.data)
    .data                                    0x200000d8   Section       84  lab4.o(.data)
    .data                                    0x2000012c   Section        4  stdout.o(.data)
    .bss                                     0x20000130   Section       12  st7735.o(.bss)
    .bss                                     0x2000013c   Section       48  uart2.o(.bss)
    RxFifo                                   0x2000015c   Data          16  uart2.o(.bss)
    .bss                                     0x2000016c   Section     7108  os.o(.bss)
    .bss                                     0x20001d30   Section     1024  lab4.o(.bss)
    STACK                                    0x20002130   Section     1024  startup.o(STACK)
    StackMem                                 0x20002130   Data           0  startup.o(STACK)

    Global Symbols

    Symbol Name                              Value     Ov Type        Size  Object(Section)

    BuildAttributes$$THM_ISAv4$E$P$D$K$B$S$7EM$VFPi3$EXTD16$VFPS$VFMA$PE$A:L22UL41UL21$X:L11$S22US41US21$IEEE1$IW$USESV6$~STKCKD$USESV7$~SHL$OSPACE$ROPI$EBA8$MICROLIB$REQ8$PRES8$EABIv2 0x00000000   Number         0  anon$$obj.o ABSOLUTE
    __ARM_use_no_argv                        0x00000000   Number         0  lab4.o ABSOLUTE
    __Vectors                                0x00000000   Data           0  startup.o(RESET)
    _printf_a                                0x00000000   Number         0  stubs.o ABSOLUTE
    _printf_c                                0x00000000   Number         0  stubs.o ABSOLUTE
    _printf_charcount                        0x00000000   Number         0  stubs.o ABSOLUTE
    _printf_d                                0x00000000   Number         0  stubs.o ABSOLUTE
    _printf_e                                0x00000000   Number         0  stubs.o ABSOLUTE
    _printf_f                                0x00000000   Number         0  stubs.o ABSOLUTE
    _printf_flags                            0x00000000   Number         0  stubs.o ABSOLUTE
    _printf_fp_dec                           0x00000000   Number         0  stubs.o ABSOLUTE
    _printf_fp_hex                           0x00000000   Number         0  stubs.o ABSOLUTE
    _printf_g                                0x00000000   Number         0  stubs.o ABSOLUTE
    _printf_i                                0x00000000   Number         0  stubs.o ABSOLUTE
    _printf_int_dec                          0x00000000   Number         0  stubs.o ABSOLUTE
    _printf_l                                0x00000000   Number         0  stubs.o ABSOLUTE
    _printf_lc                               0x00000000   Number         0  stubs.o ABSOLUTE
    _printf_ll                               0x00000000   Number         0  stubs.o ABSOLUTE
    _printf_lld                              0x00000000   Number         0  stubs.o ABSOLUTE
    _printf_lli                              0x00000000   Number         0  stubs.o ABSOLUTE
    _printf_llo                              0x00000000   Number         0  stubs.o ABSOLUTE
    _printf_llu                              0x00000000   Number         0  stubs.o ABSOLUTE
    _printf_llx                              0x00000000   Number         0  stubs.o ABSOLUTE
    _printf_longlong_dec                     0x00000000   Number         0  stubs.o ABSOLUTE
    _printf_longlong_hex                     0x00000000   Number         0  stubs.o ABSOLUTE
    _printf_longlong_oct                     0x00000000   Number         0  stubs.o ABSOLUTE
    _printf_ls                               0x00000000   Number         0  stubs.o ABSOLUTE
    _printf_mbtowc                           0x00000000   Number         0  stubs.o ABSOLUTE
    _printf_n                                0x00000000   Number         0  stubs.o ABSOLUTE
    _printf_o                                0x00000000   Number         0  stubs.o ABSOLUTE
    _printf_p                                0x00000000   Number         0  stubs.o ABSOLUTE
    _printf_percent                          0x00000000   Number         0  stubs.o ABSOLUTE
    _printf_pre_padding                      0x00000000   Number         0  stubs.o ABSOLUTE
    _printf_return_value                     0x00000000   Number         0  stubs.o ABSOLUTE
    _printf_s                                0x00000000   Number         0  stubs.o ABSOLUTE
    _printf_sizespec                         0x00000000   Number         0  stubs.o ABSOLUTE
    _printf_str                              0x00000000   Number         0  stubs.o ABSOLUTE
    _printf_truncate_signed                  0x00000000   Number         0  stubs.o ABSOLUTE
    _printf_truncate_unsigned                0x00000000   Number         0  stubs.o ABSOLUTE
    _printf_u                                0x00000000   Number         0  stubs.o ABSOLUTE
    _printf_wc                               0x00000000   Number         0  stubs.o ABSOLUTE
    _printf_wctomb                           0x00000000   Number         0  stubs.o ABSOLUTE
    _printf_widthprec                        0x00000000   Number         0  stubs.o ABSOLUTE
    _printf_x                                0x00000000   Number         0  stubs.o ABSOLUTE
    __cpp_initialize__aeabi_                  - Undefined Weak Reference
    __cxa_finalize                            - Undefined Weak Reference
    _clock_init                               - Undefined Weak Reference
    _microlib_exit                            - Undefined Weak Reference
    Reset_Handler                            0x0000026d   Thumb Code     0  startup.o(RESET)
    NMI_Handler                              0x00000271   Thumb Code     2  startup.o(RESET)
    HardFault_Handler                        0x00000273   Thumb Code     2  startup.o(RESET)
    MemManage_Handler                        0x00000275   Thumb Code     2  startup.o(RESET)
    BusFault_Handler                         0x00000277   Thumb Code     2  startup.o(RESET)
    UsageFault_Handler                       0x00000279   Thumb Code     2  startup.o(RESET)
    SVC_Handler                              0x0000027b   Thumb Code     2  startup.o(RESET)
    DebugMon_Handler                         0x0000027d   Thumb Code     2  startup.o(RESET)
    ADC0Seq1_Handler                         0x00000283   Thumb Code     0  startup.o(RESET)
    ADC0Seq2_Handler                         0x00000283   Thumb Code     0  startup.o(RESET)
    ADC0Seq3_Handler                         0x00000283   Thumb Code     0  startup.o(RESET)
    ADC1Seq0_Handler                         0x00000283   Thumb Code     0  startup.o(RESET)
    ADC1Seq1_Handler                         0x00000283   Thumb Code     0  startup.o(RESET)
    ADC1Seq2_Handler                         0x00000283   Thumb Code     0  startup.o(RESET)
    ADC1Seq3_Handler                         0x00000283   Thumb Code     0  startup.o(RESET)
    CAN0_Handler                             0x00000283   Thumb Code     0  startup.o(RESET)
    CAN1_Handler                             0x00000283   Thumb Code     0  startup.o(RESET)
    CAN2_Handler                             0x00000283   Thumb Code     0  startup.o(RESET)
    Comp0_Handler                            0x00000283   Thumb Code     0  startup.o(RESET)
    Comp1_Handler                            0x00000283   Thumb Code     0  startup.o(RESET)
    Comp2_Handler                            0x00000283   Thumb Code     0  startup.o(RESET)
    Ethernet_Handler                         0x00000283   Thumb Code     0  startup.o(RESET)
    ExtBus_Handler                           0x00000283   Thumb Code     0  startup.o(RESET)
    FPU_Handler                              0x00000283   Thumb Code     0  startup.o(RESET)
    Fan0_Handler                             0x00000283   Thumb Code     0  startup.o(RESET)
    FlashCtl_Handler                         0x00000283   Thumb Code     0  startup.o(RESET)
    GPIOPortA_Handler                        0x00000283   Thumb Code     0  startup.o(RESET)
    GPIOPortB_Handler                        0x00000283   Thumb Code     0  startup.o(RESET)
    GPIOPortC_Handler                        0x00000283   Thumb Code     0  startup.o(RESET)
    GPIOPortD_Handler                        0x00000283   Thumb Code     0  startup.o(RESET)
    GPIOPortE_Handler                        0x00000283   Thumb Code     0  startup.o(RESET)
    GPIOPortG_Handler                        0x00000283   Thumb Code     0  startup.o(RESET)
    GPIOPortH_Handler                        0x00000283   Thumb Code     0  startup.o(RESET)
    GPIOPortJ_Handler                        0x00000283   Thumb Code     0  startup.o(RESET)
    GPIOPortK_Handler                        0x00000283   Thumb Code     0  startup.o(RESET)
    GPIOPortL_Handler                        0x00000283   Thumb Code     0  startup.o(RESET)
    GPIOPortM_Handler                        0x00000283   Thumb Code     0  startup.o(RESET)
    GPIOPortN_Handler                        0x00000283   Thumb Code     0  startup.o(RESET)
    GPIOPortP1_Handler                       0x00000283   Thumb Code     0  startup.o(RESET)
    GPIOPortP2_Handler                       0x00000283   Thumb Code     0  startup.o(RESET)
    GPIOPortP3_Handler                       0x00000283   Thumb Code     0  startup.o(RESET)
    GPIOPortP4_Handler                       0x00000283   Thumb Code     0  startup.o(RESET)
    GPIOPortP5_Handler                       0x00000283   Thumb Code     0  startup.o(RESET)
    GPIOPortP6_Handler                       0x00000283   Thumb Code     0  startup.o(RESET)
    GPIOPortP7_Handler                       0x00000283   Thumb Code     0  startup.o(RESET)
    GPIOPortP_Handler                        0x00000283   Thumb Code     0  startup.o(RESET)
    GPIOPortQ1_Handler                       0x00000283   Thumb Code     0  startup.o(RESET)
    GPIOPortQ2_Handler                       0x00000283   Thumb Code     0  startup.o(RESET)
    GPIOPortQ3_Handler                       0x00000283   Thumb Code     0  startup.o(RESET)
    GPIOPortQ4_Handler                       0x00000283   Thumb Code     0  startup.o(RESET)
    GPIOPortQ5_Handler                       0x00000283   Thumb Code     0  startup.o(RESET)
    GPIOPortQ6_Handler                       0x00000283   Thumb Code     0  startup.o(RESET)
    GPIOPortQ7_Handler                       0x00000283   Thumb Code     0  startup.o(RESET)
    GPIOPortQ_Handler                        0x00000283   Thumb Code     0  startup.o(RESET)
    GPIOPortR_Handler                        0x00000283   Thumb Code     0  startup.o(RESET)
    GPIOPortS_Handler                        0x00000283   Thumb Code     0  startup.o(RESET)
    Hibernate_Handler                        0x00000283   Thumb Code     0  startup.o(RESET)
    I2C0_Handler                             0x00000283   Thumb Code     0  startup.o(RESET)
    I2C1_Handler                             0x00000283   Thumb Code     0  startup.o(RESET)
    I2C2_Handler                             0x00000283   Thumb Code     0  startup.o(RESET)
    I2C3_Handler                             0x00000283   Thumb Code     0  startup.o(RESET)
    I2C4_Handler                             0x00000283   Thumb Code     0  startup.o(RESET)
    I2C5_Handler                             0x00000283   Thumb Code     0  startup.o(RESET)
    I2S0_Handler                             0x00000283   Thumb Code     0  startup.o(RESET)
    LPC0_Handler                             0x00000283   Thumb Code     0  startup.o(RESET)
    PECI0_Handler                            0x00000283   Thumb Code     0  startup.o(RESET)
    PWM0Fault_Handler                        0x00000283   Thumb Code     0  startup.o(RESET)
    PWM0Generator0_Handler                   0x00000283   Thumb Code     0  startup.o(RESET)
    PWM0Generator1_Handler                   0x00000283   Thumb Code     0  startup.o(RESET)
    PWM0Generator2_Handler                   0x00000283   Thumb Code     0  startup.o(RESET)
    PWM0Generator3_Handler                   0x00000283   Thumb Code     0  startup.o(RESET)
    PWM1Fault_Handler                        0x00000283   Thumb Code     0  startup.o(RESET)
    PWM1Generator0_Handler                   0x00000283   Thumb Code     0  startup.o(RESET)
    PWM1Generator1_Handler                   0x00000283   Thumb Code     0  startup.o(RESET)
    PWM1Generator2_Handler                   0x00000283   Thumb Code     0  startup.o(RESET)
    PWM1Generator3_Handler                   0x00000283   Thumb Code     0  startup.o(RESET)
    Quadrature0_Handler                      0x00000283   Thumb Code     0  startup.o(RESET)
    Quadrature1_Handler                      0x00000283   Thumb Code     0  startup.o(RESET)
    Quadrature2_Handler                      0x00000283   Thumb Code     0  startup.o(RESET)
    SSI0_Handler                             0x00000283   Thumb Code     0  startup.o(RESET)
    SSI1_Handler                             0x00000283   Thumb Code     0  startup.o(RESET)
    SSI2_Handler                             0x00000283   Thumb Code     0  startup.o(RESET)
    SSI3_Handler                             0x00000283   Thumb Code     0  startup.o(RESET)
    SysCtl_Handler                           0x00000283   Thumb Code     0  startup.o(RESET)
    Timer0B_Handler                          0x00000283   Thumb Code     0  startup.o(RESET)
    Timer1B_Handler                          0x00000283   Thumb Code     0  startup.o(RESET)
    Timer2A_Handler                          0x00000283   Thumb Code     0  startup.o(RESET)
    Timer2B_Handler                          0x00000283   Thumb Code     0  startup.o(RESET)
    Timer3B_Handler                          0x00000283   Thumb Code     0  startup.o(RESET)
    Timer4B_Handler                          0x00000283   Thumb Code     0  startup.o(RESET)
    Timer5A_Handler                          0x00000283   Thumb Code     0  startup.o(RESET)
    Timer5B_Handler                          0x00000283   Thumb Code     0  startup.o(RESET)
    UART1_Handler                            0x00000283   Thumb Code     0  startup.o(RESET)
    UART2_Handler                            0x00000283   Thumb Code     0  startup.o(RESET)
    UART3_Handler                            0x00000283   Thumb Code     0  startup.o(RESET)
    UART4_Handler                            0x00000283   Thumb Code     0  startup.o(RESET)
    UART5_Handler                            0x00000283   Thumb Code     0  startup.o(RESET)
    UART6_Handler                            0x00000283   Thumb Code     0  startup.o(RESET)
    UART7_Handler                            0x00000283   Thumb Code     0  startup.o(RESET)
    USB0_Handler                             0x00000283   Thumb Code     0  startup.o(RESET)
    WDT_Handler                              0x00000283   Thumb Code     0  startup.o(RESET)
    WideTimer0A_Handler                      0x00000283   Thumb Code     0  startup.o(RESET)
    WideTimer0B_Handler                      0x00000283   Thumb Code     0  startup.o(RESET)
    WideTimer1A_Handler                      0x00000283   Thumb Code     0  startup.o(RESET)
    WideTimer1B_Handler                      0x00000283   Thumb Code     0  startup.o(RESET)
    WideTimer2A_Handler                      0x00000283   Thumb Code     0  startup.o(RESET)
    WideTimer2B_Handler                      0x00000283   Thumb Code     0  startup.o(RESET)
    WideTimer3A_Handler                      0x00000283   Thumb Code     0  startup.o(RESET)
    WideTimer3B_Handler                      0x00000283   Thumb Code     0  startup.o(RESET)
    WideTimer4A_Handler                      0x00000283   Thumb Code     0  startup.o(RESET)
    WideTimer4B_Handler                      0x00000283   Thumb Code     0  startup.o(RESET)
    WideTimer5A_Handler                      0x00000283   Thumb Code     0  startup.o(RESET)
    WideTimer5B_Handler                      0x00000283   Thumb Code     0  startup.o(RESET)
    uDMA_Error                               0x00000283   Thumb Code     0  startup.o(RESET)
    uDMA_Handler                             0x00000283   Thumb Code     0  startup.o(RESET)
    __main                                   0x00000285   Thumb Code     0  entry.o(.ARM.Collect$$$$00000000)
    _main_stk                                0x00000285   Thumb Code     0  entry2.o(.ARM.Collect$$$$00000001)
    _main_scatterload                        0x00000289   Thumb Code     0  entry5.o(.ARM.Collect$$$$00000004)
    __main_after_scatterload                 0x0000028d   Thumb Code     0  entry5.o(.ARM.Collect$$$$00000004)
    _main_clock                              0x0000028d   Thumb Code     0  entry7b.o(.ARM.Collect$$$$00000008)
    _main_cpp_init                           0x0000028d   Thumb Code     0  entry8b.o(.ARM.Collect$$$$0000000A)
    _main_init                               0x0000028d   Thumb Code     0  entry9a.o(.ARM.Collect$$$$0000000B)
    __rt_final_cpp                           0x00000295   Thumb Code     0  entry10a.o(.ARM.Collect$$$$0000000D)
    __rt_final_exit                          0x00000295   Thumb Code     0  entry11a.o(.ARM.Collect$$$$0000000F)
    DisableInterrupts                        0x00000299   Thumb Code     0  startup.o(.text)
    EnableInterrupts                         0x0000029d   Thumb Code     0  startup.o(.text)
    StartCritical                            0x000002a1   Thumb Code     0  startup.o(.text)
    EndCritical                              0x000002a9   Thumb Code     0  startup.o(.text)
    WaitForInterrupt                         0x000002af   Thumb Code     0  startup.o(.text)
    OS_DisableInterrupts                     0x000002b5   Thumb Code     0  osasm.o(.text)
    OS_EnableInterrupts                      0x000002b9   Thumb Code     0  osasm.o(.text)
    PendSV_Handler                           0x000002bd   Thumb Code     0  osasm.o(.text)
    StartOS                                  0x000002dd   Thumb Code     0  osasm.o(.text)
    cr4_fft_64_stm32                         0x00000305   Thumb Code     0  cr4_fft_64_stm32.o(.text)
    __aeabi_uidiv                            0x000005d3   Thumb Code     0  uidiv.o(.text)
    __aeabi_uidivmod                         0x000005d3   Thumb Code    44  uidiv.o(.text)
    __scatterload                            0x00000601   Thumb Code    28  init.o(.text)
    __scatterload_rt2                        0x00000601   Thumb Code     0  init.o(.text)
    __decompress                             0x00000625   Thumb Code     0  __dczerorl.o(.text)
    __decompress0                            0x00000625   Thumb Code    58  __dczerorl.o(.text)
    ADC0Seq0_Handler                         0x00000661   Thumb Code    26  adc.o(i.ADC0Seq0_Handler)
    ADC2millimeter                           0x00000685   Thumb Code    26  lab4.o(i.ADC2millimeter)
    ADC_Collect                              0x000006a5   Thumb Code  1152  adc.o(i.ADC_Collect)
    ADC_In                                   0x00000b2d   Thumb Code    36  adc.o(i.ADC_In)
    ADC_Init                                 0x00000b59   Thumb Code   940  adc.o(i.ADC_Init)
    AddBlockedTCB_Sema4                      0x00000f31   Thumb Code    46  os.o(i.AddBlockedTCB_Sema4)
    Block                                    0x00000f65   Thumb Code    52  os.o(i.Block)
    ChainTCB                                 0x00000fa1   Thumb Code    54  os.o(i.ChainTCB)
    DAS                                      0x00000fe5   Thumb Code   148  lab4.o(i.DAS)
    DSP                                      0x0000109d   Thumb Code    62  lab4.o(i.DSP)
    Delay1ms                                 0x000010fd   Thumb Code    32  st7735.o(i.Delay1ms)
    GPIOPortF_Handler                        0x0000111d   Thumb Code   172  os.o(i.GPIOPortF_Handler)
    IdleTask                                 0x000011f1   Thumb Code    14  lab4.o(i.IdleTask)
    Interpreter                              0x00001205   Thumb Code     4  interpreter.o(i.Interpreter)
    LCD_Init                                 0x00001209   Thumb Code    66  st7735.o(i.LCD_Init)
    OS_AddPeriodicThread                     0x00001269   Thumb Code    72  os.o(i.OS_AddPeriodicThread)
    OS_AddSW1Task                            0x000012bd   Thumb Code    20  os.o(i.OS_AddSW1Task)
    OS_AddSW2Task                            0x000012d5   Thumb Code    20  os.o(i.OS_AddSW2Task)
    OS_AddThread                             0x000012ed   Thumb Code   270  os.o(i.OS_AddThread)
    OS_ClearMsTime                           0x0000140d   Thumb Code     8  os.o(i.OS_ClearMsTime)
    OS_Fifo_Get                              0x00001419   Thumb Code    60  os.o(i.OS_Fifo_Get)
    OS_Fifo_Init                             0x00001465   Thumb Code    36  os.o(i.OS_Fifo_Init)
    OS_Fifo_Put                              0x00001499   Thumb Code    58  os.o(i.OS_Fifo_Put)
    OS_Init                                  0x000014e1   Thumb Code   158  os.o(i.OS_Init)
    OS_InitSemaphore                         0x0000159d   Thumb Code    26  os.o(i.OS_InitSemaphore)
    OS_Kill                                  0x000015b9   Thumb Code    42  os.o(i.OS_Kill)
    OS_Launch                                0x000015ed   Thumb Code    22  os.o(i.OS_Launch)
    OS_MsTime                                0x00001605   Thumb Code     6  os.o(i.OS_MsTime)
    OS_Signal                                0x00001611   Thumb Code    36  os.o(i.OS_Signal)
    OS_Sleep                                 0x00001635   Thumb Code    24  os.o(i.OS_Sleep)
    OS_Suspend                               0x00001651   Thumb Code    18  os.o(i.OS_Suspend)
    OS_Time                                  0x00001669   Thumb Code     6  os.o(i.OS_Time)
    OS_TimeDifference                        0x00001675   Thumb Code    18  os.o(i.OS_TimeDifference)
    OS_Wait                                  0x00001687   Thumb Code    36  os.o(i.OS_Wait)
    OS_bSignal                               0x000016ab   Thumb Code    36  os.o(i.OS_bSignal)
    OS_bWait                                 0x000016cf   Thumb Code    32  os.o(i.OS_bWait)
    OtherInits                               0x000016ef   Thumb Code    12  os.o(i.OtherInits)
    OutCRLF                                  0x000016fb   Thumb Code    16  uart2.o(i.OutCRLF)
    PLL_Init                                 0x0000170d   Thumb Code   118  pll.o(i.PLL_Init)
    PortD_Init                               0x00001789   Thumb Code    86  lab4.o(i.PortD_Init)
    Producer                                 0x000017f5   Thumb Code    42  lab4.o(i.Producer)
    RemoveBlockedTCB_sema4                   0x0000182d   Thumb Code    10  os.o(i.RemoveBlockedTCB_sema4)
    Robot                                    0x00001839   Thumb Code   182  lab4.o(i.Robot)
    RxFifo_Init                              0x0000196d   Thumb Code    22  uart2.o(i.RxFifo_Init)
    RxFifo_Put                               0x00001995   Thumb Code    52  uart2.o(i.RxFifo_Put)
    RxFifo_Size                              0x000019d9   Thumb Code    16  uart2.o(i.RxFifo_Size)
    ST7735_DrawCharS                         0x000019f1   Thumb Code   232  st7735.o(i.ST7735_DrawCharS)
    ST7735_DrawFastHLine                     0x00001ae5   Thumb Code   116  st7735.o(i.ST7735_DrawFastHLine)
    ST7735_DrawPixel                         0x00001b61   Thumb Code    64  st7735.o(i.ST7735_DrawPixel)
    ST7735_DrawString                        0x00001ba9   Thumb Code    86  st7735.o(i.ST7735_DrawString)
    ST7735_FillRect                          0x00001c01   Thumb Code   164  st7735.o(i.ST7735_FillRect)
    ST7735_FillScreen                        0x00001cad   Thumb Code    28  st7735.o(i.ST7735_FillScreen)
    ST7735_InitR                             0x00001cd1   Thumb Code    90  st7735.o(i.ST7735_InitR)
    ST7735_Message                           0x00001d4d   Thumb Code   124  st7735.o(i.ST7735_Message)
    ST7735_OutChar                           0x00001df9   Thumb Code   176  st7735.o(i.ST7735_OutChar)
    ST7735_OutString                         0x00001ecd   Thumb Code    24  st7735.o(i.ST7735_OutString)
    ST7735_OutUDec                           0x00001ee5   Thumb Code   118  st7735.o(i.ST7735_OutUDec)
    ST7735_SetCursor                         0x00001f71   Thumb Code    22  st7735.o(i.ST7735_SetCursor)
    SW1Push                                  0x00001f91   Thumb Code    36  lab4.o(i.SW1Push)
    SW1_Debounce                             0x00001fc1   Thumb Code    40  os.o(i.SW1_Debounce)
    SW1_init                                 0x00001ff5   Thumb Code   218  os.o(i.SW1_init)
    SW2Push                                  0x000020f1   Thumb Code     2  lab4.o(i.SW2Push)
    SW2_Debounce                             0x000020f5   Thumb Code    40  os.o(i.SW2_Debounce)
    SW2_init                                 0x00002129   Thumb Code   222  os.o(i.SW2_init)
    SetInitialStack                          0x00002231   Thumb Code   228  os.o(i.SetInitialStack)
    SysTick_Handler                          0x0000231d   Thumb Code   118  os.o(i.SysTick_Handler)
    Timer0A_Handler                          0x000023ad   Thumb Code     8  os.o(i.Timer0A_Handler)
    Timer0A_Init                             0x000023b9   Thumb Code    82  os.o(i.Timer0A_Init)
    Timer1A_Handler                          0x0000241d   Thumb Code   214  os.o(i.Timer1A_Handler)
    Timer1_Init                              0x00002519   Thumb Code   100  os.o(i.Timer1_Init)
    Timer3A_Handler                          0x00002591   Thumb Code    24  os.o(i.Timer3A_Handler)
    Timer3_MS                                0x000025b1   Thumb Code    86  os.o(i.Timer3_MS)
    Timer4A_Handler                          0x00002619   Thumb Code   214  os.o(i.Timer4A_Handler)
    Timer4_Init                              0x00002715   Thumb Code   106  os.o(i.Timer4_Init)
    TxFifo_Get                               0x00002795   Thumb Code    64  uart2.o(i.TxFifo_Get)
    TxFifo_Init                              0x000027e5   Thumb Code    22  uart2.o(i.TxFifo_Init)
    TxFifo_Put                               0x0000280d   Thumb Code    44  uart2.o(i.TxFifo_Put)
    TxFifo_Size                              0x00002845   Thumb Code    16  uart2.o(i.TxFifo_Size)
    UART0_Handler                            0x0000285d   Thumb Code    82  uart2.o(i.UART0_Handler)
    UART_Init                                0x000028b5   Thumb Code   174  uart2.o(i.UART_Init)
    UART_OutChar                             0x00002981   Thumb Code    40  uart2.o(i.UART_OutChar)
    UART_OutString                           0x000029ad   Thumb Code    24  uart2.o(i.UART_OutString)
    UnBlock                                  0x000029c5   Thumb Code    24  os.o(i.UnBlock)
    UnchainTCB                               0x000029dd   Thumb Code    40  os.o(i.UnchainTCB)
    WakeUpThreads                            0x00002a0d   Thumb Code    64  os.o(i.WakeUpThreads)
    __0printf$6                              0x00002a51   Thumb Code    22  printf6.o(i.__0printf$6)
    __1printf$6                              0x00002a51   Thumb Code     0  printf6.o(i.__0printf$6)
    __2printf                                0x00002a51   Thumb Code     0  printf6.o(i.__0printf$6)
    __scatterload_copy                       0x00002a71   Thumb Code    14  handlers.o(i.__scatterload_copy)
    __scatterload_null                       0x00002a7f   Thumb Code     2  handlers.o(i.__scatterload_null)
    __scatterload_zeroinit                   0x00002a81   Thumb Code    14  handlers.o(i.__scatterload_zeroinit)
    disk_timerproc                           0x00003009   Thumb Code    52  edisk.o(i.disk_timerproc)
    dummyADC                                 0x00003049   Thumb Code     2  adc.o(i.dummyADC)
    eFile_Create                             0x0000304b   Thumb Code     6  efile.o(i.eFile_Create)
    eFile_EndRedirectToFile                  0x00003051   Thumb Code    22  efile.o(i.eFile_EndRedirectToFile)
    eFile_RedirectToFile                     0x0000306d   Thumb Code    32  efile.o(i.eFile_RedirectToFile)
    eFile_WClose                             0x00003091   Thumb Code     4  efile.o(i.eFile_WClose)
    eFile_WOpen                              0x00003095   Thumb Code     6  efile.o(i.eFile_WOpen)
    eFile_Write                              0x0000309b   Thumb Code     6  efile.o(i.eFile_Write)
    fillmessage                              0x000030a1   Thumb Code    64  st7735.o(i.fillmessage)
    fputc                                    0x000030e9   Thumb Code    42  efile.o(i.fputc)
    main                                     0x00003119   Thumb Code   160  lab4.o(i.main)
    median                                   0x000031f1   Thumb Code    46  lab4.o(i.median)
    dBfs                                     0x000038d6   Data         512  st7735.o(.constdata)
    Region$$Table$$Base                      0x00003ad8   Number         0  anon$$obj.o(Region$$Table)
    Region$$Table$$Limit                     0x00003af8   Number         0  anon$$obj.o(Region$$Table)
    StX                                      0x20000000   Data           4  st7735.o(.data)
    StY                                      0x20000004   Data           4  st7735.o(.data)
    StTextColor                              0x20000008   Data           2  st7735.o(.data)
    lastj                                    0x20000010   Data           4  st7735.o(.data)
    Messageindex                             0x20000018   Data           4  st7735.o(.data)
    Ymax                                     0x2000001c   Data           4  st7735.o(.data)
    Ymin                                     0x20000020   Data           4  st7735.o(.data)
    X                                        0x20000024   Data           4  st7735.o(.data)
    Yrange                                   0x20000028   Data           4  st7735.o(.data)
    ST7735Free                               0x2000002c   Data           8  st7735.o(.data)
    TxPutPt                                  0x20000034   Data           4  uart2.o(.data)
    TxGetPt                                  0x20000038   Data           4  uart2.o(.data)
    TxRoomLeft                               0x2000003c   Data           8  uart2.o(.data)
    RxPutPt                                  0x20000044   Data           4  uart2.o(.data)
    RxGetPt                                  0x20000048   Data           4  uart2.o(.data)
    RxFifoAvailable                          0x2000004c   Data           8  uart2.o(.data)
    DumpIndex                                0x20000054   Data           1  os.o(.data)
    NumThreads                               0x20000058   Data           4  os.o(.data)
    PerTask1Counter                          0x2000005c   Data           4  os.o(.data)
    PerTask2Counter                          0x20000060   Data           4  os.o(.data)
    NumPeriodicTasks                         0x20000064   Data           4  os.o(.data)
    MaxJitter1                               0x20000070   Data           4  os.o(.data)
    MaxJitter2                               0x20000074   Data           4  os.o(.data)
    SystemTime_Ms                            0x20000078   Data           4  os.o(.data)
    RunPt                                    0x2000007c   Data           4  os.o(.data)
    NextRunPt                                0x20000080   Data           4  os.o(.data)
    LinkPt                                   0x20000084   Data           4  os.o(.data)
    PeriodicThread1                          0x20000088   Data           4  os.o(.data)
    PeriodicThread2                          0x2000008c   Data           4  os.o(.data)
    PerTask1Period                           0x20000090   Data           4  os.o(.data)
    PerTask2Period                           0x20000094   Data           4  os.o(.data)
    SW1_EventThread                          0x20000098   Data           4  os.o(.data)
    SW1_Priority                             0x2000009c   Data           4  os.o(.data)
    LastPF4                                  0x200000a0   Data           4  os.o(.data)
    SW2_EventThread                          0x200000a4   Data           4  os.o(.data)
    LastPF0                                  0x200000a8   Data           4  os.o(.data)
    SW2_Priority                             0x200000ac   Data           4  os.o(.data)
    PutPt                                    0x200000b0   Data           4  os.o(.data)
    GetPt                                    0x200000b4   Data           4  os.o(.data)
    CurrentFIFOSize                          0x200000b8   Data           8  os.o(.data)
    ADCTask                                  0x200000c0   Data           4  adc.o(.data)
    StreamToFile                             0x200000d4   Data           4  efile.o(.data)
    Name                                     0x200000d8   Data           8  lab4.o(.data)
    Idlecount                                0x200000e0   Data           4  lab4.o(.data)
    NumCreated                               0x200000e4   Data           4  lab4.o(.data)
    NumSamples                               0x200000e8   Data           4  lab4.o(.data)
    DataLost                                 0x200000ec   Data           4  lab4.o(.data)
    PIDWork                                  0x200000f0   Data           4  lab4.o(.data)
    FilterWork                               0x200000f4   Data           4  lab4.o(.data)
    Running                                  0x200000f8   Data           4  lab4.o(.data)
    doFFT                                    0x200000fc   Data           8  lab4.o(.data)
    Distance3                                0x20000104   Data           4  lab4.o(.data)
    Index3                                   0x20000108   Data           4  lab4.o(.data)
    x1                                       0x2000010c   Data           4  lab4.o(.data)
    x2                                       0x20000110   Data           4  lab4.o(.data)
    x3                                       0x20000114   Data           4  lab4.o(.data)
    Count1                                   0x20000118   Data           4  lab4.o(.data)
    Count2                                   0x2000011c   Data           4  lab4.o(.data)
    Count3                                   0x20000120   Data           4  lab4.o(.data)
    Count4                                   0x20000124   Data           4  lab4.o(.data)
    Count5                                   0x20000128   Data           4  lab4.o(.data)
    __stdout                                 0x2000012c   Data           4  stdout.o(.data)
    Message                                  0x20000130   Data          12  st7735.o(.bss)
    TxFifo                                   0x2000013c   Data          32  uart2.o(.bss)
    JitterHistogram1                         0x2000016c   Data         256  os.o(.bss)
    JitterHistogram2                         0x2000026c   Data         256  os.o(.bss)
    PriPt                                    0x2000036c   Data          32  os.o(.bss)
    PriLastPt                                0x2000038c   Data          32  os.o(.bss)
    Pri_Total                                0x200003ac   Data          32  os.o(.bss)
    Pri_Available                            0x200003cc   Data          32  os.o(.bss)
    Dump                                     0x200003ec   Data         800  os.o(.bss)
    tcbs                                     0x2000070c   Data         400  os.o(.bss)
    Stacks                                   0x2000089c   Data        5120  os.o(.bss)
    Fifo                                     0x20001c9c   Data         128  os.o(.bss)
    mailbox                                  0x20001d1c   Data          20  os.o(.bss)
    x                                        0x20001d30   Data         256  lab4.o(.bss)
    y                                        0x20001e30   Data         256  lab4.o(.bss)
    buffer                                   0x20001f30   Data         512  lab4.o(.bss)
    __initial_sp                             0x20002530   Data           0  startup.o(STACK)



==============================================================================

Memory Map of the image

  Image Entry point : 0x0000026d

  Load Region LR_1 (Base: 0x00000000, Size: 0x00003c28, Max: 0xffffffff, ABSOLUTE, COMPRESSED[0x00003b0c])

    Execution Region ER_RO (Base: 0x00000000, Size: 0x00003af8, Max: 0xffffffff, ABSOLUTE)

    Base Addr    Size         Type   Attr      Idx    E Section Name        Object

    0x00000000   0x00000284   Code   RO            3  * RESET               startup.o
    0x00000284   0x00000000   Code   RO         1267  * .ARM.Collect$$$$00000000  mc_w.l(entry.o)
    0x00000284   0x00000004   Code   RO         1533    .ARM.Collect$$$$00000001  mc_w.l(entry2.o)
    0x00000288   0x00000004   Code   RO         1536    .ARM.Collect$$$$00000004  mc_w.l(entry5.o)
    0x0000028c   0x00000000   Code   RO         1538    .ARM.Collect$$$$00000008  mc_w.l(entry7b.o)
    0x0000028c   0x00000000   Code   RO         1540    .ARM.Collect$$$$0000000A  mc_w.l(entry8b.o)
    0x0000028c   0x00000008   Code   RO         1541    .ARM.Collect$$$$0000000B  mc_w.l(entry9a.o)
    0x00000294   0x00000000   Code   RO         1543    .ARM.Collect$$$$0000000D  mc_w.l(entry10a.o)
    0x00000294   0x00000000   Code   RO         1545    .ARM.Collect$$$$0000000F  mc_w.l(entry11a.o)
    0x00000294   0x00000004   Code   RO         1534    .ARM.Collect$$$$00002712  mc_w.l(entry2.o)
    0x00000298   0x0000001c   Code   RO            4    .text               startup.o
    0x000002b4   0x00000050   Code   RO          812    .text               osasm.o
    0x00000304   0x000002ce   Code   RO          857    .text               cr4_fft_64_stm32.o
    0x000005d2   0x0000002c   Code   RO         1548    .text               mc_w.l(uidiv.o)
    0x000005fe   0x00000002   PAD
    0x00000600   0x00000024   Code   RO         1563    .text               mc_w.l(init.o)
    0x00000624   0x0000003a   Code   RO         1581    .text               mc_w.l(__dczerorl.o)
    0x0000065e   0x00000002   PAD
    0x00000660   0x00000024   Code   RO          815    i.ADC0Seq0_Handler  adc.o
    0x00000684   0x00000020   Code   RO         1119    i.ADC2millimeter    lab4.o
    0x000006a4   0x00000488   Code   RO          816    i.ADC_Collect       adc.o
    0x00000b2c   0x0000002c   Code   RO          817    i.ADC_In            adc.o
    0x00000b58   0x000003d8   Code   RO          818    i.ADC_Init          adc.o
    0x00000f30   0x00000034   Code   RO          492    i.AddBlockedTCB_Sema4  os.o
    0x00000f64   0x0000003c   Code   RO          494    i.Block             os.o
    0x00000fa0   0x00000044   Code   RO          495    i.ChainTCB          os.o
    0x00000fe4   0x000000b8   Code   RO         1120    i.DAS               lab4.o
    0x0000109c   0x00000060   Code   RO         1121    i.DSP               lab4.o
    0x000010fc   0x00000020   Code   RO           28    i.Delay1ms          st7735.o
    0x0000111c   0x000000d4   Code   RO          496    i.GPIOPortF_Handler  os.o
    0x000011f0   0x00000014   Code   RO         1122    i.IdleTask          lab4.o
    0x00001204   0x00000004   Code   RO          860    i.Interpreter       interpreter.o
    0x00001208   0x00000060   Code   RO           29    i.LCD_Init          st7735.o
    0x00001268   0x00000054   Code   RO          498    i.OS_AddPeriodicThread  os.o
    0x000012bc   0x00000018   Code   RO          499    i.OS_AddSW1Task     os.o
    0x000012d4   0x00000018   Code   RO          500    i.OS_AddSW2Task     os.o
    0x000012ec   0x00000120   Code   RO          501    i.OS_AddThread      os.o
    0x0000140c   0x0000000c   Code   RO          502    i.OS_ClearMsTime    os.o
    0x00001418   0x0000004c   Code   RO          503    i.OS_Fifo_Get       os.o
    0x00001464   0x00000034   Code   RO          504    i.OS_Fifo_Init      os.o
    0x00001498   0x00000048   Code   RO          505    i.OS_Fifo_Put       os.o
    0x000014e0   0x000000bc   Code   RO          508    i.OS_Init           os.o
    0x0000159c   0x0000001a   Code   RO          509    i.OS_InitSemaphore  os.o
    0x000015b6   0x00000002   PAD
    0x000015b8   0x00000034   Code   RO          510    i.OS_Kill           os.o
    0x000015ec   0x00000016   Code   RO          511    i.OS_Launch         os.o
    0x00001602   0x00000002   PAD
    0x00001604   0x0000000c   Code   RO          515    i.OS_MsTime         os.o
    0x00001610   0x00000024   Code   RO          516    i.OS_Signal         os.o
    0x00001634   0x0000001c   Code   RO          517    i.OS_Sleep          os.o
    0x00001650   0x00000018   Code   RO          518    i.OS_Suspend        os.o
    0x00001668   0x0000000c   Code   RO          519    i.OS_Time           os.o
    0x00001674   0x00000012   Code   RO          520    i.OS_TimeDifference  os.o
    0x00001686   0x00000024   Code   RO          521    i.OS_Wait           os.o
    0x000016aa   0x00000024   Code   RO          522    i.OS_bSignal        os.o
    0x000016ce   0x00000020   Code   RO          523    i.OS_bWait          os.o
    0x000016ee   0x0000000c   Code   RO          524    i.OtherInits        os.o
    0x000016fa   0x00000010   Code   RO          323    i.OutCRLF           uart2.o
    0x0000170a   0x00000002   PAD
    0x0000170c   0x0000007c   Code   RO           12    i.PLL_Init          pll.o
    0x00001788   0x0000006c   Code   RO         1123    i.PortD_Init        lab4.o
    0x000017f4   0x00000038   Code   RO         1124    i.Producer          lab4.o
    0x0000182c   0x0000000a   Code   RO          525    i.RemoveBlockedTCB_sema4  os.o
    0x00001836   0x00000002   PAD
    0x00001838   0x00000134   Code   RO         1125    i.Robot             lab4.o
    0x0000196c   0x00000028   Code   RO          325    i.RxFifo_Init       uart2.o
    0x00001994   0x00000044   Code   RO          326    i.RxFifo_Put        uart2.o
    0x000019d8   0x00000018   Code   RO          327    i.RxFifo_Size       uart2.o
    0x000019f0   0x000000f4   Code   RO           38    i.ST7735_DrawCharS  st7735.o
    0x00001ae4   0x0000007c   Code   RO           39    i.ST7735_DrawFastHLine  st7735.o
    0x00001b60   0x00000048   Code   RO           41    i.ST7735_DrawPixel  st7735.o
    0x00001ba8   0x00000056   Code   RO           42    i.ST7735_DrawString  st7735.o
    0x00001bfe   0x00000002   PAD
    0x00001c00   0x000000ac   Code   RO           43    i.ST7735_FillRect   st7735.o
    0x00001cac   0x00000024   Code   RO           44    i.ST7735_FillScreen  st7735.o
    0x00001cd0   0x0000007c   Code   RO           46    i.ST7735_InitR      st7735.o
    0x00001d4c   0x000000ac   Code   RO           48    i.ST7735_Message    st7735.o
    0x00001df8   0x000000d4   Code   RO           49    i.ST7735_OutChar    st7735.o
    0x00001ecc   0x00000018   Code   RO           50    i.ST7735_OutString  st7735.o
    0x00001ee4   0x0000008c   Code   RO           52    i.ST7735_OutUDec    st7735.o
    0x00001f70   0x00000020   Code   RO           61    i.ST7735_SetCursor  st7735.o
    0x00001f90   0x00000030   Code   RO         1127    i.SW1Push           lab4.o
    0x00001fc0   0x00000034   Code   RO          526    i.SW1_Debounce      os.o
    0x00001ff4   0x000000fc   Code   RO          527    i.SW1_init          os.o
    0x000020f0   0x00000002   Code   RO         1130    i.SW2Push           lab4.o
    0x000020f2   0x00000002   PAD
    0x000020f4   0x00000034   Code   RO          528    i.SW2_Debounce      os.o
    0x00002128   0x00000108   Code   RO          529    i.SW2_init          os.o
    0x00002230   0x000000ec   Code   RO          530    i.SetInitialStack   os.o
    0x0000231c   0x00000090   Code   RO          531    i.SysTick_Handler   os.o
    0x000023ac   0x0000000c   Code   RO          532    i.Timer0A_Handler   os.o
    0x000023b8   0x00000064   Code   RO          533    i.Timer0A_Init      os.o
    0x0000241c   0x000000fc   Code   RO          534    i.Timer1A_Handler   os.o
    0x00002518   0x00000078   Code   RO          535    i.Timer1_Init       os.o
    0x00002590   0x00000020   Code   RO          536    i.Timer3A_Handler   os.o
    0x000025b0   0x00000068   Code   RO          537    i.Timer3_MS         os.o
    0x00002618   0x000000fc   Code   RO          538    i.Timer4A_Handler   os.o
    0x00002714   0x00000080   Code   RO          539    i.Timer4_Init       os.o
    0x00002794   0x00000050   Code   RO          328    i.TxFifo_Get        uart2.o
    0x000027e4   0x00000028   Code   RO          329    i.TxFifo_Init       uart2.o
    0x0000280c   0x00000038   Code   RO          330    i.TxFifo_Put        uart2.o
    0x00002844   0x00000018   Code   RO          331    i.TxFifo_Size       uart2.o
    0x0000285c   0x00000058   Code   RO          332    i.UART0_Handler     uart2.o
    0x000028b4   0x000000cc   Code   RO          338    i.UART_Init         uart2.o
    0x00002980   0x0000002c   Code   RO          339    i.UART_OutChar      uart2.o
    0x000029ac   0x00000018   Code   RO          341    i.UART_OutString    uart2.o
    0x000029c4   0x00000018   Code   RO          540    i.UnBlock           os.o
    0x000029dc   0x00000030   Code   RO          541    i.UnchainTCB        os.o
    0x00002a0c   0x00000044   Code   RO          542    i.WakeUpThreads     os.o
    0x00002a50   0x00000020   Code   RO         1427    i.__0printf$6       mc_w.l(printf6.o)
    0x00002a70   0x0000000e   Code   RO         1575    i.__scatterload_copy  mc_w.l(handlers.o)
    0x00002a7e   0x00000002   Code   RO         1576    i.__scatterload_null  mc_w.l(handlers.o)
    0x00002a80   0x0000000e   Code   RO         1577    i.__scatterload_zeroinit  mc_w.l(handlers.o)
    0x00002a8e   0x00000002   PAD
    0x00002a90   0x000002f4   Code   RO         1434    i._printf_core      mc_w.l(printf6.o)
    0x00002d84   0x00000026   Code   RO         1435    i._printf_post_padding  mc_w.l(printf6.o)
    0x00002daa   0x00000030   Code   RO         1436    i._printf_pre_padding  mc_w.l(printf6.o)
    0x00002dda   0x00000056   Code   RO           65    i.commandList       st7735.o
    0x00002e30   0x00000184   Code   RO           66    i.commonInit        st7735.o
    0x00002fb4   0x00000028   Code   RO          346    i.copyHardwareToSoftware  uart2.o
    0x00002fdc   0x0000002c   Code   RO          347    i.copySoftwareToHardware  uart2.o
    0x00003008   0x00000040   Code   RO          897    i.disk_timerproc    edisk.o
    0x00003048   0x00000002   Code   RO          819    i.dummyADC          adc.o
    0x0000304a   0x00000006   Code   RO         1015    i.eFile_Create      efile.o
    0x00003050   0x0000001c   Code   RO         1018    i.eFile_EndRedirectToFile  efile.o
    0x0000306c   0x00000024   Code   RO         1024    i.eFile_RedirectToFile  efile.o
    0x00003090   0x00000004   Code   RO         1025    i.eFile_WClose      efile.o
    0x00003094   0x00000006   Code   RO         1026    i.eFile_WOpen       efile.o
    0x0000309a   0x00000006   Code   RO         1027    i.eFile_Write       efile.o
    0x000030a0   0x00000048   Code   RO           68    i.fillmessage       st7735.o
    0x000030e8   0x00000030   Code   RO         1029    i.fputc             efile.o
    0x00003118   0x000000d8   Code   RO         1138    i.main              lab4.o
    0x000031f0   0x0000002e   Code   RO         1139    i.median            lab4.o
    0x0000321e   0x00000012   Code   RO           69    i.pushColor         st7735.o
    0x00003230   0x00000074   Code   RO           70    i.setAddrWindow     st7735.o
    0x000032a4   0x00000030   Code   RO           71    i.writecommand      st7735.o
    0x000032d4   0x00000020   Code   RO           72    i.writedata         st7735.o
    0x000032f4   0x000007e2   Data   RO           74    .constdata          st7735.o
    0x00003ad6   0x00000002   PAD
    0x00003ad8   0x00000020   Data   RO         1573    Region$$Table       anon$$obj.o


    Execution Region ER_RW (Base: 0x20000000, Size: 0x00000130, Max: 0xffffffff, ABSOLUTE, COMPRESSED[0x00000014])

    Base Addr    Size         Type   Attr      Idx    E Section Name        Object

    0x20000000   0x00000034   Data   RW           75    .data               st7735.o
    0x20000034   0x00000020   Data   RW          349    .data               uart2.o
    0x20000054   0x0000006c   Data   RW          545    .data               os.o
    0x200000c0   0x00000004   Data   RW          820    .data               adc.o
    0x200000c4   0x0000000d   Data   RW          914    .data               edisk.o
    0x200000d1   0x00000003   PAD
    0x200000d4   0x00000004   Data   RW         1030    .data               efile.o
    0x200000d8   0x00000054   Data   RW         1143    .data               lab4.o
    0x2000012c   0x00000004   Data   RW         1547    .data               mc_w.l(stdout.o)


    Execution Region ER_ZI (Base: 0x20000130, Size: 0x00002400, Max: 0xffffffff, ABSOLUTE)

    Base Addr    Size         Type   Attr      Idx    E Section Name        Object

    0x20000130   0x0000000c   Zero   RW           73    .bss                st7735.o
    0x2000013c   0x00000030   Zero   RW          348    .bss                uart2.o
    0x2000016c   0x00001bc4   Zero   RW          543    .bss                os.o
    0x20001d30   0x00000400   Zero   RW         1142    .bss                lab4.o
    0x20002130   0x00000400   Zero   RW            1    STACK               startup.o


==============================================================================

Image component sizes


      Code (inc. data)   RO Data    RW Data    ZI Data      Debug   Object Name

      2226        174          0          4          0       4394   adc.o
       718        240          0          0          0        316   cr4_fft_64_stm32.o
        64         12          0         13          0       3125   edisk.o
       134         16          0          4          0       4238   efile.o
         4          0          0          0          0       1682   interpreter.o
      1116        312          0         84       1024       7997   lab4.o
      3708        530          0        108       7108      29769   os.o
        80         10          0          0          0        284   osasm.o
       124          6          0          0          0       1951   pll.o
      2326        306       2018         52         12      21151   st7735.o
       672        622          0          0       1024       1100   startup.o
       792        146          0         32         48      10789   uart2.o

    ----------------------------------------------------------------------
     11976       2374       2052        300       9216      86796   Object Totals
         0          0         32          0          0          0   (incl. Generated)
        12          0          2          3          0          0   (incl. Padding)

    ----------------------------------------------------------------------

      Code (inc. data)   RO Data    RW Data    ZI Data      Debug   Library Member Name

        58          0          0          0          0          0   __dczerorl.o
         0          0          0          0          0          0   entry.o
         0          0          0          0          0          0   entry10a.o
         0          0          0          0          0          0   entry11a.o
         8          4          0          0          0          0   entry2.o
         4          0          0          0          0          0   entry5.o
         0          0          0          0          0          0   entry7b.o
         0          0          0          0          0          0   entry8b.o
         8          4          0          0          0          0   entry9a.o
        30          0          0          0          0          0   handlers.o
        36          8          0          0          0         68   init.o
       874         16          0          0          0        352   printf6.o
         0          0          0          4          0          0   stdout.o
        44          0          0          0          0         80   uidiv.o

    ----------------------------------------------------------------------
      1068         32          0          4          0        500   Library Totals
         6          0          0          0          0          0   (incl. Padding)

    ----------------------------------------------------------------------

      Code (inc. data)   RO Data    RW Data    ZI Data      Debug   Library Name

      1062         32          0          4          0        500   mc_w.l

    ----------------------------------------------------------------------
      1068         32          0          4          0        500   Library Totals

    ----------------------------------------------------------------------

==============================================================================


      Code (inc. data)   RO Data    RW Data    ZI Data      Debug   

     13044       2406       2052        304       9216      77340   Grand Totals
     13044       2406       2052         20       9216      77340   ELF Image Totals (compressed)
     13044       2406       2052         20          0          0   ROM Totals

==============================================================================

    Total RO  Size (Code + RO Data)                15096 (  14.74kB)
    Total RW  Size (RW Data + ZI Data)              9520 (   9.30kB)
    Total ROM Size (Code + RO Data + RW Data)      15116 (  14.76kB)

==============================================================================

