<html>
<body>
<pre>
<h1>µVision Build Log</h1>
<h2>Project:</h2>
C:\Users\oland\OneDrive - The University of Texas at Austin\Documents\UT\Spring2018\EE445M_Realtime_OS\EE445M\Lab4_4C123_FileSystem\Lab4.uvproj
Project File Date:  03/23/2018

<h2>Output:</h2>
Rebuild target 'Lab4'
assembling startup.s...
compiling PLL.c...
compiling ST7735.c...
compiling UART2.c...
compiling OS.c...
assembling osasm.s...
compiling ADC.c...
assembling cr4_fft_64_stm32.s...
compiling Interpreter.c...
compiling eDisk.c...
compiling efile.c...
compiling Lab4.c...
linking...
Program Size: Code=10544 RO-data=1540 RW-data=296 ZI-data=11768  
".\Lab4.axf" - 0 Error(s), 0 Warning(s).
Lab4.c...
linking...
Program Size: Code=10544 RO-data=1540 RW-data=292 ZI-data=11764  
".\Lab4.axf" - 0 Error(s), 1 Warning(s).

Target not created
or(s), 1 Warning(s).
Target not created
ree space
efile.c(372): error:  #20: identifier "i" is undefined
        for(int i = 1; i < NUM_FILES; i+= DIR_SIZE){ //skip free space
efile.c(374): error:  #29: expected an expression
                        for(int j = 0; j < NAME; j++){
efile.c(374): error:  #20: identifier "j" is undefined
                        for(int j = 0; j < NAME; j++){
efile.c: 1 warning, 5 errors
compiling Lab4.c...
".\Lab4.axf" - 5 Error(s), 1 Warning(s).
Target not created
