<html>
<body>
<pre>
<h1>µVision Build Log</h1>
<h2>Project:</h2>
C:\Users\tejas\Documents\GitHub\EE445M\Lab4_4C123_FileSystem\Lab4.uvproj
Project File Date:  03/23/2018

<h2>Output:</h2>
Rebuild target 'Lab4'
assembling startup.s...
compiling PLL.c...
compiling ST7735.c...
compiling UART2.c...
compiling OS.c...
assembling osasm.s...
compiling ADC.c...
assembling cr4_fft_64_stm32.s...
compiling Interpreter.c...
compiling eDisk.c...
compiling efile.c...
compiling Lab4.c...
linking...
Program Size: Code=10148 RO-data=1540 RW-data=292 ZI-data=9204  
".\Lab4.axf" - 0 Error(s), 0 Warning(s).
rrors
compiling Lab4.c...
linking...
Program Size: Code=10148 RO-data=1540 RW-data=292 ZI-data=9204  
".\Lab4.axf" - 0 Error(s), 1 Warning(s).
  int currFile_idx;
efile.c: 3 warnings, 0 errors
compiling Lab4.c...
linking...
Program Size: Code=10148 RO-data=1540 RW-data=292 ZI-data=9204  
".\Lab4.axf" - 0 Error(s), 3 Warning(s).
    int currFile_idx;
efile.c: 5 warnings, 0 errors
compiling Lab4.c...
linking...
Program Size: Code=10148 RO-data=1540 RW-data=292 ZI-data=9204  
".\Lab4.axf" - 0 Error(s), 5 Warning(s).
ing Lab4.c...
linking...
Program Size: Code=10148 RO-data=1540 RW-data=292 ZI-data=9204  
".\Lab4.axf" - 0 Error(s), 6 Warning(s).
