<html>
<body>
<pre>
<h1>µVision Build Log</h1>
<h2>Project:</h2>
C:\Users\oland\OneDrive - The University of Texas at Austin\Documents\UT\Spring2018\EE445M_Realtime_OS\EE445M\Lab3_RTOS\Lab 2_RTOS Kernel.uvproj
Project File Date:  02/25/2018

<h2>Output:</h2>
Rebuild target 'Lab 2 RTOS Kernel'
assembling startup_TM4C123.s...
compiling os.c...
assembling OSasm.s...
assembling cr4_fft_64_stm32.s...
assembling PID_stm32.s...
compiling ADC.c...
compiling Interpreter.c...
compiling PLL.c...
compiling ST7735.c...
compiling UART.c...
compiling Lab3.c...
linking...
Program Size: Code=12848 RO-data=2052 RW-data=308 ZI-data=7788  
".\Lab 2_RTOS Kernel.axf" - 0 Error(s), 0 Warning(s).
