<html>
<body>
<pre>
<h1>µVision Build Log</h1>
<h2>Project:</h2>
C:\Users\tejas\Documents\GitHub\EE445M\Lab3_RTOS\Lab 2_RTOS Kernel.uvproj
Project File Date:  03/05/2018

<h2>Output:</h2>
Rebuild target 'Lab 2 RTOS Kernel'
assembling startup_TM4C123.s...
compiling os.c...
assembling OSasm.s...
assembling cr4_fft_64_stm32.s...
assembling PID_stm32.s...
compiling ADC.c...
compiling Interpreter.c...
compiling PLL.c...
compiling ST7735.c...
compiling UART.c...
compiling Lab3.c...
linking...
Program Size: Code=13444 RO-data=2052 RW-data=336 ZI-data=8176  
".\Lab 2_RTOS Kernel.axf" - 0 Error(s), 0 Warning(s).
Load "C:\\Users\\tejas\\Documents\\GitHub\\EE445M\\Lab3_RTOS\\Lab 2_RTOS Kernel.axf" 
Connecting: Mode=JTAG, Speed=1000000Hz
Erase Done.
Programming Done.
Verify OK.
</pre>
</body>
</html>
e "jitter" was declared but never referenced
  long jitter;                    // time between measured and expected, in us
Lab3.c: 3 warnings, 0 errors
linking...
Program Size: Code=12924 RO-data=2052 RW-data=336 ZI-data=8176  
".\Lab 2_RTOS Kernel.axf" - 0 Error(s), 3 Warning(s).
ad "C:\\Users\\tejas\\Documents\\GitHub\\EE445M\\Lab3_RTOS\\Lab 2_RTOS Kernel.axf" 
Connecting: Mode=JTAG, Speed=1000000Hz
Erase Done.
Programming Done.
Verify OK.
 warning:  #177-D: variable "jitter" was declared but never referenced
  long jitter;                    // time between measured and expected, in us
Lab3.c: 3 warnings, 0 errors
linking...
Program Size: Code=11888 RO-data=2052 RW-data=328 ZI-data=7776  
".\Lab 2_RTOS Kernel.axf" - 0 Error(s), 7 Warning(s).
