<html>
<body>
<pre>
<h1>µVision Build Log</h1>
<h2>Project:</h2>
C:\Users\tejas\Documents\GitHub\EE445M\Lab 01 Graphics, LCD, Timer, and Interrupts\src\Lab01.uvproj
Project File Date:  01/24/2018

<h2>Output:</h2>
Rebuild target 'Lab01'
assembling startup.s...
compiling PLL.c...
compiling main.c...
compiling ST7735.c...
ST7735.c(1640): warning:  #1-D: last line of file ends without a newline
  }
ST7735.c: 1 warning, 0 errors
compiling ADC.c...
ADC.c(96): warning:  #550-D: variable "ADC_Value" was set but never used
  void ADC0Seq3_Handler(void){ uint32_t ADC_Value = 0;
ADC.c: 1 warning, 0 errors
compiling OS.c...
linking...
Program Size: Code=3052 RO-data=2052 RW-data=44 ZI-data=1124  
".\Lab01.axf" - 0 Error(s), 2 Warning(s).
</pre>
</body>
</html>
cuments\\GitHub\\EE445M\\Lab 01 Graphics, LCD, Timer, and Interrupts\\src\\Lab01.axf" 
Connecting: Mode=JTAG, Speed=1000000Hz
Erase Done.
Programming Done.
Verify OK.
