<html>
<body>
<pre>
<h1>µVision Build Log</h1>
<h2>Project:</h2>
C:\Users\tejas\Documents\GitHub\EE445M\Lab5_Process Loading and Management\SDCFile.uvproj
Project File Date:  03/28/2018

<h2>Output:</h2>
Rebuild target 'SDCFile'
assembling startup.s...
compiling diskio.c...
compiling ff.c...
compiling PLL.c...
compiling SDCFile.c...
compiling loader.c...
loader.c(668): warning:  #111-D: statement is unreachable
    return -1;
loader.c(148): warning:  #177-D: function "swabo" was declared but never referenced
  static uint32_t swabo(uint32_t hl) {
loader.c(250): warning:  #177-D: function "readSegment" was declared but never referenced
  static int readSegment(ELFExec_t *e, int n, Elf32_Phdr *h, size_t nlen) {
loader.c(274): warning:  #177-D: function "typeStr" was declared but never referenced
  static const char *typeStr(int symt) {
loader.c: 4 warnings, 0 errors
compiling heap.c...
compiling UART2.c...
compiling OS.c...
compiling ST7735.c...
assembling OSasm.s...
compiling Interpreter.c...
linking...
Program Size: Code=16148 RO-data=2068 RW-data=228 ZI-data=10460  
".\SDCFile.axf" - 0 Error(s), 4 Warning(s).
Load "C:\\Users\\tejas\\Documents\\GitHub\\EE445M\\Lab5_Process Loading and Management\\SDCFile.axf" 
Connecting: Mode=JTAG, Speed=1000000Hz
Erase Done.
Programming Done.
Verify OK.
</pre>
</body>
</html>
T_OutString ("SD card formatting done."); break;
Interpreter.c(43): warning:  #223-D: function "eFile_Directory" declared implicitly
                case 2: UART_OutString ("Directory:"); OutCRLF(); eFile_Directory(&UART_OutChar); break;
Interpreter.c(46): warning:  #223-D: function "eFile_Delete" declared implicitly
                                                eFile_Delete(name);
Interpreter.c(50): warning:  #223-D: function "eFile_ROpen" declared implicitly
                                                eFile_ROpen(name);
Interpreter.c(51): warning:  #223-D: function "get_DirIdx" declared implicitly
                                                dirIdx = get_DirIdx (name);
Interpreter.c(52): warning:  #223-D: function "get_BytesWritten" declared implicitly
                                                bytes = get_BytesWritten(dirIdx);
Interpreter.c(54): warning:  #223-D: function "eFile_ReadNext" declared implicitly
                                                        eFile_ReadNext (&data);
Interpreter.c: 7 warnings, 0 errors
".\SDCFile.axf" - 2 Error(s), 11 Warning(s).
Target not created
