<html>
<body>
<pre>
<h1>µVision Build Log</h1>
<h2>Project:</h2>
C:\Users\tejas\Documents\GitHub\EE445M\Lab5_Process Loading and Management\SDCFile.uvproj
Project File Date:  04/04/2018

<h2>Output:</h2>
Rebuild target 'SDCFile'
assembling startup.s...
compiling diskio.c...
compiling ff.c...
compiling PLL.c...
compiling SDCFile.c...
compiling loader.c...
loader_config.h(310): warning:  #1-D: last line of file ends without a newline
  #endif /* LOADER_CONFIG_H_ */
loader.c(668): warning:  #111-D: statement is unreachable
    return -1;
loader.c(148): warning:  #177-D: function "swabo" was declared but never referenced
  static uint32_t swabo(uint32_t hl) {
loader.c(250): warning:  #177-D: function "readSegment" was declared but never referenced
  static int readSegment(ELFExec_t *e, int n, Elf32_Phdr *h, size_t nlen) {
loader.c(274): warning:  #177-D: function "typeStr" was declared but never referenced
  static const char *typeStr(int symt) {
loader.c: 5 warnings, 0 errors
compiling heap.c...
compiling UART2.c...
compiling OS.c...
compiling ST7735.c...
assembling OSasm.s...
compiling Interpreter.c...
linking...
Program Size: Code=20644 RO-data=2152 RW-data=236 ZI-data=15852  
".\SDCFile.axf" - 0 Error(s), 5 Warning(s).
Load "C:\\Users\\tejas\\Documents\\GitHub\\EE445M\\Lab5_Process Loading and Management\\SDCFile.axf" 
Connecting: Mode=JTAG, Speed=1000000Hz
Erase Done.
Programming Done.
Verify OK.
Load "C:\\Users\\tejas\\Documents\\GitHub\\EE445M\\Lab5_Process Loading and Management\\SDCFile.axf" 
Connecting: Mode=JTAG, Speed=1000000Hz
Erase Done.
Programming Done.
Verify OK.
Load "C:\\Users\\tejas\\Documents\\GitHub\\EE445M\\Lab5_Process Loading and Management\\SDCFile.axf" 
Connecting: Mode=JTAG, Speed=1000000Hz
Erase Done.
Programming Done.
Verify OK.
