ARM Linker, 5.03 [Build 76] [MDK-ARM Professional]

==============================================================================

Section Cross References

    startup.o(STACK) refers (Special) to heapauxi.o(.text) for __use_two_region_memory
    startup.o(HEAP) refers (Special) to heapauxi.o(.text) for __use_two_region_memory
    startup.o(RESET) refers (Special) to heapauxi.o(.text) for __use_two_region_memory
    startup.o(RESET) refers to startup.o(STACK) for StackMem
    startup.o(RESET) refers to osasm.o(.text) for SVC_Handler
    startup.o(RESET) refers to os.o(i.SysTick_Handler) for SysTick_Handler
    startup.o(RESET) refers to uart2.o(i.UART0_Handler) for UART0_Handler
    startup.o(RESET) refers to os.o(i.Timer0A_Handler) for Timer0A_Handler
    startup.o(RESET) refers to os.o(i.Timer1A_Handler) for Timer1A_Handler
    startup.o(RESET) refers to os.o(i.GPIOPortF_Handler) for GPIOPortF_Handler
    startup.o(RESET) refers to os.o(i.Timer3A_Handler) for Timer3A_Handler
    startup.o(RESET) refers to os.o(i.Timer4A_Handler) for Timer4A_Handler
    startup.o(RESET) refers to diskio.o(i.Timer5A_Handler) for Timer5A_Handler
    startup.o(RESET) refers to __main.o(!!!main) for __main
    startup.o(.text) refers (Special) to heapauxi.o(.text) for __use_two_region_memory
    startup.o(.text) refers to startup.o(HEAP) for HeapMem
    startup.o(.text) refers to startup.o(STACK) for StackMem
    diskio.o(i.SSI0_Init) refers to diskio.o(i.Timer5_Init) for Timer5_Init
    diskio.o(i.SSI0_Init) refers to diskio.o(i.CS_Init) for CS_Init
    diskio.o(i.Timer5A_Handler) refers to diskio.o(i.disk_timerproc) for disk_timerproc
    diskio.o(i.deselect) refers to diskio.o(i.xchg_spi) for xchg_spi
    diskio.o(i.disk_initialize) refers to diskio.o(i.init_spi) for init_spi
    diskio.o(i.disk_initialize) refers to diskio.o(i.xchg_spi) for xchg_spi
    diskio.o(i.disk_initialize) refers to diskio.o(i.send_cmd) for send_cmd
    diskio.o(i.disk_initialize) refers to diskio.o(i.deselect) for deselect
    diskio.o(i.disk_initialize) refers to diskio.o(.data) for Stat
    diskio.o(i.disk_ioctl) refers to diskio.o(i.select) for select
    diskio.o(i.disk_ioctl) refers to diskio.o(i.send_cmd) for send_cmd
    diskio.o(i.disk_ioctl) refers to diskio.o(i.rcvr_datablock) for rcvr_datablock
    diskio.o(i.disk_ioctl) refers to diskio.o(i.xchg_spi) for xchg_spi
    diskio.o(i.disk_ioctl) refers to diskio.o(i.wait_ready) for wait_ready
    diskio.o(i.disk_ioctl) refers to diskio.o(i.deselect) for deselect
    diskio.o(i.disk_ioctl) refers to diskio.o(.data) for Stat
    diskio.o(i.disk_read) refers to diskio.o(i.send_cmd) for send_cmd
    diskio.o(i.disk_read) refers to diskio.o(i.rcvr_datablock) for rcvr_datablock
    diskio.o(i.disk_read) refers to diskio.o(i.deselect) for deselect
    diskio.o(i.disk_read) refers to diskio.o(.data) for Stat
    diskio.o(i.disk_status) refers to diskio.o(.data) for Stat
    diskio.o(i.disk_timerproc) refers to diskio.o(.data) for Timer1
    diskio.o(i.disk_write) refers to diskio.o(i.send_cmd) for send_cmd
    diskio.o(i.disk_write) refers to diskio.o(i.xmit_datablock) for xmit_datablock
    diskio.o(i.disk_write) refers to diskio.o(i.deselect) for deselect
    diskio.o(i.disk_write) refers to diskio.o(.data) for Stat
    diskio.o(i.init_spi) refers to diskio.o(i.SSI0_Init) for SSI0_Init
    diskio.o(i.init_spi) refers to diskio.o(.data) for Timer1
    diskio.o(i.rcvr_datablock) refers to diskio.o(i.xchg_spi) for xchg_spi
    diskio.o(i.rcvr_datablock) refers to diskio.o(i.rcvr_spi_multi) for rcvr_spi_multi
    diskio.o(i.rcvr_datablock) refers to diskio.o(.data) for Timer1
    diskio.o(i.rcvr_spi_multi) refers to diskio.o(i.rcvr_spi) for rcvr_spi
    diskio.o(i.select) refers to diskio.o(i.xchg_spi) for xchg_spi
    diskio.o(i.select) refers to diskio.o(i.wait_ready) for wait_ready
    diskio.o(i.select) refers to diskio.o(i.deselect) for deselect
    diskio.o(i.send_cmd) refers to diskio.o(i.deselect) for deselect
    diskio.o(i.send_cmd) refers to diskio.o(i.select) for select
    diskio.o(i.send_cmd) refers to diskio.o(i.xchg_spi) for xchg_spi
    diskio.o(i.wait_ready) refers to diskio.o(i.xchg_spi) for xchg_spi
    diskio.o(i.wait_ready) refers to diskio.o(.data) for Timer2
    diskio.o(i.xmit_datablock) refers to diskio.o(i.wait_ready) for wait_ready
    diskio.o(i.xmit_datablock) refers to diskio.o(i.xchg_spi) for xchg_spi
    diskio.o(i.xmit_datablock) refers to diskio.o(i.xmit_spi_multi) for xmit_spi_multi
    ff.o(i.check_fs) refers to ff.o(i.move_window) for move_window
    ff.o(i.create_chain) refers to ff.o(i.get_fat) for get_fat
    ff.o(i.create_chain) refers to ff.o(i.put_fat) for put_fat
    ff.o(i.create_name) refers to ff.o(i.mem_set) for mem_set
    ff.o(i.create_name) refers to ff.o(i.chk_chr) for chk_chr
    ff.o(i.dir_alloc) refers to ff.o(i.dir_sdi) for dir_sdi
    ff.o(i.dir_alloc) refers to ff.o(i.move_window) for move_window
[...]
    i.OS_AddThread                           0x00000b1c   Section        0  os.o(i.OS_AddThread)
    i.OS_Fifo_Init                           0x00000cb8   Section        0  os.o(i.OS_Fifo_Init)
    i.OS_Id                                  0x00000cec   Section        0  os.o(i.OS_Id)
    i.OS_Init                                0x00000cf8   Section        0  os.o(i.OS_Init)
    i.OS_InitSemaphore                       0x00000dc8   Section        0  os.o(i.OS_InitSemaphore)
    i.OS_Kill                                0x00000de4   Section        0  os.o(i.OS_Kill)
    i.OS_Launch                              0x00000e48   Section        0  os.o(i.OS_Launch)
    i.OS_Signal                              0x00000e5e   Section        0  os.o(i.OS_Signal)
    i.OS_Sleep                               0x00000e84   Section        0  os.o(i.OS_Sleep)
    i.OS_Suspend                             0x00000ea4   Section        0  os.o(i.OS_Suspend)
    i.OS_Time                                0x00000ebc   Section        0  os.o(i.OS_Time)
    i.OS_TimeDifference                      0x00000ec8   Section        0  os.o(i.OS_TimeDifference)
    i.OS_Wait                                0x00000eda   Section        0  os.o(i.OS_Wait)
    i.OS_bSignal                             0x00000efe   Section        0  os.o(i.OS_bSignal)
    i.OS_bWait                               0x00000f22   Section        0  os.o(i.OS_bWait)
    i.OutCRLF                                0x00000f46   Section        0  uart2.o(i.OutCRLF)
    i.Output_Init                            0x00000f58   Section        0  st7735.o(i.Output_Init)
    i.PLL_Init                               0x00000f74   Section        0  pll.o(i.PLL_Init)
    i.PortD_Init                             0x00000ff0   Section        0  sdcfile.o(i.PortD_Init)
    i.PortF_Init                             0x0000105c   Section        0  sdcfile.o(i.PortF_Init)
    i.RemoveBlockedTCB_sema4                 0x000010f4   Section        0  os.o(i.RemoveBlockedTCB_sema4)
    i.RxFifo_Get                             0x00001100   Section        0  uart2.o(i.RxFifo_Get)
    i.RxFifo_Init                            0x0000113c   Section        0  uart2.o(i.RxFifo_Init)
    i.RxFifo_Put                             0x00001164   Section        0  uart2.o(i.RxFifo_Put)
    i.RxFifo_Size                            0x000011a8   Section        0  uart2.o(i.RxFifo_Size)
    i.SSI0_Init                              0x000011c0   Section        0  diskio.o(i.SSI0_Init)
    i.ST7735_Color565                        0x00001308   Section        0  st7735.o(i.ST7735_Color565)
    i.ST7735_DrawCharS                       0x00001320   Section        0  st7735.o(i.ST7735_DrawCharS)
    i.ST7735_DrawPixel                       0x00001414   Section        0  st7735.o(i.ST7735_DrawPixel)
    i.ST7735_DrawString                      0x0000145c   Section        0  st7735.o(i.ST7735_DrawString)
    i.ST7735_FillRect                        0x000014b4   Section        0  st7735.o(i.ST7735_FillRect)
    i.ST7735_FillScreen                      0x00001560   Section        0  st7735.o(i.ST7735_FillScreen)
    i.ST7735_InitR                           0x00001584   Section        0  st7735.o(i.ST7735_InitR)
    i.ST7735_Message                         0x00001600   Section        0  st7735.o(i.ST7735_Message)
    i.ST7735_OutString                       0x0000163c   Section        0  st7735.o(i.ST7735_OutString)
    i.ST7735_OutUDec2                        0x00001694   Section        0  st7735.o(i.ST7735_OutUDec2)
    i.ST7735_SetCursor                       0x000016e4   Section        0  st7735.o(i.ST7735_SetCursor)
    i.SW1_Debounce                           0x00001704   Section        0  os.o(i.SW1_Debounce)
    i.SW2_Debounce                           0x00001738   Section        0  os.o(i.SW2_Debounce)
    i.SetInitialStack                        0x0000176c   Section        0  os.o(i.SetInitialStack)
    i.SysTick_Handler                        0x0000185c   Section        0  os.o(i.SysTick_Handler)
    i.Timer0A_Handler                        0x000018dc   Section        0  os.o(i.Timer0A_Handler)
    i.Timer0A_Init                           0x000018e8   Section        0  os.o(i.Timer0A_Init)
    i.Timer1A_Handler                        0x0000194c   Section        0  os.o(i.Timer1A_Handler)
    i.Timer3A_Handler                        0x00001a48   Section        0  os.o(i.Timer3A_Handler)
    i.Timer3_MS                              0x00001a68   Section        0  os.o(i.Timer3_MS)
    i.Timer4A_Handler                        0x00001ad0   Section        0  os.o(i.Timer4A_Handler)
    i.Timer5A_Handler                        0x00001bcc   Section        0  diskio.o(i.Timer5A_Handler)
    i.Timer5_Init                            0x00001be0   Section        0  diskio.o(i.Timer5_Init)
    i.TxFifo_Get                             0x00001c4c   Section        0  uart2.o(i.TxFifo_Get)
    i.TxFifo_Init                            0x00001c9c   Section        0  uart2.o(i.TxFifo_Init)
    i.TxFifo_Put                             0x00001cc4   Section        0  uart2.o(i.TxFifo_Put)
    i.TxFifo_Size                            0x00001cfc   Section        0  uart2.o(i.TxFifo_Size)
    i.UART0_Handler                          0x00001d14   Section        0  uart2.o(i.UART0_Handler)
    i.UART_InChar                            0x00001d6c   Section        0  uart2.o(i.UART_InChar)
    i.UART_InString                          0x00001d78   Section        0  uart2.o(i.UART_InString)
    i.UART_InUDec                            0x00001dbe   Section        0  uart2.o(i.UART_InUDec)
    i.UART_Init                              0x00001e0c   Section        0  uart2.o(i.UART_Init)
    i.UART_OutChar                           0x00001ed0   Section        0  uart2.o(i.UART_OutChar)
    i.UART_OutString                         0x00001efc   Section        0  uart2.o(i.UART_OutString)
    i.UnBlock                                0x00001f14   Section        0  os.o(i.UnBlock)
    i.UnchainTCB                             0x00001f2c   Section        0  os.o(i.UnchainTCB)
    i.WakeUpThreads                          0x00001f5c   Section        0  os.o(i.WakeUpThreads)
    i.addressOf                              0x00001fb0   Section        0  loader.o(i.addressOf)
    addressOf                                0x00001fb1   Thumb Code    88  loader.o(i.addressOf)
    i.blockHeader                            0x00002008   Section        0  heap.o(i.blockHeader)
    blockHeader                              0x00002009   Thumb Code    18  heap.o(i.blockHeader)
    i.blockRoom                              0x0000201a   Section        0  heap.o(i.blockRoom)
    blockRoom                                0x0000201b   Thumb Code    18  heap.o(i.blockRoom)
    i.blockTrailer                           0x0000202c   Section        0  heap.o(i.blockTrailer)
    blockTrailer                             0x0000202d   Thumb Code    18  heap.o(i.blockTrailer)
    i.blockUnused                            0x0000203e   Section        0  heap.o(i.blockUnused)
    blockUnused                              0x0000203f   Thumb Code     8  heap.o(i.blockUnused)
    i.blockUsed                              0x00002046   Section        0  heap.o(i.blockUsed)
    blockUsed                                0x00002047   Thumb Code    16  heap.o(i.blockUsed)
    i.check_fs                               0x00002058   Section        0  ff.o(i.check_fs)
    check_fs                                 0x00002059   Thumb Code   140  ff.o(i.check_fs)
    i.chk_chr                                0x000020e8   Section        0  ff.o(i.chk_chr)
    chk_chr                                  0x000020e9   Thumb Code    24  ff.o(i.chk_chr)
    i.clust2sect                             0x00002100   Section        0  ff.o(i.clust2sect)
    i.cmdLine_Start                          0x0000211c   Section        0  interpreter.o(i.cmdLine_Start)
    i.commandList                            0x00002260   Section        0  st7735.o(i.commandList)
    commandList                              0x00002261   Thumb Code    86  st7735.o(i.commandList)
    i.commonInit                             0x000022b8   Section        0  st7735.o(i.commonInit)
    commonInit                               0x000022b9   Thumb Code   510  st7735.o(i.commonInit)
    i.copyHardwareToSoftware                 0x000024f8   Section        0  uart2.o(i.copyHardwareToSoftware)
    copyHardwareToSoftware                   0x000024f9   Thumb Code    36  uart2.o(i.copyHardwareToSoftware)
    i.copySoftwareToHardware                 0x00002520   Section        0  uart2.o(i.copySoftwareToHardware)
    copySoftwareToHardware                   0x00002521   Thumb Code    38  uart2.o(i.copySoftwareToHardware)
    i.create_chain                           0x0000254c   Section        0  ff.o(i.create_chain)
    create_chain                             0x0000254d   Thumb Code   214  ff.o(i.create_chain)
    i.create_name                            0x00002624   Section        0  ff.o(i.create_name)
    create_name                              0x00002625   Thumb Code   418  ff.o(i.create_name)
    i.deselect                               0x000027d8   Section        0  diskio.o(i.deselect)
    deselect                                 0x000027d9   Thumb Code    16  diskio.o(i.deselect)
    i.dir_alloc                              0x000027ec   Section        0  ff.o(i.dir_alloc)
    dir_alloc                                0x000027ed   Thumb Code    92  ff.o(i.dir_alloc)
    i.dir_find                               0x00002848   Section        0  ff.o(i.dir_find)
    dir_find                                 0x00002849   Thumb Code    92  ff.o(i.dir_find)
    i.dir_next                               0x000028a4   Section        0  ff.o(i.dir_next)
    dir_next                                 0x000028a5   Thumb Code   270  ff.o(i.dir_next)
    i.dir_register                           0x000029b2   Section        0  ff.o(i.dir_register)
    dir_register                             0x000029b3   Thumb Code    58  ff.o(i.dir_register)
    i.dir_sdi                                0x000029ec   Section        0  ff.o(i.dir_sdi)
    dir_sdi                                  0x000029ed   Thumb Code   158  ff.o(i.dir_sdi)
    i.disk_initialize                        0x00002a8c   Section        0  diskio.o(i.disk_initialize)
    i.disk_ioctl                             0x00002be8   Section        0  diskio.o(i.disk_ioctl)
    i.disk_read                              0x00002e10   Section        0  diskio.o(i.disk_read)
    i.disk_status                            0x00002ea0   Section        0  diskio.o(i.disk_status)
    i.disk_timerproc                         0x00002eb4   Section        0  diskio.o(i.disk_timerproc)
    i.disk_write                             0x00002ef4   Section        0  diskio.o(i.disk_write)
    i.dumpData                               0x00002fa8   Section        0  loader.o(i.dumpData)
    dumpData                                 0x00002fa9   Thumb Code     2  loader.o(i.dumpData)
    i.exec_elf                               0x00002fac   Section        0  loader.o(i.exec_elf)
    i.f_close                                0x00003094   Section        0  ff.o(i.f_close)
    i.f_lseek                                0x000030b4   Section        0  ff.o(i.f_lseek)
    i.f_mount                                0x00003234   Section        0  ff.o(i.f_mount)
    i.f_open                                 0x00003290   Section        0  ff.o(i.f_open)
    i.f_read                                 0x000033f0   Section        0  ff.o(i.f_read)
    i.f_sync                                 0x00003590   Section        0  ff.o(i.f_sync)
    i.fillmessage                            0x00003640   Section        0  st7735.o(i.fillmessage)
    i.find_volume                            0x00003688   Section        0  ff.o(i.find_volume)
    find_volume                              0x00003689   Thumb Code   890  ff.o(i.find_volume)
    i.follow_path                            0x00003a14   Section        0  ff.o(i.follow_path)
    follow_path                              0x00003a15   Thumb Code   176  ff.o(i.follow_path)
    i.freeElf                                0x00003ac4   Section        0  loader.o(i.freeElf)
    freeElf                                  0x00003ac5   Thumb Code    12  loader.o(i.freeElf)
    i.freeSection                            0x00003ad0   Section        0  loader.o(i.freeSection)
    freeSection                              0x00003ad1   Thumb Code    16  loader.o(i.freeSection)
    i.freeSegment                            0x00003ae0   Section        0  loader.o(i.freeSegment)
    freeSegment                              0x00003ae1   Thumb Code    16  loader.o(i.freeSegment)
    i.getProcess                             0x00003af0   Section        0  os.o(i.getProcess)
    i.get_fat                                0x00003b18   Section        0  ff.o(i.get_fat)
    i.get_ldnumber                           0x00003c0a   Section        0  ff.o(i.get_ldnumber)
    get_ldnumber                             0x00003c0b   Thumb Code    74  ff.o(i.get_ldnumber)
    i.inHeapRange                            0x00003c54   Section        0  heap.o(i.inHeapRange)
    inHeapRange                              0x00003c55   Thumb Code    24  heap.o(i.inHeapRange)
    i.initElf                                0x00003c70   Section        0  loader.o(i.initElf)
    initElf                                  0x00003c71   Thumb Code   134  loader.o(i.initElf)
    i.init_spi                               0x00003cf8   Section        0  diskio.o(i.init_spi)
    init_spi                                 0x00003cf9   Thumb Code    32  diskio.o(i.init_spi)
    i.jumpTo                                 0x00003d20   Section        0  loader.o(i.jumpTo)
    jumpTo                                   0x00003d21   Thumb Code    42  loader.o(i.jumpTo)
    i.ld_clust                               0x00003d68   Section        0  ff.o(i.ld_clust)
    ld_clust                                 0x00003d69   Thumb Code    32  ff.o(i.ld_clust)
    i.loadProgram                            0x00003d88   Section        0  loader.o(i.loadProgram)
    loadProgram                              0x00003d89   Thumb Code   158  loader.o(i.loadProgram)
    i.loadSecData                            0x00003e70   Section        0  loader.o(i.loadSecData)
    loadSecData                              0x00003e71   Thumb Code   128  loader.o(i.loadSecData)
    i.loadSegData                            0x00003f5c   Section        0  loader.o(i.loadSegData)
    loadSegData                              0x00003f5d   Thumb Code   136  loader.o(i.loadSegData)
    i.loadSymbols                            0x00004050   Section        0  loader.o(i.loadSymbols)
    loadSymbols                              0x00004051   Thumb Code   122  loader.o(i.loadSymbols)
    i.main                                   0x00004118   Section        0  sdcfile.o(i.main)
    i.markBlockUnused                        0x000041c8   Section        0  heap.o(i.markBlockUnused)
    markBlockUnused                          0x000041c9   Thumb Code    48  heap.o(i.markBlockUnused)
    i.markBlockUsed                          0x000041f8   Section        0  heap.o(i.markBlockUsed)
    markBlockUsed                            0x000041f9   Thumb Code    48  heap.o(i.markBlockUsed)
    i.mem_cmp                                0x00004228   Section        0  ff.o(i.mem_cmp)
    mem_cmp                                  0x00004229   Thumb Code    38  ff.o(i.mem_cmp)
    i.mem_cpy                                0x0000424e   Section        0  ff.o(i.mem_cpy)
    mem_cpy                                  0x0000424f   Thumb Code    26  ff.o(i.mem_cpy)
    i.mem_set                                0x00004268   Section        0  ff.o(i.mem_set)
    mem_set                                  0x00004269   Thumb Code    20  ff.o(i.mem_set)
    i.mergeBlockWithBelow                    0x0000427c   Section        0  heap.o(i.mergeBlockWithBelow)
    mergeBlockWithBelow                      0x0000427d   Thumb Code    46  heap.o(i.mergeBlockWithBelow)
    i.move_window                            0x000042aa   Section        0  ff.o(i.move_window)
    move_window                              0x000042ab   Thumb Code    52  ff.o(i.move_window)
    i.nextBlockHeader                        0x000042de   Section        0  heap.o(i.nextBlockHeader)
    nextBlockHeader                          0x000042df   Thumb Code    14  heap.o(i.nextBlockHeader)
    i.placeDynamic                           0x000042ec   Section        0  loader.o(i.placeDynamic)
    placeDynamic                             0x000042ed   Thumb Code   132  loader.o(i.placeDynamic)
    i.placeInfo                              0x00004370   Section        0  loader.o(i.placeInfo)
    placeInfo                                0x00004371   Thumb Code   248  loader.o(i.placeInfo)
    i.previousBlockHeader                    0x000044bc   Section        0  heap.o(i.previousBlockHeader)
    previousBlockHeader                      0x000044bd   Thumb Code    12  heap.o(i.previousBlockHeader)
    i.printFile                              0x000044c8   Section        0  interpreter.o(i.printFile)
    i.pushColor                              0x0000450a   Section        0  st7735.o(i.pushColor)
    pushColor                                0x0000450b   Thumb Code    18  st7735.o(i.pushColor)
    i.put_fat                                0x0000451c   Section        0  ff.o(i.put_fat)
    i.rcvr_datablock                         0x00004664   Section        0  diskio.o(i.rcvr_datablock)
    rcvr_datablock                           0x00004665   Thumb Code    66  diskio.o(i.rcvr_datablock)
    i.rcvr_spi                               0x000046ac   Section        0  diskio.o(i.rcvr_spi)
    rcvr_spi                                 0x000046ad   Thumb Code    40  diskio.o(i.rcvr_spi)
    i.rcvr_spi_multi                         0x000046d8   Section        0  diskio.o(i.rcvr_spi_multi)
    rcvr_spi_multi                           0x000046d9   Thumb Code    24  diskio.o(i.rcvr_spi_multi)
    i.readSecHeader                          0x000046f0   Section        0  loader.o(i.readSecHeader)
    readSecHeader                            0x000046f1   Thumb Code    62  loader.o(i.readSecHeader)
    i.readSection                            0x0000472e   Section        0  loader.o(i.readSection)
    readSection                              0x0000472f   Thumb Code    58  loader.o(i.readSection)
    i.readSectionName                        0x00004768   Section        0  loader.o(i.readSectionName)
    readSectionName                          0x00004769   Thumb Code    68  loader.o(i.readSectionName)
    i.readSegHeader                          0x000047ac   Section        0  loader.o(i.readSegHeader)
    readSegHeader                            0x000047ad   Thumb Code    58  loader.o(i.readSegHeader)
    i.readSymbol                             0x000047e6   Section        0  loader.o(i.readSymbol)
    readSymbol                               0x000047e7   Thumb Code   114  loader.o(i.readSymbol)
    i.readSymbolName                         0x00004858   Section        0  loader.o(i.readSymbolName)
    readSymbolName                           0x00004859   Thumb Code    68  loader.o(i.readSymbolName)
    i.relJmpCall                             0x0000489c   Section        0  loader.o(i.relJmpCall)
    relJmpCall                               0x0000489d   Thumb Code   166  loader.o(i.relJmpCall)
    i.relocate                               0x00004944   Section        0  loader.o(i.relocate)
    relocate                                 0x00004945   Thumb Code   168  loader.o(i.relocate)
    i.relocateProgram                        0x00004a0c   Section        0  loader.o(i.relocateProgram)
    relocateProgram                          0x00004a0d   Thumb Code    32  loader.o(i.relocateProgram)
    i.relocateSection                        0x00004a4c   Section        0  loader.o(i.relocateSection)
    relocateSection                          0x00004a4d   Thumb Code    66  loader.o(i.relocateSection)
    i.relocateSections                       0x00004ad0   Section        0  loader.o(i.relocateSections)
    relocateSections                         0x00004ad1   Thumb Code    48  loader.o(i.relocateSections)
    i.relocateSymbol                         0x00004b18   Section        0  loader.o(i.relocateSymbol)
    relocateSymbol                           0x00004b19   Thumb Code    56  loader.o(i.relocateSymbol)
    i.remove_chain                           0x00004b50   Section        0  ff.o(i.remove_chain)
    remove_chain                             0x00004b51   Thumb Code   108  ff.o(i.remove_chain)
    i.sectionOf                              0x00004bbc   Section        0  loader.o(i.sectionOf)
    sectionOf                                0x00004bbd   Thumb Code    70  loader.o(i.sectionOf)
    i.select                                 0x00004c04   Section        0  diskio.o(i.select)
    select                                   0x00004c05   Thumb Code    44  diskio.o(i.select)
    i.send_cmd                               0x00004c34   Section        0  diskio.o(i.send_cmd)
    send_cmd                                 0x00004c35   Thumb Code   150  diskio.o(i.send_cmd)
    i.setAddrWindow                          0x00004ccc   Section        0  st7735.o(i.setAddrWindow)
    setAddrWindow                            0x00004ccd   Thumb Code   106  st7735.o(i.setAddrWindow)
    i.splitAndMarkBlockUsed                  0x00004d40   Section        0  heap.o(i.splitAndMarkBlockUsed)
    splitAndMarkBlockUsed                    0x00004d41   Thumb Code    76  heap.o(i.splitAndMarkBlockUsed)
    i.st_clust                               0x00004d8c   Section        0  ff.o(i.st_clust)
    st_clust                                 0x00004d8d   Thumb Code    16  ff.o(i.st_clust)
    i.sync_fs                                0x00004d9c   Section        0  ff.o(i.sync_fs)
    sync_fs                                  0x00004d9d   Thumb Code   200  ff.o(i.sync_fs)
    i.sync_window                            0x00004e64   Section        0  ff.o(i.sync_window)
    sync_window                              0x00004e65   Thumb Code    82  ff.o(i.sync_window)
    i.validate                               0x00004eb6   Section        0  ff.o(i.validate)
    validate                                 0x00004eb7   Thumb Code    54  ff.o(i.validate)
    i.wait_ready                             0x00004eec   Section        0  diskio.o(i.wait_ready)
    wait_ready                               0x00004eed   Thumb Code    42  diskio.o(i.wait_ready)
    i.writecommand                           0x00004f1c   Section        0  st7735.o(i.writecommand)
    writecommand                             0x00004f1d   Thumb Code    68  st7735.o(i.writecommand)
    i.writedata                              0x00004f68   Section        0  st7735.o(i.writedata)
    writedata                                0x00004f69   Thumb Code    72  st7735.o(i.writedata)
    i.xchg_spi                               0x00004fb8   Section        0  diskio.o(i.xchg_spi)
    xchg_spi                                 0x00004fb9   Thumb Code    48  diskio.o(i.xchg_spi)
    i.xmit_datablock                         0x00004fec   Section        0  diskio.o(i.xmit_datablock)
    xmit_datablock                           0x00004fed   Thumb Code    76  diskio.o(i.xmit_datablock)
    i.xmit_spi_multi                         0x00005038   Section        0  diskio.o(i.xmit_spi_multi)
    xmit_spi_multi                           0x00005039   Thumb Code    40  diskio.o(i.xmit_spi_multi)
    .constdata                               0x00005064   Section       69  loader.o(.constdata)
    .constdata                               0x000050a9   Section     2018  st7735.o(.constdata)
    Font                                     0x000050a9   Data        1275  st7735.o(.constdata)
    Bcmd                                     0x000055a4   Data         103  st7735.o(.constdata)
    Rcmd1                                    0x0000560b   Data          59  st7735.o(.constdata)
    Rcmd2green                               0x00005646   Data          13  st7735.o(.constdata)
    Rcmd2red                                 0x00005653   Data          13  st7735.o(.constdata)
    Rcmd3                                    0x00005660   Data          43  st7735.o(.constdata)
    .constdata                               0x0000588c   Section       16  interpreter.o(.constdata)
    symtab                                   0x0000588c   Data           8  interpreter.o(.constdata)
    .conststring                             0x0000589c   Section       15  interpreter.o(.conststring)
    .data                                    0x20000000   Section       13  diskio.o(.data)
    Stat                                     0x20000000   Data           1  diskio.o(.data)
    Timer1                                   0x20000004   Data           4  diskio.o(.data)
    Timer2                                   0x20000008   Data           4  diskio.o(.data)
    CardType                                 0x2000000c   Data           1  diskio.o(.data)
    .data                                    0x20000010   Section        6  ff.o(.data)
    FatFs                                    0x20000010   Data           4  ff.o(.data)
    Fsid                                     0x20000014   Data           2  ff.o(.data)
    .data                                    0x20000018   Section       12  sdcfile.o(.data)
    .data                                    0x20000024   Section       32  uart2.o(.data)
    .data                                    0x20000044   Section      116  os.o(.data)
    LastTime                                 0x20000060   Data           4  os.o(.data)
    LastTime                                 0x20000064   Data           4  os.o(.data)
    .data                                    0x200000b8   Section       52  st7735.o(.data)
    _width                                   0x200000c2   Data           2  st7735.o(.data)
    _height                                  0x200000c4   Data           2  st7735.o(.data)
    ColStart                                 0x200000cc   Data           1  st7735.o(.data)
    RowStart                                 0x200000cd   Data           1  st7735.o(.data)
    Rotation                                 0x200000ce   Data           1  st7735.o(.data)
    TabColor                                 0x200000cf   Data           1  st7735.o(.data)
    .bss                                     0x200000ec   Section     1660  sdcfile.o(.bss)
    g_sFatFs                                 0x200000ec   Data         564  sdcfile.o(.bss)
    .bss                                     0x20000768   Section      672  loader.o(.bss)
    fd                                       0x20000768   Data         548  loader.o(.bss)
    exec                                     0x2000098c   Data         124  loader.o(.bss)
    .bss                                     0x20000a08   Section     4096  heap.o(.bss)
    Heap                                     0x20000a08   Data        4096  heap.o(.bss)
    .bss                                     0x20001a08   Section       48  uart2.o(.bss)
    RxFifo                                   0x20001a28   Data          16  uart2.o(.bss)
    .bss                                     0x20001a38   Section     8204  os.o(.bss)
    .bss                                     0x20003a44   Section       12  st7735.o(.bss)
    .bss                                     0x20003a50   Section       20  interpreter.o(.bss)
    .bss                                     0x20003a64   Section       96  libspace.o(.bss)
    HEAP                                     0x20003ac8   Section        0  startup.o(HEAP)
    STACK                                    0x20003ac8   Section     1024  startup.o(STACK)
    HeapMem                                  0x20003ac8   Data           0  startup.o(HEAP)
    StackMem                                 0x20003ac8   Data           0  startup.o(STACK)

    Global Symbols

    Symbol Name                              Value     Ov Type        Size  Object(Section)

    BuildAttributes$$THM_ISAv4$E$P$D$K$B$S$7EM$PE$A:L22UL41UL21$X:L11$S22US41US21$IEEE1$IW$USESV6$~STKCKD$USESV7$~SHL$OSPACE$ROPI$EBA8$UX$STANDARDLIB$REQ8$PRES8$EABIv2 0x00000000   Number         0  anon$$obj.o ABSOLUTE
    __ARM_use_no_argv                        0x00000000   Number         0  sdcfile.o ABSOLUTE
    __Vectors                                0x00000000   Data           0  startup.o(RESET)
    __ARM_exceptions_init                     - Undefined Weak Reference
    __alloca_initialize                       - Undefined Weak Reference
    __cpp_initialize__aeabi_                  - Undefined Weak Reference
    __cxa_finalize                            - Undefined Weak Reference
    __rt_locale                               - Undefined Weak Reference
    __sigvec_lookup                           - Undefined Weak Reference
    _atexit_init                              - Undefined Weak Reference
    _call_atexit_fns                          - Undefined Weak Reference
    _clock_init                               - Undefined Weak Reference
    _fp_trap_init                             - Undefined Weak Reference
    _fp_trap_shutdown                         - Undefined Weak Reference
    _get_lc_collate                           - Undefined Weak Reference
    _get_lc_ctype                             - Undefined Weak Reference
    _get_lc_monetary                          - Undefined Weak Reference
    _get_lc_numeric                           - Undefined Weak Reference
    _get_lc_time                              - Undefined Weak Reference
    _getenv_init                              - Undefined Weak Reference
    _handle_redirection                       - Undefined Weak Reference
    _init_alloc                               - Undefined Weak Reference
    _init_user_alloc                          - Undefined Weak Reference
    _initio                                   - Undefined Weak Reference
    _rand_init                                - Undefined Weak Reference
    _signal_finish                            - Undefined Weak Reference
    _signal_init                              - Undefined Weak Reference
    _terminate_alloc                          - Undefined Weak Reference
    _terminate_user_alloc                     - Undefined Weak Reference
    _terminateio                              - Undefined Weak Reference
    Reset_Handler                            0x0000026d   Thumb Code     0  startup.o(RESET)
    NMI_Handler                              0x00000271   Thumb Code     2  startup.o(RESET)
    HardFault_Handler                        0x00000273   Thumb Code     2  startup.o(RESET)
    MemManage_Handler                        0x00000275   Thumb Code     2  startup.o(RESET)
    BusFault_Handler                         0x00000277   Thumb Code     2  startup.o(RESET)
    UsageFault_Handler                       0x00000279   Thumb Code     2  startup.o(RESET)
    DebugMon_Handler                         0x0000027d   Thumb Code     2  startup.o(RESET)
    ADC0Seq0_Handler                         0x00000283   Thumb Code     0  startup.o(RESET)
    ADC0Seq1_Handler                         0x00000283   Thumb Code     0  startup.o(RESET)
    ADC0Seq2_Handler                         0x00000283   Thumb Code     0  startup.o(RESET)
    ADC0Seq3_Handler                         0x00000283   Thumb Code     0  startup.o(RESET)
    ADC1Seq0_Handler                         0x00000283   Thumb Code     0  startup.o(RESET)
    ADC1Seq1_Handler                         0x00000283   Thumb Code     0  startup.o(RESET)
    ADC1Seq2_Handler                         0x00000283   Thumb Code     0  startup.o(RESET)
    ADC1Seq3_Handler                         0x00000283   Thumb Code     0  startup.o(RESET)
    CAN0_Handler                             0x00000283   Thumb Code     0  startup.o(RESET)
    CAN1_Handler                             0x00000283   Thumb Code     0  startup.o(RESET)
    CAN2_Handler                             0x00000283   Thumb Code     0  startup.o(RESET)
    Comp0_Handler                            0x00000283   Thumb Code     0  startup.o(RESET)
    Comp1_Handler                            0x00000283   Thumb Code     0  startup.o(RESET)
    Comp2_Handler                            0x00000283   Thumb Code     0  startup.o(RESET)
    Ethernet_Handler                         0x00000283   Thumb Code     0  startup.o(RESET)
    ExtBus_Handler                           0x00000283   Thumb Code     0  startup.o(RESET)
    FPU_Handler                              0x00000283   Thumb Code     0  startup.o(RESET)
    Fan0_Handler                             0x00000283   Thumb Code     0  startup.o(RESET)
    FlashCtl_Handler                         0x00000283   Thumb Code     0  startup.o(RESET)
    GPIOPortA_Handler                        0x00000283   Thumb Code     0  startup.o(RESET)
    GPIOPortB_Handler                        0x00000283   Thumb Code     0  startup.o(RESET)
    GPIOPortC_Handler                        0x00000283   Thumb Code     0  startup.o(RESET)
    GPIOPortD_Handler                        0x00000283   Thumb Code     0  startup.o(RESET)
    GPIOPortE_Handler                        0x00000283   Thumb Code     0  startup.o(RESET)
    GPIOPortG_Handler                        0x00000283   Thumb Code     0  startup.o(RESET)
    GPIOPortH_Handler                        0x00000283   Thumb Code     0  startup.o(RESET)
    GPIOPortJ_Handler                        0x00000283   Thumb Code     0  startup.o(RESET)
    GPIOPortK_Handler                        0x00000283   Thumb Code     0  startup.o(RESET)
    GPIOPortL_Handler                        0x00000283   Thumb Code     0  startup.o(RESET)
    GPIOPortM_Handler                        0x00000283   Thumb Code     0  startup.o(RESET)
    GPIOPortN_Handler                        0x00000283   Thumb Code     0  startup.o(RESET)
    GPIOPortP1_Handler                       0x00000283   Thumb Code     0  startup.o(RESET)
    GPIOPortP2_Handler                       0x00000283   Thumb Code     0  startup.o(RESET)
    GPIOPortP3_Handler                       0x00000283   Thumb Code     0  startup.o(RESET)
    GPIOPortP4_Handler                       0x00000283   Thumb Code     0  startup.o(RESET)
    GPIOPortP5_Handler                       0x00000283   Thumb Code     0  startup.o(RESET)
    GPIOPortP6_Handler                       0x00000283   Thumb Code     0  startup.o(RESET)
    GPIOPortP7_Handler                       0x00000283   Thumb Code     0  startup.o(RESET)
    GPIOPortP_Handler                        0x00000283   Thumb Code     0  startup.o(RESET)
    GPIOPortQ1_Handler                       0x00000283   Thumb Code     0  startup.o(RESET)
    GPIOPortQ2_Handler                       0x00000283   Thumb Code     0  startup.o(RESET)
    GPIOPortQ3_Handler                       0x00000283   Thumb Code     0  startup.o(RESET)
    GPIOPortQ4_Handler                       0x00000283   Thumb Code     0  startup.o(RESET)
    GPIOPortQ5_Handler                       0x00000283   Thumb Code     0  startup.o(RESET)
    GPIOPortQ6_Handler                       0x00000283   Thumb Code     0  startup.o(RESET)
    GPIOPortQ7_Handler                       0x00000283   Thumb Code     0  startup.o(RESET)
    GPIOPortQ_Handler                        0x00000283   Thumb Code     0  startup.o(RESET)
    GPIOPortR_Handler                        0x00000283   Thumb Code     0  startup.o(RESET)
    GPIOPortS_Handler                        0x00000283   Thumb Code     0  startup.o(RESET)
    Hibernate_Handler                        0x00000283   Thumb Code     0  startup.o(RESET)
    I2C0_Handler                             0x00000283   Thumb Code     0  startup.o(RESET)
    I2C1_Handler                             0x00000283   Thumb Code     0  startup.o(RESET)
    I2C2_Handler                             0x00000283   Thumb Code     0  startup.o(RESET)
    I2C3_Handler                             0x00000283   Thumb Code     0  startup.o(RESET)
    I2C4_Handler                             0x00000283   Thumb Code     0  startup.o(RESET)
    I2C5_Handler                             0x00000283   Thumb Code     0  startup.o(RESET)
    I2S0_Handler                             0x00000283   Thumb Code     0  startup.o(RESET)
    LPC0_Handler                             0x00000283   Thumb Code     0  startup.o(RESET)
    PECI0_Handler                            0x00000283   Thumb Code     0  startup.o(RESET)
    PWM0Fault_Handler                        0x00000283   Thumb Code     0  startup.o(RESET)
    PWM0Generator0_Handler                   0x00000283   Thumb Code     0  startup.o(RESET)
    PWM0Generator1_Handler                   0x00000283   Thumb Code     0  startup.o(RESET)
    PWM0Generator2_Handler                   0x00000283   Thumb Code     0  startup.o(RESET)
    PWM0Generator3_Handler                   0x00000283   Thumb Code     0  startup.o(RESET)
    PWM1Fault_Handler                        0x00000283   Thumb Code     0  startup.o(RESET)
    PWM1Generator0_Handler                   0x00000283   Thumb Code     0  startup.o(RESET)
    PWM1Generator1_Handler                   0x00000283   Thumb Code     0  startup.o(RESET)
    PWM1Generator2_Handler                   0x00000283   Thumb Code     0  startup.o(RESET)
    PWM1Generator3_Handler                   0x00000283   Thumb Code     0  startup.o(RESET)
    Quadrature0_Handler                      0x00000283   Thumb Code     0  startup.o(RESET)
    Quadrature1_Handler                      0x00000283   Thumb Code     0  startup.o(RESET)
    Quadrature2_Handler                      0x00000283   Thumb Code     0  startup.o(RESET)
    SSI0_Handler                             0x00000283   Thumb Code     0  startup.o(RESET)
    SSI1_Handler                             0x00000283   Thumb Code     0  startup.o(RESET)
    SSI2_Handler                             0x00000283   Thumb Code     0  startup.o(RESET)
    SSI3_Handler                             0x00000283   Thumb Code     0  startup.o(RESET)
    SysCtl_Handler                           0x00000283   Thumb Code     0  startup.o(RESET)
    Timer0B_Handler                          0x00000283   Thumb Code     0  startup.o(RESET)
    Timer1B_Handler                          0x00000283   Thumb Code     0  startup.o(RESET)
    Timer2A_Handler                          0x00000283   Thumb Code     0  startup.o(RESET)
    Timer2B_Handler                          0x00000283   Thumb Code     0  startup.o(RESET)
    Timer3B_Handler                          0x00000283   Thumb Code     0  startup.o(RESET)
    Timer4B_Handler                          0x00000283   Thumb Code     0  startup.o(RESET)
    Timer5B_Handler                          0x00000283   Thumb Code     0  startup.o(RESET)
    UART1_Handler                            0x00000283   Thumb Code     0  startup.o(RESET)
    UART2_Handler                            0x00000283   Thumb Code     0  startup.o(RESET)
    UART3_Handler                            0x00000283   Thumb Code     0  startup.o(RESET)
    UART4_Handler                            0x00000283   Thumb Code     0  startup.o(RESET)
    UART5_Handler                            0x00000283   Thumb Code     0  startup.o(RESET)
    UART6_Handler                            0x00000283   Thumb Code     0  startup.o(RESET)
    UART7_Handler                            0x00000283   Thumb Code     0  startup.o(RESET)
    USB0_Handler                             0x00000283   Thumb Code     0  startup.o(RESET)
    WDT_Handler                              0x00000283   Thumb Code     0  startup.o(RESET)
    WideTimer0A_Handler                      0x00000283   Thumb Code     0  startup.o(RESET)
    WideTimer0B_Handler                      0x00000283   Thumb Code     0  startup.o(RESET)
    WideTimer1A_Handler                      0x00000283   Thumb Code     0  startup.o(RESET)
    WideTimer1B_Handler                      0x00000283   Thumb Code     0  startup.o(RESET)
    WideTimer2A_Handler                      0x00000283   Thumb Code     0  startup.o(RESET)
    WideTimer2B_Handler                      0x00000283   Thumb Code     0  startup.o(RESET)
    WideTimer3A_Handler                      0x00000283   Thumb Code     0  startup.o(RESET)
    WideTimer3B_Handler                      0x00000283   Thumb Code     0  startup.o(RESET)
    WideTimer4A_Handler                      0x00000283   Thumb Code     0  startup.o(RESET)
    WideTimer4B_Handler                      0x00000283   Thumb Code     0  startup.o(RESET)
    WideTimer5A_Handler                      0x00000283   Thumb Code     0  startup.o(RESET)
    WideTimer5B_Handler                      0x00000283   Thumb Code     0  startup.o(RESET)
    uDMA_Error                               0x00000283   Thumb Code     0  startup.o(RESET)
    uDMA_Handler                             0x00000283   Thumb Code     0  startup.o(RESET)
    __main                                   0x00000285   Thumb Code     8  __main.o(!!!main)
    __scatterload                            0x0000028d   Thumb Code     0  __scatter.o(!!!scatter)
    __scatterload_rt2                        0x0000028d   Thumb Code    44  __scatter.o(!!!scatter)
    __scatterload_rt2_thumb_only             0x0000028d   Thumb Code     0  __scatter.o(!!!scatter)
    __scatterload_null                       0x0000029b   Thumb Code     0  __scatter.o(!!!scatter)
    __scatterload_copy                       0x000002c1   Thumb Code    26  __scatter_copy.o(!!handler_copy)
    __scatterload_zeroinit                   0x000002dd   Thumb Code    28  __scatter_zi.o(!!handler_zi)
    __rt_lib_init                            0x000002f9   Thumb Code     0  libinit.o(.ARM.Collect$$libinit$$00000000)
    __rt_lib_init_alloca_1                   0x000002fb   Thumb Code     0  libinit2.o(.ARM.Collect$$libinit$$0000002C)
    __rt_lib_init_argv_1                     0x000002fb   Thumb Code     0  libinit2.o(.ARM.Collect$$libinit$$0000002A)
    __rt_lib_init_atexit_1                   0x000002fb   Thumb Code     0  libinit2.o(.ARM.Collect$$libinit$$00000019)
    __rt_lib_init_clock_1                    0x000002fb   Thumb Code     0  libinit2.o(.ARM.Collect$$libinit$$0000001F)
    __rt_lib_init_cpp_1                      0x000002fb   Thumb Code     0  libinit2.o(.ARM.Collect$$libinit$$00000030)
    __rt_lib_init_exceptions_1               0x000002fb   Thumb Code     0  libinit2.o(.ARM.Collect$$libinit$$0000002E)
    __rt_lib_init_fp_1                       0x000002fb   Thumb Code     0  libinit2.o(.ARM.Collect$$libinit$$00000002)
    __rt_lib_init_fp_trap_1                  0x000002fb   Thumb Code     0  libinit2.o(.ARM.Collect$$libinit$$0000001D)
    __rt_lib_init_getenv_1                   0x000002fb   Thumb Code     0  libinit2.o(.ARM.Collect$$libinit$$00000021)
    __rt_lib_init_heap_1                     0x000002fb   Thumb Code     0  libinit2.o(.ARM.Collect$$libinit$$00000008)
    __rt_lib_init_lc_collate_1               0x000002fb   Thumb Code     0  libinit2.o(.ARM.Collect$$libinit$$0000000F)
    __rt_lib_init_lc_ctype_1                 0x000002fb   Thumb Code     0  libinit2.o(.ARM.Collect$$libinit$$00000011)
    __rt_lib_init_lc_monetary_1              0x000002fb   Thumb Code     0  libinit2.o(.ARM.Collect$$libinit$$00000013)
    __rt_lib_init_lc_numeric_1               0x000002fb   Thumb Code     0  libinit2.o(.ARM.Collect$$libinit$$00000015)
    __rt_lib_init_lc_time_1                  0x000002fb   Thumb Code     0  libinit2.o(.ARM.Collect$$libinit$$00000017)
    __rt_lib_init_rand_1                     0x000002fb   Thumb Code     0  libinit2.o(.ARM.Collect$$libinit$$0000000C)
    __rt_lib_init_return                     0x000002fb   Thumb Code     0  libinit2.o(.ARM.Collect$$libinit$$00000031)
    __rt_lib_init_signal_1                   0x000002fb   Thumb Code     0  libinit2.o(.ARM.Collect$$libinit$$0000001B)
    __rt_lib_init_stdio_1                    0x000002fb   Thumb Code     0  libinit2.o(.ARM.Collect$$libinit$$00000023)
    __rt_lib_init_user_alloc_1               0x000002fb   Thumb Code     0  libinit2.o(.ARM.Collect$$libinit$$0000000A)
    __rt_lib_shutdown                        0x000002fd   Thumb Code     0  libshutdown.o(.ARM.Collect$$libshutdown$$00000000)
    __rt_lib_shutdown_fp_trap_1              0x000002ff   Thumb Code     0  libshutdown2.o(.ARM.Collect$$libshutdown$$00000006)
    __rt_lib_shutdown_heap_1                 0x000002ff   Thumb Code     0  libshutdown2.o(.ARM.Collect$$libshutdown$$0000000E)
    __rt_lib_shutdown_return                 0x000002ff   Thumb Code     0  libshutdown2.o(.ARM.Collect$$libshutdown$$0000000F)
    __rt_lib_shutdown_signal_1               0x000002ff   Thumb Code     0  libshutdown2.o(.ARM.Collect$$libshutdown$$00000009)
    __rt_lib_shutdown_stdio_1                0x000002ff   Thumb Code     0  libshutdown2.o(.ARM.Collect$$libshutdown$$00000003)
    __rt_lib_shutdown_user_alloc_1           0x000002ff   Thumb Code     0  libshutdown2.o(.ARM.Collect$$libshutdown$$0000000B)
    __rt_entry                               0x00000301   Thumb Code     0  rtentry.o(.ARM.Collect$$rtentry$$00000000)
    __rt_entry_presh_1                       0x00000301   Thumb Code     0  rtentry2.o(.ARM.Collect$$rtentry$$00000002)
    __rt_entry_sh                            0x00000301   Thumb Code     0  rtentry4.o(.ARM.Collect$$rtentry$$00000004)
    __rt_entry_li                            0x00000307   Thumb Code     0  rtentry2.o(.ARM.Collect$$rtentry$$0000000A)
    __rt_entry_postsh_1                      0x00000307   Thumb Code     0  rtentry2.o(.ARM.Collect$$rtentry$$00000009)
    __rt_entry_main                          0x0000030b   Thumb Code     0  rtentry2.o(.ARM.Collect$$rtentry$$0000000D)
    __rt_entry_postli_1                      0x0000030b   Thumb Code     0  rtentry2.o(.ARM.Collect$$rtentry$$0000000C)
    __rt_exit                                0x00000313   Thumb Code     0  rtexit.o(.ARM.Collect$$rtexit$$00000000)
    __rt_exit_ls                             0x00000315   Thumb Code     0  rtexit2.o(.ARM.Collect$$rtexit$$00000003)
    __rt_exit_prels_1                        0x00000315   Thumb Code     0  rtexit2.o(.ARM.Collect$$rtexit$$00000002)
    __rt_exit_exit                           0x00000319   Thumb Code     0  rtexit2.o(.ARM.Collect$$rtexit$$00000004)
    Delay                                    0x00000321   Thumb Code     6  st7735.o(.emb_text)
    DisableInterrupts                        0x00000329   Thumb Code     0  startup.o(.text)
    EnableInterrupts                         0x0000032d   Thumb Code     0  startup.o(.text)
    StartCritical                            0x00000331   Thumb Code     0  startup.o(.text)
    EndCritical                              0x00000339   Thumb Code     0  startup.o(.text)
    WaitForInterrupt                         0x0000033f   Thumb Code     0  startup.o(.text)
    __user_initial_stackheap                 0x00000343   Thumb Code     0  startup.o(.text)
    OS_DisableInterrupts                     0x00000359   Thumb Code     0  osasm.o(.text)
    OS_EnableInterrupts                      0x0000035d   Thumb Code     0  osasm.o(.text)
    PendSV_Handler                           0x00000361   Thumb Code     0  osasm.o(.text)
    StartOS                                  0x00000381   Thumb Code     0  osasm.o(.text)
    SVC_Handler                              0x0000039f   Thumb Code     0  osasm.o(.text)
    __aeabi_memcpy4                          0x000003f1   Thumb Code     0  rt_memcpy_w.o(.text)
    __aeabi_memcpy8                          0x000003f1   Thumb Code     0  rt_memcpy_w.o(.text)
    __rt_memcpy_w                            0x000003f1   Thumb Code   100  rt_memcpy_w.o(.text)
    _memcpy_lastbytes_aligned                0x00000439   Thumb Code     0  rt_memcpy_w.o(.text)
    strcmp                                   0x00000455   Thumb Code   128  strcmpv7m.o(.text)
    __use_two_region_memory                  0x000004d5   Thumb Code     2  heapauxi.o(.text)
    __rt_heap_escrow$2region                 0x000004d7   Thumb Code     2  heapauxi.o(.text)
    __rt_heap_expand$2region                 0x000004d9   Thumb Code     2  heapauxi.o(.text)
    __user_setup_stackheap                   0x000004db   Thumb Code    74  sys_stackheap_outer.o(.text)
    exit                                     0x00000525   Thumb Code    12  exit.o(.text)
    __user_libspace                          0x00000531   Thumb Code     8  libspace.o(.text)
    __user_perproc_libspace                  0x00000531   Thumb Code     0  libspace.o(.text)
    __user_perthread_libspace                0x00000531   Thumb Code     0  libspace.o(.text)
    _sys_exit                                0x00000539   Thumb Code     8  sys_exit.o(.text)
    __I$use$semihosting                      0x00000545   Thumb Code     0  use_no_semi.o(.text)
    __use_no_semihosting_swi                 0x00000545   Thumb Code     2  use_no_semi.o(.text)
    __semihosting_library_function           0x00000547   Thumb Code     0  indicate_semi.o(.text)
    AddBlockedTCB_Sema4                      0x00000549   Thumb Code    46  os.o(i.AddBlockedTCB_Sema4)
    Block                                    0x0000057d   Thumb Code    52  os.o(i.Block)
    CS_Init                                  0x000005b9   Thumb Code   116  diskio.o(i.CS_Init)
    ChainTCB                                 0x00000641   Thumb Code    54  os.o(i.ChainTCB)
    Delay1ms                                 0x00000685   Thumb Code    22  st7735.o(i.Delay1ms)
    GPIOPortF_Handler                        0x0000069d   Thumb Code   172  os.o(i.GPIOPortF_Handler)
    Heap_Free                                0x00000771   Thumb Code   140  heap.o(i.Heap_Free)
    Heap_Init                                0x00000801   Thumb Code    16  heap.o(i.Heap_Init)
    Heap_Malloc                              0x00000819   Thumb Code    78  heap.o(i.Heap_Malloc)
    IdleTask                                 0x0000086d   Thumb Code    14  sdcfile.o(i.IdleTask)
    Interpreter                              0x00000881   Thumb Code     8  interpreter.o(i.Interpreter)
    LOADER_CLEAR                             0x00000889   Thumb Code    24  loader.o(i.LOADER_CLEAR)
    LOADER_OPEN_FOR_RD                       0x000008a1   Thumb Code    24  loader.o(i.LOADER_OPEN_FOR_RD)
    LOADER_READ                              0x000008bd   Thumb Code    30  loader.o(i.LOADER_READ)
    LoadProgram                              0x000008dd   Thumb Code    28  interpreter.o(i.LoadProgram)
    OS_AddFirstThread                        0x00000919   Thumb Code   366  os.o(i.OS_AddFirstThread)
    OS_AddProcess                            0x00000a99   Thumb Code   118  os.o(i.OS_AddProcess)
    OS_AddThread                             0x00000b1d   Thumb Code   396  os.o(i.OS_AddThread)
    OS_Fifo_Init                             0x00000cb9   Thumb Code    36  os.o(i.OS_Fifo_Init)
    OS_Id                                    0x00000ced   Thumb Code     8  os.o(i.OS_Id)
    OS_Init                                  0x00000cf9   Thumb Code   176  os.o(i.OS_Init)
    OS_InitSemaphore                         0x00000dc9   Thumb Code    26  os.o(i.OS_InitSemaphore)
    OS_Kill                                  0x00000de5   Thumb Code    90  os.o(i.OS_Kill)
    OS_Launch                                0x00000e49   Thumb Code    22  os.o(i.OS_Launch)
    OS_Signal                                0x00000e5f   Thumb Code    36  os.o(i.OS_Signal)
    OS_Sleep                                 0x00000e85   Thumb Code    28  os.o(i.OS_Sleep)
    OS_Suspend                               0x00000ea5   Thumb Code    18  os.o(i.OS_Suspend)
    OS_Time                                  0x00000ebd   Thumb Code     6  os.o(i.OS_Time)
    OS_TimeDifference                        0x00000ec9   Thumb Code    18  os.o(i.OS_TimeDifference)
    OS_Wait                                  0x00000edb   Thumb Code    36  os.o(i.OS_Wait)
    OS_bSignal                               0x00000eff   Thumb Code    36  os.o(i.OS_bSignal)
    OS_bWait                                 0x00000f23   Thumb Code    36  os.o(i.OS_bWait)
    OutCRLF                                  0x00000f47   Thumb Code    16  uart2.o(i.OutCRLF)
    Output_Init                              0x00000f59   Thumb Code    24  st7735.o(i.Output_Init)
    PLL_Init                                 0x00000f75   Thumb Code   118  pll.o(i.PLL_Init)
    PortD_Init                               0x00000ff1   Thumb Code    86  sdcfile.o(i.PortD_Init)
    PortF_Init                               0x0000105d   Thumb Code   132  sdcfile.o(i.PortF_Init)
    RemoveBlockedTCB_sema4                   0x000010f5   Thumb Code    10  os.o(i.RemoveBlockedTCB_sema4)
    RxFifo_Get                               0x00001101   Thumb Code    46  uart2.o(i.RxFifo_Get)
    RxFifo_Init                              0x0000113d   Thumb Code    22  uart2.o(i.RxFifo_Init)
    RxFifo_Put                               0x00001165   Thumb Code    52  uart2.o(i.RxFifo_Put)
    RxFifo_Size                              0x000011a9   Thumb Code    16  uart2.o(i.RxFifo_Size)
    SSI0_Init                                0x000011c1   Thumb Code   296  diskio.o(i.SSI0_Init)
    ST7735_Color565                          0x00001309   Thumb Code    24  st7735.o(i.ST7735_Color565)
    ST7735_DrawCharS                         0x00001321   Thumb Code   232  st7735.o(i.ST7735_DrawCharS)
    ST7735_DrawPixel                         0x00001415   Thumb Code    64  st7735.o(i.ST7735_DrawPixel)
    ST7735_DrawString                        0x0000145d   Thumb Code    86  st7735.o(i.ST7735_DrawString)
    ST7735_FillRect                          0x000014b5   Thumb Code   164  st7735.o(i.ST7735_FillRect)
    ST7735_FillScreen                        0x00001561   Thumb Code    28  st7735.o(i.ST7735_FillScreen)
    ST7735_InitR                             0x00001585   Thumb Code    90  st7735.o(i.ST7735_InitR)
    ST7735_Message                           0x00001601   Thumb Code    56  st7735.o(i.ST7735_Message)
    ST7735_OutString                         0x0000163d   Thumb Code    86  st7735.o(i.ST7735_OutString)
    ST7735_OutUDec2                          0x00001695   Thumb Code    72  st7735.o(i.ST7735_OutUDec2)
    ST7735_SetCursor                         0x000016e5   Thumb Code    22  st7735.o(i.ST7735_SetCursor)
    SW1_Debounce                             0x00001705   Thumb Code    40  os.o(i.SW1_Debounce)
    SW2_Debounce                             0x00001739   Thumb Code    40  os.o(i.SW2_Debounce)
    SetInitialStack                          0x0000176d   Thumb Code   230  os.o(i.SetInitialStack)
    SysTick_Handler                          0x0000185d   Thumb Code   106  os.o(i.SysTick_Handler)
    Timer0A_Handler                          0x000018dd   Thumb Code     8  os.o(i.Timer0A_Handler)
    Timer0A_Init                             0x000018e9   Thumb Code    82  os.o(i.Timer0A_Init)
    Timer1A_Handler                          0x0000194d   Thumb Code   214  os.o(i.Timer1A_Handler)
    Timer3A_Handler                          0x00001a49   Thumb Code    24  os.o(i.Timer3A_Handler)
    Timer3_MS                                0x00001a69   Thumb Code    86  os.o(i.Timer3_MS)
    Timer4A_Handler                          0x00001ad1   Thumb Code   214  os.o(i.Timer4A_Handler)
    Timer5A_Handler                          0x00001bcd   Thumb Code    14  diskio.o(i.Timer5A_Handler)
    Timer5_Init                              0x00001be1   Thumb Code    84  diskio.o(i.Timer5_Init)
    TxFifo_Get                               0x00001c4d   Thumb Code    64  uart2.o(i.TxFifo_Get)
    TxFifo_Init                              0x00001c9d   Thumb Code    22  uart2.o(i.TxFifo_Init)
    TxFifo_Put                               0x00001cc5   Thumb Code    44  uart2.o(i.TxFifo_Put)
    TxFifo_Size                              0x00001cfd   Thumb Code    16  uart2.o(i.TxFifo_Size)
    UART0_Handler                            0x00001d15   Thumb Code    82  uart2.o(i.UART0_Handler)
    UART_InChar                              0x00001d6d   Thumb Code    12  uart2.o(i.UART_InChar)
    UART_InString                            0x00001d79   Thumb Code    70  uart2.o(i.UART_InString)
    UART_InUDec                              0x00001dbf   Thumb Code    76  uart2.o(i.UART_InUDec)
    UART_Init                                0x00001e0d   Thumb Code   170  uart2.o(i.UART_Init)
    UART_OutChar                             0x00001ed1   Thumb Code    40  uart2.o(i.UART_OutChar)
    UART_OutString                           0x00001efd   Thumb Code    24  uart2.o(i.UART_OutString)
    UnBlock                                  0x00001f15   Thumb Code    24  os.o(i.UnBlock)
    UnchainTCB                               0x00001f2d   Thumb Code    40  os.o(i.UnchainTCB)
    WakeUpThreads                            0x00001f5d   Thumb Code    80  os.o(i.WakeUpThreads)
    clust2sect                               0x00002101   Thumb Code    26  ff.o(i.clust2sect)
    cmdLine_Start                            0x0000211d   Thumb Code   182  interpreter.o(i.cmdLine_Start)
    disk_initialize                          0x00002a8d   Thumb Code   330  diskio.o(i.disk_initialize)
    disk_ioctl                               0x00002be9   Thumb Code   544  diskio.o(i.disk_ioctl)
    disk_read                                0x00002e11   Thumb Code   136  diskio.o(i.disk_read)
    disk_status                              0x00002ea1   Thumb Code    14  diskio.o(i.disk_status)
    disk_timerproc                           0x00002eb5   Thumb Code    52  diskio.o(i.disk_timerproc)
    disk_write                               0x00002ef5   Thumb Code   170  diskio.o(i.disk_write)
    exec_elf                                 0x00002fad   Thumb Code   184  loader.o(i.exec_elf)
    f_close                                  0x00003095   Thumb Code    32  ff.o(i.f_close)
    f_lseek                                  0x000030b5   Thumb Code   382  ff.o(i.f_lseek)
    f_mount                                  0x00003235   Thumb Code    86  ff.o(i.f_mount)
    f_open                                   0x00003291   Thumb Code   348  ff.o(i.f_open)
    f_read                                   0x000033f1   Thumb Code   414  ff.o(i.f_read)
    f_sync                                   0x00003591   Thumb Code   170  ff.o(i.f_sync)
    fillmessage                              0x00003641   Thumb Code    64  st7735.o(i.fillmessage)
    getProcess                               0x00003af1   Thumb Code    36  os.o(i.getProcess)
    get_fat                                  0x00003b19   Thumb Code   242  ff.o(i.get_fat)
    main                                     0x00004119   Thumb Code   130  sdcfile.o(i.main)
    printFile                                0x000044c9   Thumb Code    66  interpreter.o(i.printFile)
    put_fat                                  0x0000451d   Thumb Code   326  ff.o(i.put_fat)
    dBfs                                     0x0000568b   Data         512  st7735.o(.constdata)
    Region$$Table$$Base                      0x000058ac   Number         0  anon$$obj.o(Region$$Table)
    Region$$Table$$Limit                     0x000058cc   Number         0  anon$$obj.o(Region$$Table)
    Idlecount                                0x20000018   Data           4  sdcfile.o(.data)
    MountFresult                             0x2000001c   Data           1  sdcfile.o(.data)
    Fresult                                  0x2000001d   Data           1  sdcfile.o(.data)
    NumCreated                               0x20000020   Data           4  sdcfile.o(.data)
    TxPutPt                                  0x20000024   Data           4  uart2.o(.data)
    TxGetPt                                  0x20000028   Data           4  uart2.o(.data)
    TxRoomLeft                               0x2000002c   Data           8  uart2.o(.data)
    RxPutPt                                  0x20000034   Data           4  uart2.o(.data)
    RxGetPt                                  0x20000038   Data           4  uart2.o(.data)
    RxFifoAvailable                          0x2000003c   Data           8  uart2.o(.data)
    DumpIndex                                0x20000044   Data           1  os.o(.data)
    NumThreads                               0x20000048   Data           4  os.o(.data)
    NumProcess                               0x2000004c   Data           4  os.o(.data)
    validProcess                             0x20000050   Data           4  os.o(.data)
    PerTask1Counter                          0x20000054   Data           4  os.o(.data)
    PerTask2Counter                          0x20000058   Data           4  os.o(.data)
    NumPeriodicTasks                         0x2000005c   Data           4  os.o(.data)
    MaxJitter1                               0x20000068   Data           4  os.o(.data)
    MaxJitter2                               0x2000006c   Data           4  os.o(.data)
    SystemTime_Ms                            0x20000070   Data           4  os.o(.data)
    RunPt                                    0x20000074   Data           4  os.o(.data)
    NextRunPt                                0x20000078   Data           4  os.o(.data)
    LinkPt                                   0x2000007c   Data           4  os.o(.data)
    PeriodicThread1                          0x20000080   Data           4  os.o(.data)
    PeriodicThread2                          0x20000084   Data           4  os.o(.data)
    PerTask1Period                           0x20000088   Data           4  os.o(.data)
    PerTask2Period                           0x2000008c   Data           4  os.o(.data)
    SW1_EventThread                          0x20000090   Data           4  os.o(.data)
    SW1_Priority                             0x20000094   Data           4  os.o(.data)
    LastPF4                                  0x20000098   Data           4  os.o(.data)
    SW2_EventThread                          0x2000009c   Data           4  os.o(.data)
    LastPF0                                  0x200000a0   Data           4  os.o(.data)
    SW2_Priority                             0x200000a4   Data           4  os.o(.data)
    PutPt                                    0x200000a8   Data           4  os.o(.data)
    GetPt                                    0x200000ac   Data           4  os.o(.data)
    CurrentFIFOSize                          0x200000b0   Data           8  os.o(.data)
    StX                                      0x200000b8   Data           4  st7735.o(.data)
    StY                                      0x200000bc   Data           4  st7735.o(.data)
    StTextColor                              0x200000c0   Data           2  st7735.o(.data)
    lastj                                    0x200000c8   Data           4  st7735.o(.data)
    LCDFree                                  0x200000d0   Data           8  st7735.o(.data)
    Messageindex                             0x200000d8   Data           4  st7735.o(.data)
    Ymax                                     0x200000dc   Data           4  st7735.o(.data)
    Ymin                                     0x200000e0   Data           4  st7735.o(.data)
    X                                        0x200000e4   Data           4  st7735.o(.data)
    Yrange                                   0x200000e8   Data           4  st7735.o(.data)
    Handle                                   0x20000320   Data         548  sdcfile.o(.bss)
    Handle2                                  0x20000544   Data         548  sdcfile.o(.bss)
    TxFifo                                   0x20001a08   Data          32  uart2.o(.bss)
    JitterHistogram1                         0x20001a38   Data         256  os.o(.bss)
    JitterHistogram2                         0x20001b38   Data         256  os.o(.bss)
    PriPt                                    0x20001c38   Data          32  os.o(.bss)
    PriLastPt                                0x20001c58   Data          32  os.o(.bss)
    Pri_Total                                0x20001c78   Data          32  os.o(.bss)
    Pri_Available                            0x20001c98   Data          32  os.o(.bss)
    Dump                                     0x20001cb8   Data         800  os.o(.bss)
    tcbs                                     0x20001fd8   Data         440  os.o(.bss)
    Stacks                                   0x20002190   Data        5120  os.o(.bss)
    pcbs                                     0x20003590   Data         160  os.o(.bss)
    Fifo                                     0x20003630   Data        1024  os.o(.bss)
    mailbox                                  0x20003a30   Data          20  os.o(.bss)
    Message                                  0x20003a44   Data          12  st7735.o(.bss)
    input                                    0x20003a50   Data          20  interpreter.o(.bss)
    __libspace_start                         0x20003a64   Data          96  libspace.o(.bss)
    __temporary_stack_top$libspace           0x20003ac4   Data           0  libspace.o(.bss)



==============================================================================

Memory Map of the image

  Image Entry point : 0x0000026d

  Load Region LR_1 (Base: 0x00000000, Size: 0x000059b8, Max: 0xffffffff, ABSOLUTE)

    Execution Region ER_RO (Base: 0x00000000, Size: 0x000058cc, Max: 0xffffffff, ABSOLUTE)

    Base Addr    Size         Type   Attr      Idx    E Section Name        Object

    0x00000000   0x00000284   Code   RO            3  * RESET               startup.o
    0x00000284   0x00000008   Code   RO         1665  * !!!main             c_w.l(__main.o)
    0x0000028c   0x00000034   Code   RO         1819    !!!scatter          c_w.l(__scatter.o)
    0x000002c0   0x0000001a   Code   RO         1821    !!handler_copy      c_w.l(__scatter_copy.o)
    0x000002da   0x00000002   PAD
    0x000002dc   0x0000001c   Code   RO         1823    !!handler_zi        c_w.l(__scatter_zi.o)
    0x000002f8   0x00000002   Code   RO         1692    .ARM.Collect$$libinit$$00000000  c_w.l(libinit.o)
    0x000002fa   0x00000000   Code   RO         1699    .ARM.Collect$$libinit$$00000002  c_w.l(libinit2.o)
    0x000002fa   0x00000000   Code   RO         1702    .ARM.Collect$$libinit$$00000008  c_w.l(libinit2.o)
    0x000002fa   0x00000000   Code   RO         1704    .ARM.Collect$$libinit$$0000000A  c_w.l(libinit2.o)
    0x000002fa   0x00000000   Code   RO         1706    .ARM.Collect$$libinit$$0000000C  c_w.l(libinit2.o)
    0x000002fa   0x00000000   Code   RO         1709    .ARM.Collect$$libinit$$0000000F  c_w.l(libinit2.o)
    0x000002fa   0x00000000   Code   RO         1711    .ARM.Collect$$libinit$$00000011  c_w.l(libinit2.o)
    0x000002fa   0x00000000   Code   RO         1713    .ARM.Collect$$libinit$$00000013  c_w.l(libinit2.o)
    0x000002fa   0x00000000   Code   RO         1715    .ARM.Collect$$libinit$$00000015  c_w.l(libinit2.o)
    0x000002fa   0x00000000   Code   RO         1717    .ARM.Collect$$libinit$$00000017  c_w.l(libinit2.o)
    0x000002fa   0x00000000   Code   RO         1719    .ARM.Collect$$libinit$$00000019  c_w.l(libinit2.o)
    0x000002fa   0x00000000   Code   RO         1721    .ARM.Collect$$libinit$$0000001B  c_w.l(libinit2.o)
    0x000002fa   0x00000000   Code   RO         1723    .ARM.Collect$$libinit$$0000001D  c_w.l(libinit2.o)
    0x000002fa   0x00000000   Code   RO         1725    .ARM.Collect$$libinit$$0000001F  c_w.l(libinit2.o)
    0x000002fa   0x00000000   Code   RO         1727    .ARM.Collect$$libinit$$00000021  c_w.l(libinit2.o)
    0x000002fa   0x00000000   Code   RO         1729    .ARM.Collect$$libinit$$00000023  c_w.l(libinit2.o)
    0x000002fa   0x00000000   Code   RO         1733    .ARM.Collect$$libinit$$0000002A  c_w.l(libinit2.o)
    0x000002fa   0x00000000   Code   RO         1735    .ARM.Collect$$libinit$$0000002C  c_w.l(libinit2.o)
    0x000002fa   0x00000000   Code   RO         1737    .ARM.Collect$$libinit$$0000002E  c_w.l(libinit2.o)
    0x000002fa   0x00000000   Code   RO         1739    .ARM.Collect$$libinit$$00000030  c_w.l(libinit2.o)
    0x000002fa   0x00000002   Code   RO         1740    .ARM.Collect$$libinit$$00000031  c_w.l(libinit2.o)
    0x000002fc   0x00000002   Code   RO         1760    .ARM.Collect$$libshutdown$$00000000  c_w.l(libshutdown.o)
    0x000002fe   0x00000000   Code   RO         1774    .ARM.Collect$$libshutdown$$00000003  c_w.l(libshutdown2.o)
    0x000002fe   0x00000000   Code   RO         1777    .ARM.Collect$$libshutdown$$00000006  c_w.l(libshutdown2.o)
    0x000002fe   0x00000000   Code   RO         1780    .ARM.Collect$$libshutdown$$00000009  c_w.l(libshutdown2.o)
    0x000002fe   0x00000000   Code   RO         1782    .ARM.Collect$$libshutdown$$0000000B  c_w.l(libshutdown2.o)
    0x000002fe   0x00000000   Code   RO         1785    .ARM.Collect$$libshutdown$$0000000E  c_w.l(libshutdown2.o)
    0x000002fe   0x00000002   Code   RO         1786    .ARM.Collect$$libshutdown$$0000000F  c_w.l(libshutdown2.o)
    0x00000300   0x00000000   Code   RO         1667    .ARM.Collect$$rtentry$$00000000  c_w.l(rtentry.o)
    0x00000300   0x00000000   Code   RO         1669    .ARM.Collect$$rtentry$$00000002  c_w.l(rtentry2.o)
    0x00000300   0x00000006   Code   RO         1681    .ARM.Collect$$rtentry$$00000004  c_w.l(rtentry4.o)
    0x00000306   0x00000000   Code   RO         1671    .ARM.Collect$$rtentry$$00000009  c_w.l(rtentry2.o)
    0x00000306   0x00000004   Code   RO         1672    .ARM.Collect$$rtentry$$0000000A  c_w.l(rtentry2.o)
    0x0000030a   0x00000000   Code   RO         1674    .ARM.Collect$$rtentry$$0000000C  c_w.l(rtentry2.o)
    0x0000030a   0x00000008   Code   RO         1675    .ARM.Collect$$rtentry$$0000000D  c_w.l(rtentry2.o)
    0x00000312   0x00000002   Code   RO         1696    .ARM.Collect$$rtexit$$00000000  c_w.l(rtexit.o)
    0x00000314   0x00000000   Code   RO         1742    .ARM.Collect$$rtexit$$00000002  c_w.l(rtexit2.o)
    0x00000314   0x00000004   Code   RO         1743    .ARM.Collect$$rtexit$$00000003  c_w.l(rtexit2.o)
    0x00000318   0x00000006   Code   RO         1744    .ARM.Collect$$rtexit$$00000004  c_w.l(rtexit2.o)
    0x0000031e   0x00000002   PAD
    0x00000320   0x00000006   Code   RO         1332    .emb_text           st7735.o
    0x00000326   0x00000002   PAD
    0x00000328   0x00000030   Code   RO            4    .text               startup.o
    0x00000358   0x00000098   Code   RO         1617    .text               osasm.o
    0x000003f0   0x00000064   Code   RO         1659    .text               c_w.l(rt_memcpy_w.o)
    0x00000454   0x00000080   Code   RO         1661    .text               c_w.l(strcmpv7m.o)
    0x000004d4   0x00000006   Code   RO         1663    .text               c_w.l(heapauxi.o)
    0x000004da   0x0000004a   Code   RO         1683    .text               c_w.l(sys_stackheap_outer.o)
    0x00000524   0x0000000c   Code   RO         1685    .text               c_w.l(exit.o)
    0x00000530   0x00000008   Code   RO         1693    .text               c_w.l(libspace.o)
    0x00000538   0x0000000c   Code   RO         1752    .text               c_w.l(sys_exit.o)
    0x00000544   0x00000002   Code   RO         1763    .text               c_w.l(use_no_semi.o)
    0x00000546   0x00000000   Code   RO         1765    .text               c_w.l(indicate_semi.o)
    0x00000546   0x00000002   PAD
    0x00000548   0x00000034   Code   RO         1000    i.AddBlockedTCB_Sema4  os.o
    0x0000057c   0x0000003c   Code   RO         1002    i.Block             os.o
    0x000005b8   0x00000088   Code   RO           12    i.CS_Init           diskio.o
    0x00000640   0x00000044   Code   RO         1003    i.ChainTCB          os.o
    0x00000684   0x00000016   Code   RO         1333    i.Delay1ms          st7735.o
    0x0000069a   0x00000002   PAD
    0x0000069c   0x000000d4   Code   RO         1004    i.GPIOPortF_Handler  os.o
    0x00000770   0x00000090   Code   RO          721    i.Heap_Free         heap.o
    0x00000800   0x00000018   Code   RO          722    i.Heap_Init         heap.o
    0x00000818   0x00000054   Code   RO          723    i.Heap_Malloc       heap.o
    0x0000086c   0x00000014   Code   RO          459    i.IdleTask          sdcfile.o
    0x00000880   0x00000008   Code   RO         1620    i.Interpreter       interpreter.o
    0x00000888   0x00000018   Code   RO          518    i.LOADER_CLEAR      loader.o
    0x000008a0   0x0000001c   Code   RO          519    i.LOADER_OPEN_FOR_RD  loader.o
    0x000008bc   0x0000001e   Code   RO          520    i.LOADER_READ       loader.o
    0x000008da   0x00000002   PAD
    0x000008dc   0x0000003c   Code   RO         1621    i.LoadProgram       interpreter.o
    0x00000918   0x00000180   Code   RO         1006    i.OS_AddFirstThread  os.o
    0x00000a98   0x00000084   Code   RO         1008    i.OS_AddProcess     os.o
    0x00000b1c   0x0000019c   Code   RO         1011    i.OS_AddThread      os.o
    0x00000cb8   0x00000034   Code   RO         1014    i.OS_Fifo_Init      os.o
    0x00000cec   0x0000000c   Code   RO         1017    i.OS_Id             os.o
    0x00000cf8   0x000000d0   Code   RO         1018    i.OS_Init           os.o
    0x00000dc8   0x0000001a   Code   RO         1019    i.OS_InitSemaphore  os.o
    0x00000de2   0x00000002   PAD
    0x00000de4   0x00000064   Code   RO         1020    i.OS_Kill           os.o
    0x00000e48   0x00000016   Code   RO         1021    i.OS_Launch         os.o
    0x00000e5e   0x00000024   Code   RO         1026    i.OS_Signal         os.o
    0x00000e82   0x00000002   PAD
    0x00000e84   0x00000020   Code   RO         1027    i.OS_Sleep          os.o
    0x00000ea4   0x00000018   Code   RO         1028    i.OS_Suspend        os.o
    0x00000ebc   0x0000000c   Code   RO         1029    i.OS_Time           os.o
    0x00000ec8   0x00000012   Code   RO         1030    i.OS_TimeDifference  os.o
    0x00000eda   0x00000024   Code   RO         1031    i.OS_Wait           os.o
    0x00000efe   0x00000024   Code   RO         1032    i.OS_bSignal        os.o
    0x00000f22   0x00000024   Code   RO         1033    i.OS_bWait          os.o
    0x00000f46   0x00000010   Code   RO          831    i.OutCRLF           uart2.o
    0x00000f56   0x00000002   PAD
    0x00000f58   0x0000001c   Code   RO         1336    i.Output_Init       st7735.o
    0x00000f74   0x0000007c   Code   RO          444    i.PLL_Init          pll.o
    0x00000ff0   0x0000006c   Code   RO          460    i.PortD_Init        sdcfile.o
    0x0000105c   0x00000098   Code   RO          461    i.PortF_Init        sdcfile.o
    0x000010f4   0x0000000a   Code   RO         1034    i.RemoveBlockedTCB_sema4  os.o
    0x000010fe   0x00000002   PAD
    0x00001100   0x0000003c   Code   RO          832    i.RxFifo_Get        uart2.o
    0x0000113c   0x00000028   Code   RO          833    i.RxFifo_Init       uart2.o
    0x00001164   0x00000044   Code   RO          834    i.RxFifo_Put        uart2.o
    0x000011a8   0x00000018   Code   RO          835    i.RxFifo_Size       uart2.o
    0x000011c0   0x00000148   Code   RO           13    i.SSI0_Init         diskio.o
    0x00001308   0x00000018   Code   RO         1339    i.ST7735_Color565   st7735.o
    0x00001320   0x000000f4   Code   RO         1342    i.ST7735_DrawCharS  st7735.o
    0x00001414   0x00000048   Code   RO         1345    i.ST7735_DrawPixel  st7735.o
    0x0000145c   0x00000056   Code   RO         1346    i.ST7735_DrawString  st7735.o
    0x000014b2   0x00000002   PAD
    0x000014b4   0x000000ac   Code   RO         1347    i.ST7735_FillRect   st7735.o
    0x00001560   0x00000024   Code   RO         1348    i.ST7735_FillScreen  st7735.o
    0x00001584   0x0000007c   Code   RO         1350    i.ST7735_InitR      st7735.o
    0x00001600   0x0000003c   Code   RO         1352    i.ST7735_Message    st7735.o
    0x0000163c   0x00000056   Code   RO         1354    i.ST7735_OutString  st7735.o
    0x00001692   0x00000002   PAD
    0x00001694   0x00000050   Code   RO         1356    i.ST7735_OutUDec2   st7735.o
    0x000016e4   0x00000020   Code   RO         1365    i.ST7735_SetCursor  st7735.o
    0x00001704   0x00000034   Code   RO         1035    i.SW1_Debounce      os.o
    0x00001738   0x00000034   Code   RO         1037    i.SW2_Debounce      os.o
    0x0000176c   0x000000f0   Code   RO         1039    i.SetInitialStack   os.o
    0x0000185c   0x00000080   Code   RO         1040    i.SysTick_Handler   os.o
    0x000018dc   0x0000000c   Code   RO         1041    i.Timer0A_Handler   os.o
    0x000018e8   0x00000064   Code   RO         1042    i.Timer0A_Init      os.o
    0x0000194c   0x000000fc   Code   RO         1043    i.Timer1A_Handler   os.o
    0x00001a48   0x00000020   Code   RO         1045    i.Timer3A_Handler   os.o
    0x00001a68   0x00000068   Code   RO         1046    i.Timer3_MS         os.o
    0x00001ad0   0x000000fc   Code   RO         1047    i.Timer4A_Handler   os.o
    0x00001bcc   0x00000014   Code   RO           14    i.Timer5A_Handler   diskio.o
    0x00001be0   0x0000006c   Code   RO           15    i.Timer5_Init       diskio.o
    0x00001c4c   0x00000050   Code   RO          836    i.TxFifo_Get        uart2.o
    0x00001c9c   0x00000028   Code   RO          837    i.TxFifo_Init       uart2.o
    0x00001cc4   0x00000038   Code   RO          838    i.TxFifo_Put        uart2.o
    0x00001cfc   0x00000018   Code   RO          839    i.TxFifo_Size       uart2.o
    0x00001d14   0x00000058   Code   RO          840    i.UART0_Handler     uart2.o
    0x00001d6c   0x0000000c   Code   RO          842    i.UART_InChar       uart2.o
    0x00001d78   0x00000046   Code   RO          843    i.UART_InString     uart2.o
    0x00001dbe   0x0000004c   Code   RO          844    i.UART_InUDec       uart2.o
    0x00001e0a   0x00000002   PAD
    0x00001e0c   0x000000c4   Code   RO          846    i.UART_Init         uart2.o
    0x00001ed0   0x0000002c   Code   RO          847    i.UART_OutChar      uart2.o
    0x00001efc   0x00000018   Code   RO          849    i.UART_OutString    uart2.o
    0x00001f14   0x00000018   Code   RO         1049    i.UnBlock           os.o
    0x00001f2c   0x00000030   Code   RO         1050    i.UnchainTCB        os.o
    0x00001f5c   0x00000054   Code   RO         1051    i.WakeUpThreads     os.o
    0x00001fb0   0x00000058   Code   RO          522    i.addressOf         loader.o
    0x00002008   0x00000012   Code   RO          727    i.blockHeader       heap.o
    0x0000201a   0x00000012   Code   RO          728    i.blockRoom         heap.o
    0x0000202c   0x00000012   Code   RO          729    i.blockTrailer      heap.o
    0x0000203e   0x00000008   Code   RO          730    i.blockUnused       heap.o
    0x00002046   0x00000010   Code   RO          731    i.blockUsed         heap.o
    0x00002056   0x00000002   PAD
    0x00002058   0x00000090   Code   RO          148    i.check_fs          ff.o
    0x000020e8   0x00000018   Code   RO          149    i.chk_chr           ff.o
    0x00002100   0x0000001a   Code   RO          150    i.clust2sect        ff.o
    0x0000211a   0x00000002   PAD
    0x0000211c   0x00000144   Code   RO         1622    i.cmdLine_Start     interpreter.o
    0x00002260   0x00000056   Code   RO         1369    i.commandList       st7735.o
    0x000022b6   0x00000002   PAD
    0x000022b8   0x00000240   Code   RO         1370    i.commonInit        st7735.o
    0x000024f8   0x00000028   Code   RO          854    i.copyHardwareToSoftware  uart2.o
    0x00002520   0x0000002c   Code   RO          855    i.copySoftwareToHardware  uart2.o
    0x0000254c   0x000000d6   Code   RO          151    i.create_chain      ff.o
    0x00002622   0x00000002   PAD
    0x00002624   0x000001b4   Code   RO          152    i.create_name       ff.o
    0x000027d8   0x00000014   Code   RO           16    i.deselect          diskio.o
    0x000027ec   0x0000005c   Code   RO          153    i.dir_alloc         ff.o
    0x00002848   0x0000005c   Code   RO          154    i.dir_find          ff.o
    0x000028a4   0x0000010e   Code   RO          155    i.dir_next          ff.o
    0x000029b2   0x0000003a   Code   RO          157    i.dir_register      ff.o
    0x000029ec   0x0000009e   Code   RO          159    i.dir_sdi           ff.o
    0x00002a8a   0x00000002   PAD
    0x00002a8c   0x0000015c   Code   RO           17    i.disk_initialize   diskio.o
    0x00002be8   0x00000228   Code   RO           18    i.disk_ioctl        diskio.o
    0x00002e10   0x00000090   Code   RO           19    i.disk_read         diskio.o
    0x00002ea0   0x00000014   Code   RO           20    i.disk_status       diskio.o
    0x00002eb4   0x00000040   Code   RO           21    i.disk_timerproc    diskio.o
    0x00002ef4   0x000000b4   Code   RO           22    i.disk_write        diskio.o
    0x00002fa8   0x00000002   Code   RO          523    i.dumpData          loader.o
    0x00002faa   0x00000002   PAD
    0x00002fac   0x000000e8   Code   RO          524    i.exec_elf          loader.o
    0x00003094   0x00000020   Code   RO          162    i.f_close           ff.o
    0x000030b4   0x0000017e   Code   RO          167    i.f_lseek           ff.o
    0x00003232   0x00000002   PAD
    0x00003234   0x0000005c   Code   RO          170    i.f_mount           ff.o
    0x00003290   0x00000160   Code   RO          171    i.f_open            ff.o
    0x000033f0   0x0000019e   Code   RO          173    i.f_read            ff.o
    0x0000358e   0x00000002   PAD
    0x00003590   0x000000b0   Code   RO          178    i.f_sync            ff.o
    0x00003640   0x00000048   Code   RO         1373    i.fillmessage       st7735.o
    0x00003688   0x0000038c   Code   RO          183    i.find_volume       ff.o
    0x00003a14   0x000000b0   Code   RO          184    i.follow_path       ff.o
    0x00003ac4   0x0000000c   Code   RO          525    i.freeElf           loader.o
    0x00003ad0   0x00000010   Code   RO          526    i.freeSection       loader.o
    0x00003ae0   0x00000010   Code   RO          527    i.freeSegment       loader.o
    0x00003af0   0x00000028   Code   RO         1052    i.getProcess        os.o
    0x00003b18   0x000000f2   Code   RO          185    i.get_fat           ff.o
    0x00003c0a   0x0000004a   Code   RO          187    i.get_ldnumber      ff.o
    0x00003c54   0x0000001c   Code   RO          732    i.inHeapRange       heap.o
    0x00003c70   0x00000086   Code   RO          528    i.initElf           loader.o
    0x00003cf6   0x00000002   PAD
    0x00003cf8   0x00000028   Code   RO           23    i.init_spi          diskio.o
    0x00003d20   0x00000048   Code   RO          529    i.jumpTo            loader.o
    0x00003d68   0x00000020   Code   RO          188    i.ld_clust          ff.o
    0x00003d88   0x000000e8   Code   RO          530    i.loadProgram       loader.o
    0x00003e70   0x000000ec   Code   RO          531    i.loadSecData       loader.o
    0x00003f5c   0x000000f4   Code   RO          532    i.loadSegData       loader.o
    0x00004050   0x000000c8   Code   RO          533    i.loadSymbols       loader.o
    0x00004118   0x000000b0   Code   RO          462    i.main              sdcfile.o
    0x000041c8   0x00000030   Code   RO          733    i.markBlockUnused   heap.o
    0x000041f8   0x00000030   Code   RO          734    i.markBlockUsed     heap.o
    0x00004228   0x00000026   Code   RO          189    i.mem_cmp           ff.o
    0x0000424e   0x0000001a   Code   RO          190    i.mem_cpy           ff.o
    0x00004268   0x00000014   Code   RO          191    i.mem_set           ff.o
    0x0000427c   0x0000002e   Code   RO          735    i.mergeBlockWithBelow  heap.o
    0x000042aa   0x00000034   Code   RO          192    i.move_window       ff.o
    0x000042de   0x0000000e   Code   RO          736    i.nextBlockHeader   heap.o
    0x000042ec   0x00000084   Code   RO          534    i.placeDynamic      loader.o
    0x00004370   0x0000014c   Code   RO          535    i.placeInfo         loader.o
    0x000044bc   0x0000000c   Code   RO          737    i.previousBlockHeader  heap.o
    0x000044c8   0x00000042   Code   RO         1623    i.printFile         interpreter.o
    0x0000450a   0x00000012   Code   RO         1375    i.pushColor         st7735.o
    0x0000451c   0x00000146   Code   RO          193    i.put_fat           ff.o
    0x00004662   0x00000002   PAD
    0x00004664   0x00000048   Code   RO           24    i.rcvr_datablock    diskio.o
    0x000046ac   0x0000002c   Code   RO           25    i.rcvr_spi          diskio.o
    0x000046d8   0x00000018   Code   RO           26    i.rcvr_spi_multi    diskio.o
    0x000046f0   0x0000003e   Code   RO          536    i.readSecHeader     loader.o
    0x0000472e   0x0000003a   Code   RO          537    i.readSection       loader.o
    0x00004768   0x00000044   Code   RO          538    i.readSectionName   loader.o
    0x000047ac   0x0000003a   Code   RO          539    i.readSegHeader     loader.o
    0x000047e6   0x00000072   Code   RO          541    i.readSymbol        loader.o
    0x00004858   0x00000044   Code   RO          542    i.readSymbolName    loader.o
    0x0000489c   0x000000a6   Code   RO          543    i.relJmpCall        loader.o
    0x00004942   0x00000002   PAD
    0x00004944   0x000000c8   Code   RO          544    i.relocate          loader.o
    0x00004a0c   0x00000040   Code   RO          545    i.relocateProgram   loader.o
    0x00004a4c   0x00000084   Code   RO          546    i.relocateSection   loader.o
    0x00004ad0   0x00000048   Code   RO          547    i.relocateSections  loader.o
    0x00004b18   0x00000038   Code   RO          548    i.relocateSymbol    loader.o
    0x00004b50   0x0000006c   Code   RO          194    i.remove_chain      ff.o
    0x00004bbc   0x00000046   Code   RO          549    i.sectionOf         loader.o
    0x00004c02   0x00000002   PAD
    0x00004c04   0x00000030   Code   RO           27    i.select            diskio.o
    0x00004c34   0x00000096   Code   RO           28    i.send_cmd          diskio.o
    0x00004cca   0x00000002   PAD
    0x00004ccc   0x00000074   Code   RO         1376    i.setAddrWindow     st7735.o
    0x00004d40   0x0000004c   Code   RO          738    i.splitAndMarkBlockUsed  heap.o
    0x00004d8c   0x00000010   Code   RO          195    i.st_clust          ff.o
    0x00004d9c   0x000000c8   Code   RO          196    i.sync_fs           ff.o
    0x00004e64   0x00000052   Code   RO          197    i.sync_window       ff.o
    0x00004eb6   0x00000036   Code   RO          198    i.validate          ff.o
    0x00004eec   0x00000030   Code   RO           29    i.wait_ready        diskio.o
    0x00004f1c   0x0000004c   Code   RO         1377    i.writecommand      st7735.o
    0x00004f68   0x00000050   Code   RO         1378    i.writedata         st7735.o
    0x00004fb8   0x00000034   Code   RO           30    i.xchg_spi          diskio.o
    0x00004fec   0x0000004c   Code   RO           31    i.xmit_datablock    diskio.o
    0x00005038   0x0000002c   Code   RO           32    i.xmit_spi_multi    diskio.o
    0x00005064   0x00000045   Data   RO          553    .constdata          loader.o
    0x000050a9   0x000007e2   Data   RO         1380    .constdata          st7735.o
    0x0000588b   0x00000001   PAD
    0x0000588c   0x00000010   Data   RO         1625    .constdata          interpreter.o
    0x0000589c   0x0000000f   Data   RO         1626    .conststring        interpreter.o
    0x000058ab   0x00000001   PAD
    0x000058ac   0x00000020   Data   RO         1817    Region$$Table       anon$$obj.o


    Execution Region ER_RW (Base: 0x20000000, Size: 0x000000ec, Max: 0xffffffff, ABSOLUTE)

    Base Addr    Size         Type   Attr      Idx    E Section Name        Object

    0x20000000   0x0000000d   Data   RW           33    .data               diskio.o
    0x2000000d   0x00000003   PAD
    0x20000010   0x00000006   Data   RW          200    .data               ff.o
    0x20000016   0x00000002   PAD
    0x20000018   0x0000000c   Data   RW          466    .data               sdcfile.o
    0x20000024   0x00000020   Data   RW          857    .data               uart2.o
    0x20000044   0x00000074   Data   RW         1055    .data               os.o
    0x200000b8   0x00000034   Data   RW         1381    .data               st7735.o


    Execution Region ER_ZI (Base: 0x200000ec, Size: 0x00003ddc, Max: 0xffffffff, ABSOLUTE)

    Base Addr    Size         Type   Attr      Idx    E Section Name        Object

    0x200000ec   0x0000067c   Zero   RW          464    .bss                sdcfile.o
    0x20000768   0x000002a0   Zero   RW          552    .bss                loader.o
    0x20000a08   0x00001000   Zero   RW          739    .bss                heap.o
    0x20001a08   0x00000030   Zero   RW          856    .bss                uart2.o
    0x20001a38   0x0000200c   Zero   RW         1053    .bss                os.o
    0x20003a44   0x0000000c   Zero   RW         1379    .bss                st7735.o
    0x20003a50   0x00000014   Zero   RW         1624    .bss                interpreter.o
    0x20003a64   0x00000060   Zero   RW         1694    .bss                c_w.l(libspace.o)
    0x20003ac4   0x00000004   PAD
    0x20003ac8   0x00000000   Zero   RW            2    HEAP                startup.o
    0x20003ac8   0x00000400   Zero   RW            1    STACK               startup.o


==============================================================================

Image component sizes


      Code (inc. data)   RO Data    RW Data    ZI Data      Debug   Object Name

      2518        184          0         13          0      19929   diskio.o
      5316         56          0          6          0      28510   ff.o
       602         22          0          0       4096       9306   heap.o
       458        174         31          0         20       3068   interpreter.o
      3218        688         69          0        672      26265   loader.o
      3400        390          0        116       8204      24880   os.o
       152         12          0          0          0        312   osasm.o
       124          6          0          0          0        507   pll.o
       456         94          0         12       1660      13302   sdcfile.o
      2096        196       2018         52         12      18026   st7735.o
       692        632          0          0       1024       1092   startup.o
      1002        156          0         32         48      11122   uart2.o

    ----------------------------------------------------------------------
     20080       2610       2152        236      15736     156319   Object Totals
         0          0         32          0          0          0   (incl. Generated)
        46          0          2          5          0          0   (incl. Padding)

    ----------------------------------------------------------------------

      Code (inc. data)   RO Data    RW Data    ZI Data      Debug   Library Member Name

         8          0          0          0          0         68   __main.o
        52          8          0          0          0          0   __scatter.o
        26          0          0          0          0          0   __scatter_copy.o
        28          0          0          0          0          0   __scatter_zi.o
        12          0          0          0          0         72   exit.o
         6          0          0          0          0        152   heapauxi.o
         0          0          0          0          0          0   indicate_semi.o
         2          0          0          0          0          0   libinit.o
         2          0          0          0          0          0   libinit2.o
         2          0          0          0          0          0   libshutdown.o
         2          0          0          0          0          0   libshutdown2.o
         8          4          0          0         96         68   libspace.o
       100          0          0          0          0         80   rt_memcpy_w.o
         0          0          0          0          0          0   rtentry.o
        12          0          0          0          0          0   rtentry2.o
         6          0          0          0          0          0   rtentry4.o
         2          0          0          0          0          0   rtexit.o
        10          0          0          0          0          0   rtexit2.o
       128          0          0          0          0         68   strcmpv7m.o
        12          4          0          0          0         68   sys_exit.o
        74          0          0          0          0         80   sys_stackheap_outer.o
         2          0          0          0          0         68   use_no_semi.o

    ----------------------------------------------------------------------
       500         16          0          0        100        724   Library Totals
         6          0          0          0          4          0   (incl. Padding)

    ----------------------------------------------------------------------

      Code (inc. data)   RO Data    RW Data    ZI Data      Debug   Library Name

       494         16          0          0         96        724   c_w.l

    ----------------------------------------------------------------------
       500         16          0          0        100        724   Library Totals

    ----------------------------------------------------------------------

==============================================================================


      Code (inc. data)   RO Data    RW Data    ZI Data      Debug   

     20580       2626       2152        236      15836     147371   Grand Totals
     20580       2626       2152        236      15836     147371   ELF Image Totals
     20580       2626       2152        236          0          0   ROM Totals

==============================================================================

    Total RO  Size (Code + RO Data)                22732 (  22.20kB)
    Total RW  Size (RW Data + ZI Data)             16072 (  15.70kB)
    Total ROM Size (Code + RO Data + RW Data)      22968 (  22.43kB)

==============================================================================

