<html>
<body>
<pre>
<h1>µVision Build Log</h1>
<h2>Project:</h2>
C:\Users\oland\OneDrive - The University of Texas at Austin\Documents\UT\Spring2018\EE445M_Realtime_OS\EE445M\Lab5_Process Loading and Management\SDCFile.uvproj
Project File Date:  04/01/2018

<h2>Output:</h2>
Build target 'SDCFile'
linking...
Program Size: Code=14504 RO-data=2084 RW-data=272 ZI-data=10728  
".\SDCFile.axf" - 0 Error(s), 0 Warning(s).
Load "C:\\Users\\oland\\OneDrive - The University of Texas at Austin\\Documents\\UT\\Spring2018\\EE445M_Realtime_OS\\EE445M\\Lab5_Process Loading and Management\\SDCFile.axf" 
Connecting: Mode=JTAG, Speed=1000000Hz
Erase Done.
Programming Done.
Verify OK.
</pre>
</body>
</html>

r referenced
  static int readSegment(ELFExec_t *e, int n, Elf32_Phdr *h, size_t nlen) {
loader.c(274): warning:  #177-D: function "typeStr" was declared but never referenced
  static const char *typeStr(int symt) {
loader.c: 4 warnings, 0 errors
compiling heap.c...
compiling UART2.c...
compiling OS.c...
compiling ST7735.c...
ST7735.c(668): warning:  #223-D: function "CS_Init" declared implicitly
    CS_Init();
ST7735.c: 1 warning, 0 errors
assembling OSasm.s...
compiling Interpreter.c...
linking...
Program Size: Code=14476 RO-data=2084 RW-data=272 ZI-data=10728  
".\SDCFile.axf" - 0 Error(s), 5 Warning(s).
Load "C:\\Users\\oland\\OneDrive - The University of Texas at Austin\\Documents\\UT\\Spring2018\\EE445M_Realtime_OS\\EE445M\\Lab5_Process Loading and Management\\SDCFile.axf" 
Connecting: Mode=JTAG, Speed=1000000Hz
Erase Done.
Programming Done.
Verify OK.

Target not created
Load "C:\\Users\\oland\\OneDrive - The University of Texas at Austin\\Documents\\UT\\Spring2018\\EE445M_Realtime_OS\\EE445M\\Lab5_Process Loading and Management\\SDCFile.axf" 
_____^
*** error 56: cannot open file
Error: Flash Download failed  -  Could not load file 'C:\Users\oland\OneDrive - The University of Texas at Austin\Documents\UT\Spring2018\EE445M_Realtime_OS\EE445M\Lab5_Process Loading and Management\SDCFile.axf'
